
[1m[46m RUN [49m[22m [36mv4.1.1 [39m[90m/home/amorim/a7s/customer-portal[39m

[90mstderr[2m | src/providers/authProvider.test.ts
[22m[39m[vitest] The vi.fn() mock did not use 'function' or 'class' in its implementation, see https://vitest.dev/api/vi#vi-spyon for examples.

 [31m❯[39m src/providers/authProvider.test.ts [2m([22m[2m0 test[22m[2m)[22m
 [31m❯[39m src/providers/dataProvider.test.ts [2m([22m[2m0 test[22m[2m)[22m
Not implemented: Window's getComputedStyle() method: with pseudo-elements
 [31m❯[39m src/components/analysis/StatusIndicator.test.tsx [2m([22m[2m8 tests[22m[2m | [22m[31m1 failed[39m[2m)[22m[33m 881[2mms[22m[39m
     [33m[2m✓[22m[39m renders uploading status correctly [33m 520[2mms[22m[39m
[31m     [31m×[31m renders queued status correctly[39m[32m 73[2mms[22m[39m
     [32m✓[39m renders processing status correctly[32m 45[2mms[22m[39m
     [32m✓[39m renders completed status correctly[32m 33[2mms[22m[39m
     [32m✓[39m renders failed status correctly[32m 79[2mms[22m[39m
     [32m✓[39m renders without icon when showIcon is false[32m 31[2mms[22m[39m
     [32m✓[39m renders with small size prop[32m 22[2mms[22m[39m
     [32m✓[39m applies correct color for each status[32m 75[2mms[22m[39m
Not implemented: Window's getComputedStyle() method: with pseudo-elements
[90mstderr[2m | src/components/subscription/PaymentMethodManager.test.tsx[2m > [22m[2mPaymentMethodManager[2m > [22m[2mshould render payment methods list
[22m[39mWarning: [antd: Space] `direction` is deprecated. Please use `orientation` instead.
Warning: [antd: List] The `List` component is deprecated. And will be removed in next major version.

[90mstderr[2m | src/components/upload/FileUploader.test.tsx[2m > [22m[2mFileUploader[2m > [22m[2mshould render upload area
[22m[39mWarning: [antd: Space] `direction` is deprecated. Please use `orientation` instead.
Warning: [antd: Space] `direction` is deprecated. Please use `orientation` instead.
Warning: [antd: Alert] `message` is deprecated. Please use `title` instead.

Not implemented: Window's getComputedStyle() method: with pseudo-elements
 [32m✓[39m src/components/shared/AccessibleTable.test.tsx [2m([22m[2m3 tests[22m[2m)[22m[33m 1583[2mms[22m[39m
     [33m[2m✓[22m[39m renders table with caption [33m 1106[2mms[22m[39m
[90mstderr[2m | src/components/upload/FileUploader.test.tsx[2m > [22m[2mFileUploader[2m > [22m[2mshould display supported file types and size limit
[22m[39mWarning: [antd: Space] `direction` is deprecated. Please use `orientation` instead.
Warning: [antd: Space] `direction` is deprecated. Please use `orientation` instead.
Warning: [antd: Alert] `message` is deprecated. Please use `title` instead.

[90mstderr[2m | src/components/subscription/PaymentMethodManager.test.tsx[2m > [22m[2mPaymentMethodManager[2m > [22m[2mshould display default badge for default payment method
[22m[39mWarning: [antd: Space] `direction` is deprecated. Please use `orientation` instead.
Warning: [antd: List] The `List` component is deprecated. And will be removed in next major version.

[90mstderr[2m | src/components/layout/ThemedLayoutV2.test.tsx[2m > [22m[2mThemedLayoutV2[2m > [22m[2mrenders children correctly
[22m[39mWarning: [antd: Space] `direction` is deprecated. Please use `orientation` instead.

[90mstderr[2m | src/components/layout/ThemedLayoutV2.test.tsx[2m > [22m[2mThemedLayoutV2[2m > [22m[2mrenders children correctly
[22m[39mWarning: An update to ForwardRef inside a test was not wrapped in act(...).

When testing, code that causes React state updates should be wrapped into act(...):

act(() => {
  /* fire events that update state */
});
/* assert on the output */

This ensures that you're testing the behavior the user would see in the browser. Learn more at https://reactjs.org/link/wrap-tests-with-act
    at /home/amorim/a7s/customer-portal/node_modules/@rc-component/menu/lib/Menu.js:48:5
    at /home/amorim/a7s/customer-portal/node_modules/antd/lib/menu/menu.js:38:26
    at /home/amorim/a7s/customer-portal/node_modules/antd/lib/menu/index.js:19:37
    at nav
    at div
    at aside
    at /home/amorim/a7s/customer-portal/node_modules/antd/lib/layout/Sider.js:40:16
    at div
    at /home/amorim/a7s/customer-portal/node_modules/antd/lib/layout/layout.js:60:13
    at Layout
    at ThemedLayoutV2 (/home/amorim/a7s/customer-portal/src/components/layout/ThemedLayoutV2.tsx:30:27)
    at Router (file:///home/amorim/a7s/customer-portal/node_modules/react-router/dist/development/chunk-UVKPFVEO.mjs:6717:13)
    at BrowserRouter (file:///home/amorim/a7s/customer-portal/node_modules/react-router/dist/development/chunk-UVKPFVEO.mjs:9982:3)

[90mstderr[2m | src/components/upload/FileUploader.test.tsx[2m > [22m[2mFileUploader[2m > [22m[2mshould validate file before upload
[22m[39mWarning: [antd: Space] `direction` is deprecated. Please use `orientation` instead.
Warning: [antd: Space] `direction` is deprecated. Please use `orientation` instead.
Warning: [antd: Alert] `message` is deprecated. Please use `title` instead.

[90mstderr[2m | src/components/subscription/SubscriptionPlans.test.tsx[2m > [22m[2mSubscriptionPlans[2m > [22m[2mshould render plans after loading
[22m[39mWarning: [antd: List] The `List` component is deprecated. And will be removed in next major version.
Warning: [antd: List] The `List` component is deprecated. And will be removed in next major version.

[90mstderr[2m | src/components/subscription/PaymentMethodManager.test.tsx[2m > [22m[2mPaymentMethodManager[2m > [22m[2mshould show expiration dates
[22m[39mWarning: [antd: Space] `direction` is deprecated. Please use `orientation` instead.
Warning: [antd: List] The `List` component is deprecated. And will be removed in next major version.

[90mstderr[2m | src/components/subscription/SubscriptionManager.test.tsx[2m > [22m[2mSubscriptionManager[2m > [22m[2mshould render subscription details
[22m[39mWarning: [antd: Space] `direction` is deprecated. Please use `orientation` instead.

[90mstderr[2m | src/components/layout/ThemedLayoutV2.test.tsx[2m > [22m[2mThemedLayoutV2[2m > [22m[2mrenders breadcrumb navigation
[22m[39mWarning: [antd: Space] `direction` is deprecated. Please use `orientation` instead.

[90mstderr[2m | src/components/layout/ThemedLayoutV2.test.tsx[2m > [22m[2mThemedLayoutV2[2m > [22m[2mrenders breadcrumb navigation
[22m[39mWarning: An update to ForwardRef inside a test was not wrapped in act(...).

When testing, code that causes React state updates should be wrapped into act(...):

act(() => {
  /* fire events that update state */
});
/* assert on the output */

This ensures that you're testing the behavior the user would see in the browser. Learn more at https://reactjs.org/link/wrap-tests-with-act
    at /home/amorim/a7s/customer-portal/node_modules/@rc-component/menu/lib/Menu.js:48:5
    at /home/amorim/a7s/customer-portal/node_modules/antd/lib/menu/menu.js:38:26
    at /home/amorim/a7s/customer-portal/node_modules/antd/lib/menu/index.js:19:37
    at nav
    at div
    at aside
    at /home/amorim/a7s/customer-portal/node_modules/antd/lib/layout/Sider.js:40:16
    at div
    at /home/amorim/a7s/customer-portal/node_modules/antd/lib/layout/layout.js:60:13
    at Layout
    at ThemedLayoutV2 (/home/amorim/a7s/customer-portal/src/components/layout/ThemedLayoutV2.tsx:30:27)
    at Router (file:///home/amorim/a7s/customer-portal/node_modules/react-router/dist/development/chunk-UVKPFVEO.mjs:6717:13)
    at BrowserRouter (file:///home/amorim/a7s/customer-portal/node_modules/react-router/dist/development/chunk-UVKPFVEO.mjs:9982:3)

[90mstderr[2m | src/components/subscription/SubscriptionPlans.test.tsx[2m > [22m[2mSubscriptionPlans[2m > [22m[2mshould display plan details correctly
[22m[39mWarning: [antd: List] The `List` component is deprecated. And will be removed in next major version.
Warning: [antd: List] The `List` component is deprecated. And will be removed in next major version.

[90mstderr[2m | src/components/subscription/SubscriptionManager.test.tsx[2m > [22m[2mSubscriptionManager[2m > [22m[2mshould display formatted price correctly
[22m[39mWarning: [antd: Space] `direction` is deprecated. Please use `orientation` instead.

Not implemented: Window's getComputedStyle() method: with pseudo-elements
[90mstderr[2m | src/components/subscription/SubscriptionPlans.test.tsx[2m > [22m[2mSubscriptionPlans[2m > [22m[2mshould call onSelectPlan when plan is selected
[22m[39mWarning: [antd: List] The `List` component is deprecated. And will be removed in next major version.
Warning: [antd: List] The `List` component is deprecated. And will be removed in next major version.

[90mstderr[2m | src/components/layout/ThemedLayoutV2.test.tsx[2m > [22m[2mThemedLayoutV2[2m > [22m[2mrenders footer with copyright
[22m[39mWarning: [antd: Space] `direction` is deprecated. Please use `orientation` instead.

[90mstderr[2m | src/components/layout/ThemedLayoutV2.test.tsx[2m > [22m[2mThemedLayoutV2[2m > [22m[2mrenders footer with copyright
[22m[39mWarning: An update to ForwardRef inside a test was not wrapped in act(...).

When testing, code that causes React state updates should be wrapped into act(...):

act(() => {
  /* fire events that update state */
});
/* assert on the output */

This ensures that you're testing the behavior the user would see in the browser. Learn more at https://reactjs.org/link/wrap-tests-with-act
    at /home/amorim/a7s/customer-portal/node_modules/@rc-component/menu/lib/Menu.js:48:5
    at /home/amorim/a7s/customer-portal/node_modules/antd/lib/menu/menu.js:38:26
    at /home/amorim/a7s/customer-portal/node_modules/antd/lib/menu/index.js:19:37
    at nav
    at div
    at aside
    at /home/amorim/a7s/customer-portal/node_modules/antd/lib/layout/Sider.js:40:16
    at div
    at /home/amorim/a7s/customer-portal/node_modules/antd/lib/layout/layout.js:60:13
    at Layout
    at ThemedLayoutV2 (/home/amorim/a7s/customer-portal/src/components/layout/ThemedLayoutV2.tsx:30:27)
    at Router (file:///home/amorim/a7s/customer-portal/node_modules/react-router/dist/development/chunk-UVKPFVEO.mjs:6717:13)
    at BrowserRouter (file:///home/amorim/a7s/customer-portal/node_modules/react-router/dist/development/chunk-UVKPFVEO.mjs:9982:3)

[90mstderr[2m | src/components/upload/FileUploader.test.tsx[2m > [22m[2mFileUploader[2m > [22m[2mshould validate file before upload
[22m[39mWarning: [antd: Notification] `message` is deprecated. Please use `title` instead.

[90mstderr[2m | src/components/upload/FileUploader.test.tsx[2m > [22m[2mFileUploader[2m > [22m[2mshould upload valid file successfully
[22m[39mWarning: [antd: Space] `direction` is deprecated. Please use `orientation` instead.
Warning: [antd: Space] `direction` is deprecated. Please use `orientation` instead.
Warning: [antd: Alert] `message` is deprecated. Please use `title` instead.

[90mstderr[2m | src/components/layout/ThemedLayoutV2.test.tsx[2m > [22m[2mThemedLayoutV2[2m > [22m[2mrenders user identity information
[22m[39mWarning: [antd: Space] `direction` is deprecated. Please use `orientation` instead.

[90mstderr[2m | src/components/layout/ThemedLayoutV2.test.tsx[2m > [22m[2mThemedLayoutV2[2m > [22m[2mrenders user identity information
[22m[39mWarning: An update to ForwardRef inside a test was not wrapped in act(...).

When testing, code that causes React state updates should be wrapped into act(...):

act(() => {
  /* fire events that update state */
});
/* assert on the output */

This ensures that you're testing the behavior the user would see in the browser. Learn more at https://reactjs.org/link/wrap-tests-with-act
    at /home/amorim/a7s/customer-portal/node_modules/@rc-component/menu/lib/Menu.js:48:5
    at /home/amorim/a7s/customer-portal/node_modules/antd/lib/menu/menu.js:38:26
    at /home/amorim/a7s/customer-portal/node_modules/antd/lib/menu/index.js:19:37
    at nav
    at div
    at aside
    at /home/amorim/a7s/customer-portal/node_modules/antd/lib/layout/Sider.js:40:16
    at div
    at /home/amorim/a7s/customer-portal/node_modules/antd/lib/layout/layout.js:60:13
    at Layout
    at ThemedLayoutV2 (/home/amorim/a7s/customer-portal/src/components/layout/ThemedLayoutV2.tsx:30:27)
    at Router (file:///home/amorim/a7s/customer-portal/node_modules/react-router/dist/development/chunk-UVKPFVEO.mjs:6717:13)
    at BrowserRouter (file:///home/amorim/a7s/customer-portal/node_modules/react-router/dist/development/chunk-UVKPFVEO.mjs:9982:3)

Not implemented: Window's getComputedStyle() method: with pseudo-elements
[90mstderr[2m | src/components/layout/ThemedLayoutV2.test.tsx[2m > [22m[2mThemedLayoutV2[2m > [22m[2mrenders menu items
[22m[39mWarning: [antd: Space] `direction` is deprecated. Please use `orientation` instead.

[90mstderr[2m | src/components/layout/ThemedLayoutV2.test.tsx[2m > [22m[2mThemedLayoutV2[2m > [22m[2mrenders menu items
[22m[39mWarning: An update to ForwardRef inside a test was not wrapped in act(...).

When testing, code that causes React state updates should be wrapped into act(...):

act(() => {
  /* fire events that update state */
});
/* assert on the output */

This ensures that you're testing the behavior the user would see in the browser. Learn more at https://reactjs.org/link/wrap-tests-with-act
    at /home/amorim/a7s/customer-portal/node_modules/@rc-component/menu/lib/Menu.js:48:5
    at /home/amorim/a7s/customer-portal/node_modules/antd/lib/menu/menu.js:38:26
    at /home/amorim/a7s/customer-portal/node_modules/antd/lib/menu/index.js:19:37
    at nav
    at div
    at aside
    at /home/amorim/a7s/customer-portal/node_modules/antd/lib/layout/Sider.js:40:16
    at div
    at /home/amorim/a7s/customer-portal/node_modules/antd/lib/layout/layout.js:60:13
    at Layout
    at ThemedLayoutV2 (/home/amorim/a7s/customer-portal/src/components/layout/ThemedLayoutV2.tsx:30:27)
    at Router (file:///home/amorim/a7s/customer-portal/node_modules/react-router/dist/development/chunk-UVKPFVEO.mjs:6717:13)
    at BrowserRouter (file:///home/amorim/a7s/customer-portal/node_modules/react-router/dist/development/chunk-UVKPFVEO.mjs:9982:3)

 [32m✓[39m src/components/layout/ThemedLayoutV2.test.tsx [2m([22m[2m5 tests[22m[2m)[22m[33m 2002[2mms[22m[39m
     [33m[2m✓[22m[39m renders children correctly [33m 1268[2mms[22m[39m
[90mstderr[2m | src/components/upload/FileUploader.test.tsx[2m > [22m[2mFileUploader[2m > [22m[2mshould upload valid file successfully
[22m[39mWarning: [antd: Space] `direction` is deprecated. Please use `orientation` instead.
Warning: [antd: Space] `direction` is deprecated. Please use `orientation` instead.
Warning: [antd: Alert] `message` is deprecated. Please use `title` instead.
Warning: [antd: List] The `List` component is deprecated. And will be removed in next major version.
Warning: [antd: Space] `direction` is deprecated. Please use `orientation` instead.

[90mstderr[2m | src/components/upload/FileUploader.test.tsx[2m > [22m[2mFileUploader[2m > [22m[2mshould upload valid file successfully
[22m[39mWarning: [antd: Space] `direction` is deprecated. Please use `orientation` instead.
Warning: [antd: Space] `direction` is deprecated. Please use `orientation` instead.
Warning: [antd: Alert] `message` is deprecated. Please use `title` instead.
Warning: [antd: List] The `List` component is deprecated. And will be removed in next major version.
Warning: [antd: Space] `direction` is deprecated. Please use `orientation` instead.

[90mstderr[2m | src/components/subscription/PaymentMethodManager.test.tsx[2m > [22m[2mPaymentMethodManager[2m > [22m[2mshould render add payment method button
[22m[39mWarning: [antd: Space] `direction` is deprecated. Please use `orientation` instead.
Warning: [antd: List] The `List` component is deprecated. And will be removed in next major version.

[90mstderr[2m | src/components/upload/FileUploader.test.tsx[2m > [22m[2mFileUploader[2m > [22m[2mshould upload valid file successfully
[22m[39mWarning: [antd: Notification] `message` is deprecated. Please use `title` instead.
Warning: [antd: Space] `direction` is deprecated. Please use `orientation` instead.
Warning: [antd: Space] `direction` is deprecated. Please use `orientation` instead.
Warning: [antd: Alert] `message` is deprecated. Please use `title` instead.
Warning: [antd: List] The `List` component is deprecated. And will be removed in next major version.
Warning: [antd: Space] `direction` is deprecated. Please use `orientation` instead.

[90mstderr[2m | src/components/subscription/SubscriptionPlans.test.tsx[2m > [22m[2mSubscriptionPlans[2m > [22m[2mshould highlight current plan
[22m[39mWarning: [antd: List] The `List` component is deprecated. And will be removed in next major version.
Warning: [antd: List] The `List` component is deprecated. And will be removed in next major version.

 [32m✓[39m src/components/certificate/DownloadButton.test.tsx [2m([22m[2m10 tests[22m[2m)[22m[33m 2306[2mms[22m[39m
     [33m[2m✓[22m[39m should render download button with default props [33m 934[2mms[22m[39m
[90mstderr[2m | src/components/upload/FileUploader.test.tsx[2m > [22m[2mFileUploader[2m > [22m[2mshould display upload progress
[22m[39mWarning: [antd: Space] `direction` is deprecated. Please use `orientation` instead.
Warning: [antd: Space] `direction` is deprecated. Please use `orientation` instead.
Warning: [antd: Alert] `message` is deprecated. Please use `title` instead.

Not implemented: Window's getComputedStyle() method: with pseudo-elements
[90mstderr[2m | src/components/analysis/Dashboard.test.tsx[2m > [22m[2mDashboard[2m > [22m[2mdisplays loading state
[22m[39mWarning: [antd: Spin] `tip` is deprecated. Please use `description` instead.

Not implemented: Window's getComputedStyle() method: with pseudo-elements
[90mstderr[2m | src/components/upload/FileUploader.test.tsx[2m > [22m[2mFileUploader[2m > [22m[2mshould display upload progress
[22m[39mWarning: [antd: Space] `direction` is deprecated. Please use `orientation` instead.
Warning: [antd: Space] `direction` is deprecated. Please use `orientation` instead.
Warning: [antd: Alert] `message` is deprecated. Please use `title` instead.
Warning: [antd: List] The `List` component is deprecated. And will be removed in next major version.
Warning: [antd: Space] `direction` is deprecated. Please use `orientation` instead.

[90mstderr[2m | src/components/upload/FileUploader.test.tsx[2m > [22m[2mFileUploader[2m > [22m[2mshould display upload progress
[22m[39mWarning: [antd: Space] `direction` is deprecated. Please use `orientation` instead.
Warning: [antd: Space] `direction` is deprecated. Please use `orientation` instead.
Warning: [antd: Alert] `message` is deprecated. Please use `title` instead.
Warning: [antd: List] The `List` component is deprecated. And will be removed in next major version.
Warning: [antd: Space] `direction` is deprecated. Please use `orientation` instead.

[90mstderr[2m | src/components/analysis/Dashboard.test.tsx[2m > [22m[2mDashboard[2m > [22m[2mdisplays empty state when no analyses exist
[22m[39mWarning: [antd: Space] `direction` is deprecated. Please use `orientation` instead.
Warning: [antd: Space] `direction` is deprecated. Please use `orientation` instead.

[90mstderr[2m | src/components/subscription/PaymentMethodManager.test.tsx[2m > [22m[2mPaymentMethodManager[2m > [22m[2mshould open modal when add button is clicked
[22m[39mWarning: [antd: Space] `direction` is deprecated. Please use `orientation` instead.
Warning: [antd: List] The `List` component is deprecated. And will be removed in next major version.

[90mstderr[2m | src/components/upload/FileUploader.test.tsx[2m > [22m[2mFileUploader[2m > [22m[2mshould handle upload errors
[22m[39mWarning: [antd: Space] `direction` is deprecated. Please use `orientation` instead.
Warning: [antd: Space] `direction` is deprecated. Please use `orientation` instead.
Warning: [antd: Alert] `message` is deprecated. Please use `title` instead.

Not implemented: Window's getComputedStyle() method: with pseudo-elements
[90mstderr[2m | src/components/upload/FileUploader.test.tsx[2m > [22m[2mFileUploader[2m > [22m[2mshould handle upload errors
[22m[39mWarning: [antd: Notification] `message` is deprecated. Please use `title` instead.

[90mstderr[2m | src/components/subscription/SubscriptionManager.test.tsx[2m > [22m[2mSubscriptionManager[2m > [22m[2mshould display next billing date
[22m[39mWarning: [antd: Space] `direction` is deprecated. Please use `orientation` instead.

[90mstderr[2m | src/components/upload/FileUploader.test.tsx[2m > [22m[2mFileUploader[2m > [22m[2mshould handle upload errors
[22m[39mWarning: [antd: Space] `direction` is deprecated. Please use `orientation` instead.
Warning: [antd: Space] `direction` is deprecated. Please use `orientation` instead.
Warning: [antd: Alert] `message` is deprecated. Please use `title` instead.
Warning: [antd: List] The `List` component is deprecated. And will be removed in next major version.
Warning: [antd: Space] `direction` is deprecated. Please use `orientation` instead.
Warning: [antd: Notification] `message` is deprecated. Please use `title` instead.
Warning: [antd: Space] `direction` is deprecated. Please use `orientation` instead.
Warning: [antd: Space] `direction` is deprecated. Please use `orientation` instead.
Warning: [antd: Alert] `message` is deprecated. Please use `title` instead.
Warning: [antd: List] The `List` component is deprecated. And will be removed in next major version.
Warning: [antd: Space] `direction` is deprecated. Please use `orientation` instead.
Warning: [antd: Alert] `message` is deprecated. Please use `title` instead.

[90mstderr[2m | src/components/upload/FileUploader.test.tsx[2m > [22m[2mFileUploader[2m > [22m[2mshould allow retry on failed upload
[22m[39mWarning: [antd: Space] `direction` is deprecated. Please use `orientation` instead.
Warning: [antd: Space] `direction` is deprecated. Please use `orientation` instead.
Warning: [antd: Alert] `message` is deprecated. Please use `title` instead.

Not implemented: Window's getComputedStyle() method: with pseudo-elements
[90mstderr[2m | src/components/subscription/PaymentMethodManager.test.tsx[2m > [22m[2mPaymentMethodManager[2m > [22m[2mshould open modal when add button is clicked
[22m[39mWarning: [antd: Space] `direction` is deprecated. Please use `orientation` instead.
Warning: [antd: List] The `List` component is deprecated. And will be removed in next major version.
Warning: [antd: Space] `direction` is deprecated. Please use `orientation` instead.

Not implemented: Window's getComputedStyle() method: with pseudo-elements
[90mstderr[2m | src/components/analysis/Dashboard.test.tsx[2m > [22m[2mDashboard[2m > [22m[2mdisplays analyses in grid layout
[22m[39mWarning: [antd: Space] `direction` is deprecated. Please use `orientation` instead.
Warning: [antd: Space] `direction` is deprecated. Please use `orientation` instead.
Warning: [antd: Space] `direction` is deprecated. Please use `orientation` instead.

[90mstderr[2m | src/components/subscription/SubscriptionManager.test.tsx[2m > [22m[2mSubscriptionManager[2m > [22m[2mshould render cancel button for active subscription
[22m[39mWarning: [antd: Space] `direction` is deprecated. Please use `orientation` instead.

Not implemented: Window's getComputedStyle() method: with pseudo-elements
[90mstderr[2m | src/components/upload/FileUploader.test.tsx[2m > [22m[2mFileUploader[2m > [22m[2mshould allow retry on failed upload
[22m[39mWarning: [antd: Space] `direction` is deprecated. Please use `orientation` instead.
Warning: [antd: Space] `direction` is deprecated. Please use `orientation` instead.
Warning: [antd: Alert] `message` is deprecated. Please use `title` instead.
Warning: [antd: List] The `List` component is deprecated. And will be removed in next major version.
Warning: [antd: Space] `direction` is deprecated. Please use `orientation` instead.
Warning: [antd: Notification] `message` is deprecated. Please use `title` instead.
Warning: [antd: Space] `direction` is deprecated. Please use `orientation` instead.
Warning: [antd: Space] `direction` is deprecated. Please use `orientation` instead.
Warning: [antd: Alert] `message` is deprecated. Please use `title` instead.
Warning: [antd: List] The `List` component is deprecated. And will be removed in next major version.
Warning: [antd: Space] `direction` is deprecated. Please use `orientation` instead.
Warning: [antd: Alert] `message` is deprecated. Please use `title` instead.

[90mstderr[2m | src/components/analysis/Dashboard.test.tsx[2m > [22m[2mDashboard[2m > [22m[2mshows auto-refresh indicator when active analyses exist
[22m[39mWarning: [antd: Space] `direction` is deprecated. Please use `orientation` instead.
Warning: [antd: Space] `direction` is deprecated. Please use `orientation` instead.
Warning: [antd: Space] `direction` is deprecated. Please use `orientation` instead.

[90mstderr[2m | src/components/subscription/SubscriptionManager.test.tsx[2m > [22m[2mSubscriptionManager[2m > [22m[2mshould show confirmation modal when cancel is clicked
[22m[39mWarning: [antd: Space] `direction` is deprecated. Please use `orientation` instead.

[90mstderr[2m | src/components/analysis/Dashboard.test.tsx[2m > [22m[2mDashboard[2m > [22m[2mdoes not show auto-refresh indicator when no active analyses
[22m[39mWarning: [antd: Space] `direction` is deprecated. Please use `orientation` instead.
Warning: [antd: Space] `direction` is deprecated. Please use `orientation` instead.

 [32m✓[39m src/components/analysis/Dashboard.test.tsx [2m([22m[2m6 tests[22m[2m)[22m[33m 1404[2mms[22m[39m
     [33m[2m✓[22m[39m displays loading state [33m 414[2mms[22m[39m
     [33m[2m✓[22m[39m displays analyses in grid layout [33m 535[2mms[22m[39m
[90mstderr[2m | src/components/subscription/SubscriptionPlans.test.tsx[2m > [22m[2mSubscriptionPlans[2m > [22m[2mshould not allow selecting current plan
[22m[39mWarning: [antd: List] The `List` component is deprecated. And will be removed in next major version.
Warning: [antd: List] The `List` component is deprecated. And will be removed in next major version.

Not implemented: Window's getComputedStyle() method: with pseudo-elements
 [32m✓[39m src/components/certificate/CertificateList.test.tsx [2m([22m[2m8 tests[22m[2m)[22m[33m 3516[2mms[22m[39m
     [33m[2m✓[22m[39m should render certificate list with data [33m 1825[2mms[22m[39m
     [33m[2m✓[22m[39m should display file sizes correctly [33m 404[2mms[22m[39m
Not implemented: Window's getComputedStyle() method: with pseudo-elements
[90mstderr[2m | src/components/subscription/SubscriptionManager.test.tsx[2m > [22m[2mSubscriptionManager[2m > [22m[2mshould show confirmation modal when cancel is clicked
[22m[39mWarning: [antd: Space] `direction` is deprecated. Please use `orientation` instead.
Warning: [antd: Space] `direction` is deprecated. Please use `orientation` instead.
Warning: [antd: Alert] `message` is deprecated. Please use `title` instead.

[90mstderr[2m | src/components/upload/FileUploader.test.tsx[2m > [22m[2mFileUploader[2m > [22m[2mshould allow retry on failed upload
[22m[39mWarning: [antd: Space] `direction` is deprecated. Please use `orientation` instead.
Warning: [antd: Space] `direction` is deprecated. Please use `orientation` instead.
Warning: [antd: Alert] `message` is deprecated. Please use `title` instead.
Warning: [antd: List] The `List` component is deprecated. And will be removed in next major version.
Warning: [antd: Space] `direction` is deprecated. Please use `orientation` instead.

[90mstderr[2m | src/components/upload/FileUploader.test.tsx[2m > [22m[2mFileUploader[2m > [22m[2mshould allow retry on failed upload
[22m[39mWarning: [antd: Space] `direction` is deprecated. Please use `orientation` instead.
Warning: [antd: Space] `direction` is deprecated. Please use `orientation` instead.
Warning: [antd: Alert] `message` is deprecated. Please use `title` instead.
Warning: [antd: List] The `List` component is deprecated. And will be removed in next major version.
Warning: [antd: Space] `direction` is deprecated. Please use `orientation` instead.

[90mstderr[2m | src/components/subscription/PaymentMethodManager.test.tsx[2m > [22m[2mPaymentMethodManager[2m > [22m[2mshould handle adding new payment method
[22m[39mWarning: [antd: Space] `direction` is deprecated. Please use `orientation` instead.
Warning: [antd: List] The `List` component is deprecated. And will be removed in next major version.

[90mstderr[2m | src/components/upload/FileUploader.test.tsx[2m > [22m[2mFileUploader[2m > [22m[2mshould allow retry on failed upload
[22m[39mWarning: [antd: Notification] `message` is deprecated. Please use `title` instead.
Warning: [antd: Space] `direction` is deprecated. Please use `orientation` instead.
Warning: [antd: Space] `direction` is deprecated. Please use `orientation` instead.
Warning: [antd: Alert] `message` is deprecated. Please use `title` instead.
Warning: [antd: List] The `List` component is deprecated. And will be removed in next major version.
Warning: [antd: Space] `direction` is deprecated. Please use `orientation` instead.

 [31m❯[39m src/components/subscription/SubscriptionPlans.test.tsx [2m([22m[2m7 tests[22m[2m | [22m[31m1 failed[39m[2m)[22m[33m 3780[2mms[22m[39m
     [33m[2m✓[22m[39m should render loading state [33m 569[2mms[22m[39m
     [33m[2m✓[22m[39m should render plans after loading [33m 957[2mms[22m[39m
     [32m✓[39m should display plan details correctly[32m 182[2mms[22m[39m
     [33m[2m✓[22m[39m should call onSelectPlan when plan is selected [33m 545[2mms[22m[39m
[31m     [31m×[31m should highlight current plan[39m[33m 1140[2mms[22m[39m
     [33m[2m✓[22m[39m should not allow selecting current plan [33m 350[2mms[22m[39m
     [32m✓[39m should render empty state when no plans available[32m 33[2mms[22m[39m
[90mstderr[2m | src/components/upload/FileUploader.test.tsx[2m > [22m[2mFileUploader[2m > [22m[2mshould allow removing files from queue
[22m[39mWarning: [antd: Space] `direction` is deprecated. Please use `orientation` instead.
Warning: [antd: Space] `direction` is deprecated. Please use `orientation` instead.
Warning: [antd: Alert] `message` is deprecated. Please use `title` instead.

 [32m✓[39m src/utils/iconLoader.test.ts [2m([22m[2m8 tests[22m[2m)[22m[33m 1172[2mms[22m[39m
       [33m[2m✓[22m[39m should preload multiple icons [33m 1157[2mms[22m[39m
Not implemented: Window's getComputedStyle() method: with pseudo-elements
 [32m✓[39m src/components/subscription/PaymentForm.test.tsx [2m([22m[2m11 tests[22m[2m)[22m[33m 3834[2mms[22m[39m
     [33m[2m✓[22m[39m renders payment form with plan details [33m 1507[2mms[22m[39m
     [33m[2m✓[22m[39m displays submit button with correct styling and text [33m 572[2mms[22m[39m
     [33m[2m✓[22m[39m displays back to plans button [33m 318[2mms[22m[39m
     [33m[2m✓[22m[39m calls onCancel when back button is clicked [33m 384[2mms[22m[39m
     [33m[2m✓[22m[39m disables submit button when Stripe is not loaded [33m 316[2mms[22m[39m
 [32m✓[39m src/services/UploadService.test.ts [2m([22m[2m16 tests[22m[2m)[22m[33m 7045[2mms[22m[39m
       [33m[2m✓[22m[39m should retry on network failures [33m 3005[2mms[22m[39m
       [33m[2m✓[22m[39m should retry on 408 timeout errors [33m 1002[2mms[22m[39m
       [33m[2m✓[22m[39m should fail after max retries [33m 3002[2mms[22m[39m
[90mstderr[2m | src/components/subscription/PaymentMethodManager.test.tsx[2m > [22m[2mPaymentMethodManager[2m > [22m[2mshould handle adding new payment method
[22m[39mWarning: [antd: Space] `direction` is deprecated. Please use `orientation` instead.
Warning: [antd: List] The `List` component is deprecated. And will be removed in next major version.
Warning: [antd: Space] `direction` is deprecated. Please use `orientation` instead.

[90mstderr[2m | src/components/upload/FileUploader.test.tsx[2m > [22m[2mFileUploader[2m > [22m[2mshould allow removing files from queue
[22m[39mWarning: [antd: Space] `direction` is deprecated. Please use `orientation` instead.
Warning: [antd: Space] `direction` is deprecated. Please use `orientation` instead.
Warning: [antd: Alert] `message` is deprecated. Please use `title` instead.
Warning: [antd: List] The `List` component is deprecated. And will be removed in next major version.
Warning: [antd: Space] `direction` is deprecated. Please use `orientation` instead.

[90mstderr[2m | src/components/upload/FileUploader.test.tsx[2m > [22m[2mFileUploader[2m > [22m[2mshould allow removing files from queue
[22m[39mWarning: [antd: Space] `direction` is deprecated. Please use `orientation` instead.
Warning: [antd: Space] `direction` is deprecated. Please use `orientation` instead.
Warning: [antd: Alert] `message` is deprecated. Please use `title` instead.
Warning: [antd: List] The `List` component is deprecated. And will be removed in next major version.
Warning: [antd: Space] `direction` is deprecated. Please use `orientation` instead.

[90mstderr[2m | src/components/upload/FileUploader.test.tsx[2m > [22m[2mFileUploader[2m > [22m[2mshould allow removing files from queue
[22m[39mWarning: [antd: Notification] `message` is deprecated. Please use `title` instead.
Warning: [antd: Space] `direction` is deprecated. Please use `orientation` instead.
Warning: [antd: Space] `direction` is deprecated. Please use `orientation` instead.
Warning: [antd: Alert] `message` is deprecated. Please use `title` instead.
Warning: [antd: List] The `List` component is deprecated. And will be removed in next major version.
Warning: [antd: Space] `direction` is deprecated. Please use `orientation` instead.

Error: No QueryClient set, use QueryClientProvider to set one
    at useQueryClient (file:///home/amorim/a7s/customer-portal/node_modules/@refinedev/core/node_modules/@tanstack/react-query/build/lib/QueryClientProvider.mjs:35:11)
    at useInvalidate (file:///home/amorim/a7s/customer-portal/node_modules/@refinedev/core/dist/index.mjs:7:29643)
    at useForm (file:///home/amorim/a7s/customer-portal/node_modules/@refinedev/core/dist/index.mjs:15:375)
    at useForm (file:///home/amorim/a7s/customer-portal/node_modules/@refinedev/antd/dist/index.mjs:2:1035)
    at ProfileForm (/home/amorim/a7s/customer-portal/src/components/account/ProfileForm.tsx:12:50)
    at renderWithHooks (/home/amorim/a7s/customer-portal/node_modules/react-dom/cjs/react-dom.development.js:15486:18)
    at mountIndeterminateComponent (/home/amorim/a7s/customer-portal/node_modules/react-dom/cjs/react-dom.development.js:20103:13)
    at beginWork (/home/amorim/a7s/customer-portal/node_modules/react-dom/cjs/react-dom.development.js:21626:16)
    at HTMLUnknownElement.callCallback (/home/amorim/a7s/customer-portal/node_modules/react-dom/cjs/react-dom.development.js:4164:14)
    at HTMLUnknownElement.callTheUserObjectsOperation (/home/amorim/a7s/customer-portal/node_modules/jsdom/lib/jsdom/living/generated/EventListener.js:26:30)
Error: No QueryClient set, use QueryClientProvider to set one
    at useQueryClient (file:///home/amorim/a7s/customer-portal/node_modules/@refinedev/core/node_modules/@tanstack/react-query/build/lib/QueryClientProvider.mjs:35:11)
    at useInvalidate (file:///home/amorim/a7s/customer-portal/node_modules/@refinedev/core/dist/index.mjs:7:29643)
    at useForm (file:///home/amorim/a7s/customer-portal/node_modules/@refinedev/core/dist/index.mjs:15:375)
    at useForm (file:///home/amorim/a7s/customer-portal/node_modules/@refinedev/antd/dist/index.mjs:2:1035)
    at PasswordChangeForm (/home/amorim/a7s/customer-portal/src/components/account/PasswordChangeForm.tsx:20:50)
    at renderWithHooks (/home/amorim/a7s/customer-portal/node_modules/react-dom/cjs/react-dom.development.js:15486:18)
    at mountIndeterminateComponent (/home/amorim/a7s/customer-portal/node_modules/react-dom/cjs/react-dom.development.js:20103:13)
    at beginWork (/home/amorim/a7s/customer-portal/node_modules/react-dom/cjs/react-dom.development.js:21626:16)
    at HTMLUnknownElement.callCallback (/home/amorim/a7s/customer-portal/node_modules/react-dom/cjs/react-dom.development.js:4164:14)
    at HTMLUnknownElement.callTheUserObjectsOperation (/home/amorim/a7s/customer-portal/node_modules/jsdom/lib/jsdom/living/generated/EventListener.js:26:30)
Error: No QueryClient set, use QueryClientProvider to set one
    at useQueryClient (file:///home/amorim/a7s/customer-portal/node_modules/@refinedev/core/node_modules/@tanstack/react-query/build/lib/QueryClientProvider.mjs:35:11)
    at useInvalidate (file:///home/amorim/a7s/customer-portal/node_modules/@refinedev/core/dist/index.mjs:7:29643)
    at useForm (file:///home/amorim/a7s/customer-portal/node_modules/@refinedev/core/dist/index.mjs:15:375)
    at useForm (file:///home/amorim/a7s/customer-portal/node_modules/@refinedev/antd/dist/index.mjs:2:1035)
    at ProfileForm (/home/amorim/a7s/customer-portal/src/components/account/ProfileForm.tsx:12:50)
    at renderWithHooks (/home/amorim/a7s/customer-portal/node_modules/react-dom/cjs/react-dom.development.js:15486:18)
    at mountIndeterminateComponent (/home/amorim/a7s/customer-portal/node_modules/react-dom/cjs/react-dom.development.js:20103:13)
    at beginWork (/home/amorim/a7s/customer-portal/node_modules/react-dom/cjs/react-dom.development.js:21626:16)
    at HTMLUnknownElement.callCallback (/home/amorim/a7s/customer-portal/node_modules/react-dom/cjs/react-dom.development.js:4164:14)
    at HTMLUnknownElement.callTheUserObjectsOperation (/home/amorim/a7s/customer-portal/node_modules/jsdom/lib/jsdom/living/generated/EventListener.js:26:30)
Error: No QueryClient set, use QueryClientProvider to set one
    at useQueryClient (file:///home/amorim/a7s/customer-portal/node_modules/@refinedev/core/node_modules/@tanstack/react-query/build/lib/QueryClientProvider.mjs:35:11)
    at useInvalidate (file:///home/amorim/a7s/customer-portal/node_modules/@refinedev/core/dist/index.mjs:7:29643)
    at useForm (file:///home/amorim/a7s/customer-portal/node_modules/@refinedev/core/dist/index.mjs:15:375)
    at useForm (file:///home/amorim/a7s/customer-portal/node_modules/@refinedev/antd/dist/index.mjs:2:1035)
    at PasswordChangeForm (/home/amorim/a7s/customer-portal/src/components/account/PasswordChangeForm.tsx:20:50)
    at renderWithHooks (/home/amorim/a7s/customer-portal/node_modules/react-dom/cjs/react-dom.development.js:15486:18)
    at mountIndeterminateComponent (/home/amorim/a7s/customer-portal/node_modules/react-dom/cjs/react-dom.development.js:20103:13)
    at beginWork (/home/amorim/a7s/customer-portal/node_modules/react-dom/cjs/react-dom.development.js:21626:16)
    at HTMLUnknownElement.callCallback (/home/amorim/a7s/customer-portal/node_modules/react-dom/cjs/react-dom.development.js:4164:14)
    at HTMLUnknownElement.callTheUserObjectsOperation (/home/amorim/a7s/customer-portal/node_modules/jsdom/lib/jsdom/living/generated/EventListener.js:26:30)
[90mstderr[2m | src/components/account/AccountSettings.test.tsx[2m > [22m[2mAccountSettingsPage[2m > [22m[2mrenders account settings page with menu
[22m[39mWarning: [antd: Space] `direction` is deprecated. Please use `orientation` instead.
Warning: [antd: Space] `direction` is deprecated. Please use `orientation` instead.
The above error occurred in the <ProfileForm> component:

    at ProfileForm (/home/amorim/a7s/customer-portal/src/components/account/ProfileForm.tsx:9:67)
    at div
    at div
    at /home/amorim/a7s/customer-portal/node_modules/antd/lib/card/Card.js:46:16
    at div
    at Item (/home/amorim/a7s/customer-portal/node_modules/antd/lib/space/Item.js:16:5)
    at div
    at /home/amorim/a7s/customer-portal/node_modules/antd/lib/space/index.js:38:39
    at AccountSettingsPage

Consider adding an error boundary to your tree to customize error handling behavior.
Visit https://reactjs.org/link/error-boundaries to learn more about error boundaries.
The above error occurred in the <PasswordChangeForm> component:

    at PasswordChangeForm (/home/amorim/a7s/customer-portal/src/components/account/PasswordChangeForm.tsx:17:67)
    at div
    at div
    at /home/amorim/a7s/customer-portal/node_modules/antd/lib/card/Card.js:46:16
    at div
    at Item (/home/amorim/a7s/customer-portal/node_modules/antd/lib/space/Item.js:16:5)
    at div
    at /home/amorim/a7s/customer-portal/node_modules/antd/lib/space/index.js:38:39
    at AccountSettingsPage

Consider adding an error boundary to your tree to customize error handling behavior.
Visit https://reactjs.org/link/error-boundaries to learn more about error boundaries.

[90mstderr[2m | src/components/upload/FileUploader.test.tsx[2m > [22m[2mFileUploader[2m > [22m[2mshould allow removing files from queue
[22m[39mWarning: [antd: Space] `direction` is deprecated. Please use `orientation` instead.
Warning: [antd: Space] `direction` is deprecated. Please use `orientation` instead.
Warning: [antd: Alert] `message` is deprecated. Please use `title` instead.

[90mstderr[2m | src/components/upload/FileUploader.test.tsx[2m > [22m[2mFileUploader[2m > [22m[2mshould cancel upload when removing uploading file
[22m[39mWarning: [antd: Space] `direction` is deprecated. Please use `orientation` instead.
Warning: [antd: Space] `direction` is deprecated. Please use `orientation` instead.
Warning: [antd: Alert] `message` is deprecated. Please use `title` instead.

 [31m❯[39m src/components/account/AccountSettings.test.tsx [2m([22m[2m1 test[22m[2m | [22m[31m1 failed[39m[2m)[22m[33m 372[2mms[22m[39m
[31m     [31m×[31m renders account settings page with menu[39m[33m 367[2mms[22m[39m
[90mstderr[2m | src/components/subscription/PaymentMethodManager.test.tsx[2m > [22m[2mPaymentMethodManager[2m > [22m[2mshould handle adding new payment method
[22m[39mWarning: [antd: Space] `direction` is deprecated. Please use `orientation` instead.
Warning: [antd: List] The `List` component is deprecated. And will be removed in next major version.
Warning: [antd: Space] `direction` is deprecated. Please use `orientation` instead.

[90mstderr[2m | src/components/subscription/PaymentMethodManager.test.tsx[2m > [22m[2mPaymentMethodManager[2m > [22m[2mshould handle adding new payment method
[22m[39mWarning: [antd: Space] `direction` is deprecated. Please use `orientation` instead.
Warning: [antd: List] The `List` component is deprecated. And will be removed in next major version.

[90mstderr[2m | src/components/subscription/PaymentMethodManager.test.tsx[2m > [22m[2mPaymentMethodManager[2m > [22m[2mshould handle set default payment method
[22m[39mWarning: [antd: Space] `direction` is deprecated. Please use `orientation` instead.
Warning: [antd: List] The `List` component is deprecated. And will be removed in next major version.

[90mstderr[2m | src/components/upload/FileUploader.test.tsx[2m > [22m[2mFileUploader[2m > [22m[2mshould cancel upload when removing uploading file
[22m[39mWarning: [antd: Space] `direction` is deprecated. Please use `orientation` instead.
Warning: [antd: Space] `direction` is deprecated. Please use `orientation` instead.
Warning: [antd: Alert] `message` is deprecated. Please use `title` instead.
Warning: [antd: List] The `List` component is deprecated. And will be removed in next major version.
Warning: [antd: Space] `direction` is deprecated. Please use `orientation` instead.

[90mstderr[2m | src/components/upload/FileUploader.test.tsx[2m > [22m[2mFileUploader[2m > [22m[2mshould cancel upload when removing uploading file
[22m[39mWarning: [antd: Space] `direction` is deprecated. Please use `orientation` instead.
Warning: [antd: Space] `direction` is deprecated. Please use `orientation` instead.
Warning: [antd: Alert] `message` is deprecated. Please use `title` instead.
Warning: [antd: List] The `List` component is deprecated. And will be removed in next major version.
Warning: [antd: Space] `direction` is deprecated. Please use `orientation` instead.

[90mstderr[2m | src/components/upload/FileUploader.test.tsx[2m > [22m[2mFileUploader[2m > [22m[2mshould disable upload area while uploading
[22m[39mWarning: [antd: Space] `direction` is deprecated. Please use `orientation` instead.
Warning: [antd: Space] `direction` is deprecated. Please use `orientation` instead.
Warning: [antd: Alert] `message` is deprecated. Please use `title` instead.

[90mstderr[2m | src/components/subscription/SubscriptionManager.test.tsx[2m > [22m[2mSubscriptionManager[2m > [22m[2mshould handle subscription cancellation
[22m[39mWarning: [antd: Space] `direction` is deprecated. Please use `orientation` instead.

Not implemented: Window's getComputedStyle() method: with pseudo-elements
[90mstderr[2m | src/components/subscription/SubscriptionManager.test.tsx[2m > [22m[2mSubscriptionManager[2m > [22m[2mshould handle subscription cancellation
[22m[39mWarning: [antd: Space] `direction` is deprecated. Please use `orientation` instead.
Warning: [antd: Space] `direction` is deprecated. Please use `orientation` instead.
Warning: [antd: Alert] `message` is deprecated. Please use `title` instead.

[90mstderr[2m | src/components/upload/FileUploader.test.tsx[2m > [22m[2mFileUploader[2m > [22m[2mshould disable upload area while uploading
[22m[39mWarning: [antd: Space] `direction` is deprecated. Please use `orientation` instead.
Warning: [antd: Space] `direction` is deprecated. Please use `orientation` instead.
Warning: [antd: Alert] `message` is deprecated. Please use `title` instead.
Warning: [antd: List] The `List` component is deprecated. And will be removed in next major version.
Warning: [antd: Space] `direction` is deprecated. Please use `orientation` instead.

[90mstderr[2m | src/components/upload/FileUploader.test.tsx[2m > [22m[2mFileUploader[2m > [22m[2mshould disable upload area while uploading
[22m[39mWarning: [antd: Space] `direction` is deprecated. Please use `orientation` instead.
Warning: [antd: Space] `direction` is deprecated. Please use `orientation` instead.
Warning: [antd: Alert] `message` is deprecated. Please use `title` instead.
Warning: [antd: List] The `List` component is deprecated. And will be removed in next major version.
Warning: [antd: Space] `direction` is deprecated. Please use `orientation` instead.

[90mstderr[2m | src/components/account/ProfileForm.test.tsx[2m > [22m[2mProfileForm[2m > [22m[2mshould display error notification when profile load fails
[22m[39mWarning: [antd: Notification] `message` is deprecated. Please use `title` instead.

 [32m✓[39m src/components/upload/FileUploader.test.tsx [2m([22m[2m10 tests[22m[2m)[22m[33m 5030[2mms[22m[39m
     [33m[2m✓[22m[39m should render upload area [33m 994[2mms[22m[39m
     [33m[2m✓[22m[39m should validate file before upload [33m 614[2mms[22m[39m
     [33m[2m✓[22m[39m should upload valid file successfully [33m 421[2mms[22m[39m
     [33m[2m✓[22m[39m should display upload progress [33m 323[2mms[22m[39m
     [33m[2m✓[22m[39m should handle upload errors [33m 373[2mms[22m[39m
     [33m[2m✓[22m[39m should allow retry on failed upload [33m 701[2mms[22m[39m
     [33m[2m✓[22m[39m should allow removing files from queue [33m 679[2mms[22m[39m
     [33m[2m✓[22m[39m should cancel upload when removing uploading file [33m 315[2mms[22m[39m
     [33m[2m✓[22m[39m should disable upload area while uploading [33m 470[2mms[22m[39m
[90mstderr[2m | src/components/subscription/PaymentMethodManager.test.tsx[2m > [22m[2mPaymentMethodManager[2m > [22m[2mshould show confirmation modal when removing payment method
[22m[39mWarning: [antd: Space] `direction` is deprecated. Please use `orientation` instead.
Warning: [antd: List] The `List` component is deprecated. And will be removed in next major version.

 [32m✓[39m src/test/integration/auth.integration.test.tsx [2m([22m[2m6 tests[22m[2m)[22m[33m 552[2mms[22m[39m
       [33m[2m✓[22m[39m should call signInWithRedirect when sign in is triggered [33m 327[2mms[22m[39m
Not implemented: Window's getComputedStyle() method: with pseudo-elements
 [32m✓[39m src/hooks/useAnalysisNotifications.test.ts [2m([22m[2m7 tests[22m[2m)[22m[32m 88[2mms[22m[39m
[90mstderr[2m | src/components/subscription/SubscriptionManager.test.tsx[2m > [22m[2mSubscriptionManager[2m > [22m[2mshould display warning for subscription ending
[22m[39mWarning: [antd: Space] `direction` is deprecated. Please use `orientation` instead.
Warning: [antd: Alert] `message` is deprecated. Please use `title` instead.

 [32m✓[39m src/components/shared/EmptyState.test.tsx [2m([22m[2m5 tests[22m[2m)[22m[33m 946[2mms[22m[39m
     [33m[2m✓[22m[39m should render with default title [33m 360[2mms[22m[39m
[90mstderr[2m | src/components/subscription/SubscriptionManager.test.tsx[2m > [22m[2mSubscriptionManager[2m > [22m[2mshould render reactivate button for canceled subscription
[22m[39mWarning: [antd: Space] `direction` is deprecated. Please use `orientation` instead.
Warning: [antd: Alert] `message` is deprecated. Please use `title` instead.

 [32m✓[39m src/components/shared/OptimizedImage.test.tsx [2m([22m[2m5 tests[22m[2m)[22m[33m 708[2mms[22m[39m
     [33m[2m✓[22m[39m should render skeleton while image is loading [33m 397[2mms[22m[39m
 [32m✓[39m src/components/shared/SkipLinks.test.tsx [2m([22m[2m3 tests[22m[2m)[22m[32m 63[2mms[22m[39m
[90mstderr[2m | src/components/subscription/SubscriptionManager.test.tsx[2m > [22m[2mSubscriptionManager[2m > [22m[2mshould call onReactivate when reactivate button is clicked
[22m[39mWarning: [antd: Space] `direction` is deprecated. Please use `orientation` instead.
Warning: [antd: Alert] `message` is deprecated. Please use `title` instead.

[90mstderr[2m | src/components/subscription/SubscriptionManager.test.tsx[2m > [22m[2mSubscriptionManager[2m > [22m[2mshould render empty state when no subscription
[22m[39mWarning: [antd: Alert] `message` is deprecated. Please use `title` instead.

[90mstderr[2m | src/components/subscription/SubscriptionManager.test.tsx[2m > [22m[2mSubscriptionManager[2m > [22m[2mshould render empty state on error
[22m[39mWarning: [antd: Alert] `message` is deprecated. Please use `title` instead.

[90mstderr[2m | src/components/subscription/SubscriptionManager.test.tsx[2m > [22m[2mSubscriptionManager[2m > [22m[2mshould disable cancel button for already canceled subscription
[22m[39mWarning: [antd: Space] `direction` is deprecated. Please use `orientation` instead.

[90mstderr[2m | src/components/subscription/PaymentMethodManager.test.tsx[2m > [22m[2mPaymentMethodManager[2m > [22m[2mshould disable remove button for default payment method
[22m[39mWarning: [antd: Space] `direction` is deprecated. Please use `orientation` instead.
Warning: [antd: List] The `List` component is deprecated. And will be removed in next major version.

Error: Test error
    at ThrowError (/home/amorim/a7s/customer-portal/src/components/shared/ErrorBoundary.test.tsx:16:11)
    at renderWithHooks (/home/amorim/a7s/customer-portal/node_modules/react-dom/cjs/react-dom.development.js:15486:18)
    at mountIndeterminateComponent (/home/amorim/a7s/customer-portal/node_modules/react-dom/cjs/react-dom.development.js:20103:13)
    at beginWork (/home/amorim/a7s/customer-portal/node_modules/react-dom/cjs/react-dom.development.js:21626:16)
    at HTMLUnknownElement.callCallback (/home/amorim/a7s/customer-portal/node_modules/react-dom/cjs/react-dom.development.js:4164:14)
    at HTMLUnknownElement.callTheUserObjectsOperation (/home/amorim/a7s/customer-portal/node_modules/jsdom/lib/jsdom/living/generated/EventListener.js:26:30)
    at innerInvokeEventListeners (/home/amorim/a7s/customer-portal/node_modules/jsdom/lib/jsdom/living/events/EventTarget-impl.js:360:16)
    at invokeEventListeners (/home/amorim/a7s/customer-portal/node_modules/jsdom/lib/jsdom/living/events/EventTarget-impl.js:296:3)
    at HTMLUnknownElementImpl._dispatch (/home/amorim/a7s/customer-portal/node_modules/jsdom/lib/jsdom/living/events/EventTarget-impl.js:243:9)
    at HTMLUnknownElementImpl.dispatchEvent (/home/amorim/a7s/customer-portal/node_modules/jsdom/lib/jsdom/living/events/EventTarget-impl.js:114:17)
[90mstderr[2m | src/components/subscription/SubscriptionManager.test.tsx[2m > [22m[2mSubscriptionManager[2m > [22m[2mshould display correct status badge for different statuses
[22m[39mWarning: [antd: Space] `direction` is deprecated. Please use `orientation` instead.

 [32m✓[39m src/hooks/useAuthorization.test.ts [2m([22m[2m11 tests[22m[2m)[22m[32m 89[2mms[22m[39m
[90mstderr[2m | src/components/analysis/AnalysisCard.test.tsx[2m > [22m[2mAnalysisCard[2m > [22m[2mrenders analysis information correctly
[22m[39mWarning: [antd: Space] `direction` is deprecated. Please use `orientation` instead.

[90mstderr[2m | src/components/subscription/SubscriptionManager.test.tsx[2m > [22m[2mSubscriptionManager[2m > [22m[2mshould show loading state on cancel button during cancellation
[22m[39mWarning: [antd: Space] `direction` is deprecated. Please use `orientation` instead.

Not implemented: Window's getComputedStyle() method: with pseudo-elements
[90mstderr[2m | src/components/subscription/SubscriptionManager.test.tsx[2m > [22m[2mSubscriptionManager[2m > [22m[2mshould show loading state on cancel button during cancellation
[22m[39mWarning: [antd: Space] `direction` is deprecated. Please use `orientation` instead.
Warning: [antd: Space] `direction` is deprecated. Please use `orientation` instead.
Warning: [antd: Alert] `message` is deprecated. Please use `title` instead.

Error: Test error
    at ThrowError (/home/amorim/a7s/customer-portal/src/components/shared/ErrorBoundary.test.tsx:16:11)
    at renderWithHooks (/home/amorim/a7s/customer-portal/node_modules/react-dom/cjs/react-dom.development.js:15486:18)
    at mountIndeterminateComponent (/home/amorim/a7s/customer-portal/node_modules/react-dom/cjs/react-dom.development.js:20103:13)
    at beginWork (/home/amorim/a7s/customer-portal/node_modules/react-dom/cjs/react-dom.development.js:21626:16)
    at HTMLUnknownElement.callCallback (/home/amorim/a7s/customer-portal/node_modules/react-dom/cjs/react-dom.development.js:4164:14)
    at HTMLUnknownElement.callTheUserObjectsOperation (/home/amorim/a7s/customer-portal/node_modules/jsdom/lib/jsdom/living/generated/EventListener.js:26:30)
    at innerInvokeEventListeners (/home/amorim/a7s/customer-portal/node_modules/jsdom/lib/jsdom/living/events/EventTarget-impl.js:360:16)
    at invokeEventListeners (/home/amorim/a7s/customer-portal/node_modules/jsdom/lib/jsdom/living/events/EventTarget-impl.js:296:3)
    at HTMLUnknownElementImpl._dispatch (/home/amorim/a7s/customer-portal/node_modules/jsdom/lib/jsdom/living/events/EventTarget-impl.js:243:9)
    at HTMLUnknownElementImpl.dispatchEvent (/home/amorim/a7s/customer-portal/node_modules/jsdom/lib/jsdom/living/events/EventTarget-impl.js:114:17)
 [32m✓[39m src/components/account/ProfileForm.test.tsx [2m([22m[2m7 tests[22m[2m)[22m[33m 3781[2mms[22m[39m
     [33m[2m✓[22m[39m should render loading state initially [33m 411[2mms[22m[39m
     [33m[2m✓[22m[39m should load and display user profile [33m 915[2mms[22m[39m
     [33m[2m✓[22m[39m should display error notification when profile load fails [33m 340[2mms[22m[39m
     [33m[2m✓[22m[39m should have save changes button [33m 1442[2mms[22m[39m
[90mstderr[2m | src/components/analysis/AnalysisCard.test.tsx[2m > [22m[2mAnalysisCard[2m > [22m[2mdisplays progress bar for processing status
[22m[39mWarning: [antd: Space] `direction` is deprecated. Please use `orientation` instead.

Error: Test error
    at ThrowError (/home/amorim/a7s/customer-portal/src/components/shared/ErrorBoundary.test.tsx:16:11)
    at renderWithHooks (/home/amorim/a7s/customer-portal/node_modules/react-dom/cjs/react-dom.development.js:15486:18)
    at mountIndeterminateComponent (/home/amorim/a7s/customer-portal/node_modules/react-dom/cjs/react-dom.development.js:20103:13)
    at beginWork (/home/amorim/a7s/customer-portal/node_modules/react-dom/cjs/react-dom.development.js:21626:16)
    at HTMLUnknownElement.callCallback (/home/amorim/a7s/customer-portal/node_modules/react-dom/cjs/react-dom.development.js:4164:14)
    at HTMLUnknownElement.callTheUserObjectsOperation (/home/amorim/a7s/customer-portal/node_modules/jsdom/lib/jsdom/living/generated/EventListener.js:26:30)
    at innerInvokeEventListeners (/home/amorim/a7s/customer-portal/node_modules/jsdom/lib/jsdom/living/events/EventTarget-impl.js:360:16)
    at invokeEventListeners (/home/amorim/a7s/customer-portal/node_modules/jsdom/lib/jsdom/living/events/EventTarget-impl.js:296:3)
    at HTMLUnknownElementImpl._dispatch (/home/amorim/a7s/customer-portal/node_modules/jsdom/lib/jsdom/living/events/EventTarget-impl.js:243:9)
    at HTMLUnknownElementImpl.dispatchEvent (/home/amorim/a7s/customer-portal/node_modules/jsdom/lib/jsdom/living/events/EventTarget-impl.js:114:17)
[90mstderr[2m | src/components/analysis/AnalysisCard.test.tsx[2m > [22m[2mAnalysisCard[2m > [22m[2mdisplays completed date when analysis is complete
[22m[39mWarning: [antd: Space] `direction` is deprecated. Please use `orientation` instead.

Error: Test error
    at ThrowError (/home/amorim/a7s/customer-portal/src/components/shared/ErrorBoundary.test.tsx:16:11)
    at renderWithHooks (/home/amorim/a7s/customer-portal/node_modules/react-dom/cjs/react-dom.development.js:15486:18)
    at mountIndeterminateComponent (/home/amorim/a7s/customer-portal/node_modules/react-dom/cjs/react-dom.development.js:20103:13)
    at beginWork (/home/amorim/a7s/customer-portal/node_modules/react-dom/cjs/react-dom.development.js:21626:16)
    at HTMLUnknownElement.callCallback (/home/amorim/a7s/customer-portal/node_modules/react-dom/cjs/react-dom.development.js:4164:14)
    at HTMLUnknownElement.callTheUserObjectsOperation (/home/amorim/a7s/customer-portal/node_modules/jsdom/lib/jsdom/living/generated/EventListener.js:26:30)
    at innerInvokeEventListeners (/home/amorim/a7s/customer-portal/node_modules/jsdom/lib/jsdom/living/events/EventTarget-impl.js:360:16)
    at invokeEventListeners (/home/amorim/a7s/customer-portal/node_modules/jsdom/lib/jsdom/living/events/EventTarget-impl.js:296:3)
    at HTMLUnknownElementImpl._dispatch (/home/amorim/a7s/customer-portal/node_modules/jsdom/lib/jsdom/living/events/EventTarget-impl.js:243:9)
    at HTMLUnknownElementImpl.dispatchEvent (/home/amorim/a7s/customer-portal/node_modules/jsdom/lib/jsdom/living/events/EventTarget-impl.js:114:17)
[90mstderr[2m | src/components/analysis/AnalysisCard.test.tsx[2m > [22m[2mAnalysisCard[2m > [22m[2mdisplays error message for failed analysis
[22m[39mWarning: [antd: Space] `direction` is deprecated. Please use `orientation` instead.

[90mstderr[2m | src/components/subscription/StripeElementsWrapper.test.tsx[2m > [22m[2mStripeElementsWrapper[2m > [22m[2mshould show loading spinner initially
[22m[39mWarning: An update to StripeElementsWrapper inside a test was not wrapped in act(...).

When testing, code that causes React state updates should be wrapped into act(...):

act(() => {
  /* fire events that update state */
});
/* assert on the output */

This ensures that you're testing the behavior the user would see in the browser. Learn more at https://reactjs.org/link/wrap-tests-with-act
    at StripeElementsWrapper (/home/amorim/a7s/customer-portal/src/components/subscription/StripeElementsWrapper.tsx:17:34)
Warning: An update to StripeElementsWrapper inside a test was not wrapped in act(...).

When testing, code that causes React state updates should be wrapped into act(...):

act(() => {
  /* fire events that update state */
});
/* assert on the output */

This ensures that you're testing the behavior the user would see in the browser. Learn more at https://reactjs.org/link/wrap-tests-with-act
    at StripeElementsWrapper (/home/amorim/a7s/customer-portal/src/components/subscription/StripeElementsWrapper.tsx:17:34)

 [32m✓[39m src/components/shared/ErrorBoundary.test.tsx [2m([22m[2m3 tests[22m[2m)[22m[33m 722[2mms[22m[39m
     [33m[2m✓[22m[39m renders error UI when child component throws [33m 577[2mms[22m[39m
 [32m✓[39m src/components/shared/PageSkeleton.test.tsx [2m([22m[2m4 tests[22m[2m)[22m[33m 816[2mms[22m[39m
     [33m[2m✓[22m[39m should render list skeleton by default [33m 621[2mms[22m[39m
[90mstderr[2m | src/components/subscription/PaymentMethodManager.test.tsx[2m > [22m[2mPaymentMethodManager[2m > [22m[2mshould render empty state when no payment methods
[22m[39mWarning: [antd: Space] `direction` is deprecated. Please use `orientation` instead.
Warning: [antd: Alert] `message` is deprecated. Please use `title` instead.

 [32m✓[39m src/App.test.tsx [2m([22m[2m2 tests[22m[2m)[22m[33m 602[2mms[22m[39m
     [33m[2m✓[22m[39m renders without crashing [33m 535[2mms[22m[39m
[90mstderr[2m | src/components/subscription/SubscriptionManager.test.tsx[2m > [22m[2mSubscriptionManager[2m > [22m[2mshould use provided subscriptionId
[22m[39mWarning: [antd: Space] `direction` is deprecated. Please use `orientation` instead.

 [31m❯[39m src/components/subscription/SubscriptionManager.test.tsx [2m([22m[2m16 tests[22m[2m | [22m[31m4 failed[39m[2m)[22m[33m 7813[2mms[22m[39m
     [33m[2m✓[22m[39m should render loading state [33m 877[2mms[22m[39m
[31m     [31m×[31m should render subscription details[39m[33m 636[2mms[22m[39m
[31m     [31m×[31m should display formatted price correctly[39m[33m 1129[2mms[22m[39m
     [32m✓[39m should display next billing date[32m 110[2mms[22m[39m
     [33m[2m✓[22m[39m should render cancel button for active subscription [33m 360[2mms[22m[39m
[31m     [31m×[31m should show confirmation modal when cancel is clicked[39m[33m 1443[2mms[22m[39m
[31m     [31m×[31m should handle subscription cancellation[39m[33m 1456[2mms[22m[39m
     [32m✓[39m should display warning for subscription ending[32m 145[2mms[22m[39m
     [32m✓[39m should render reactivate button for canceled subscription[32m 272[2mms[22m[39m
     [32m✓[39m should call onReactivate when reactivate button is clicked[32m 267[2mms[22m[39m
     [32m✓[39m should render empty state when no subscription[32m 22[2mms[22m[39m
     [32m✓[39m should render empty state on error[32m 23[2mms[22m[39m
     [32m✓[39m should disable cancel button for already canceled subscription[32m 237[2mms[22m[39m
     [32m✓[39m should display correct status badge for different statuses[32m 79[2mms[22m[39m
     [33m[2m✓[22m[39m should show loading state on cancel button during cancellation [33m 620[2mms[22m[39m
     [32m✓[39m should use provided subscriptionId[32m 127[2mms[22m[39m
[90mstderr[2m | src/components/analysis/AnalysisCard.test.tsx[2m > [22m[2mAnalysisCard[2m > [22m[2mshows certificate button when certificate is available
[22m[39mWarning: [antd: Space] `direction` is deprecated. Please use `orientation` instead.

 [32m✓[39m src/components/subscription/StripeElementsWrapper.test.tsx [2m([22m[2m3 tests[22m[2m)[22m[33m 639[2mms[22m[39m
     [33m[2m✓[22m[39m should show loading spinner initially [33m 511[2mms[22m[39m
 [32m✓[39m src/hooks/useFocusManagement.test.ts [2m([22m[2m3 tests[22m[2m)[22m[32m 79[2mms[22m[39m
[90mstderr[2m | src/components/analysis/AnalysisCard.test.tsx[2m > [22m[2mAnalysisCard[2m > [22m[2mnavigates to details page when view button is clicked
[22m[39mWarning: [antd: Space] `direction` is deprecated. Please use `orientation` instead.

 [32m✓[39m src/hooks/usePerformanceMonitoring.test.ts [2m([22m[2m2 tests[22m[2m)[22m[32m 54[2mms[22m[39m
[90mstderr[2m | src/components/analysis/AnalysisCard.test.tsx[2m > [22m[2mAnalysisCard[2m > [22m[2mnavigates to certificate page when certificate button is clicked
[22m[39mWarning: [antd: Space] `direction` is deprecated. Please use `orientation` instead.

 [32m✓[39m src/routes/ErrorPage.test.tsx [2m([22m[2m2 tests[22m[2m)[22m[33m 786[2mms[22m[39m
     [33m[2m✓[22m[39m renders 500 error message [33m 656[2mms[22m[39m
[90mstderr[2m | src/components/analysis/AnalysisCard.test.tsx[2m > [22m[2mAnalysisCard[2m > [22m[2mformats file size correctly
[22m[39mWarning: [antd: Space] `direction` is deprecated. Please use `orientation` instead.

 [32m✓[39m src/components/analysis/AnalysisCard.test.tsx [2m([22m[2m8 tests[22m[2m)[22m[33m 1598[2mms[22m[39m
     [33m[2m✓[22m[39m renders analysis information correctly [33m 691[2mms[22m[39m
 [32m✓[39m src/utils/validation.test.ts [2m([22m[2m17 tests[22m[2m)[22m[32m 43[2mms[22m[39m
 [32m✓[39m src/services/SubscriptionService.test.ts [2m([22m[2m17 tests[22m[2m)[22m[32m 33[2mms[22m[39m
[90mstderr[2m | src/components/subscription/PaymentMethodManager.test.tsx[2m > [22m[2mPaymentMethodManager[2m > [22m[2mshould display error when Stripe is not initialized
[22m[39mWarning: [antd: Space] `direction` is deprecated. Please use `orientation` instead.
Warning: [antd: List] The `List` component is deprecated. And will be removed in next major version.

Not implemented: Window's getComputedStyle() method: with pseudo-elements
[90mstderr[2m | src/components/subscription/PaymentMethodManager.test.tsx[2m > [22m[2mPaymentMethodManager[2m > [22m[2mshould display error when Stripe is not initialized
[22m[39mWarning: [antd: Space] `direction` is deprecated. Please use `orientation` instead.
Warning: [antd: List] The `List` component is deprecated. And will be removed in next major version.
Warning: [antd: Space] `direction` is deprecated. Please use `orientation` instead.

[90mstderr[2m | src/utils/serviceWorkerRegistration.test.ts[2m > [22m[2mserviceWorkerRegistration[2m > [22m[2munregister[2m > [22m[2mshould not throw on errors
[22m[39mFailed

[90mstderr[2m | src/utils/serviceWorkerRegistration.test.ts[2m > [22m[2mserviceWorkerRegistration[2m > [22m[2mupdate[2m > [22m[2mshould not throw on errors
[22m[39mError updating service worker: Error: Failed
    at [90m/home/amorim/a7s/customer-portal/[39msrc/utils/serviceWorkerRegistration.test.ts:101:48
    at [90mfile:///home/amorim/a7s/customer-portal/[39mnode_modules/[4m@vitest[24m/runner/dist/chunk-artifact.js:302:11
    at [90mfile:///home/amorim/a7s/customer-portal/[39mnode_modules/[4m@vitest[24m/runner/dist/chunk-artifact.js:1893:26
    at [90mfile:///home/amorim/a7s/customer-portal/[39mnode_modules/[4m@vitest[24m/runner/dist/chunk-artifact.js:2316:20
    at new Promise (<anonymous>)
    at runWithCancel [90m(file:///home/amorim/a7s/customer-portal/[39mnode_modules/[4m@vitest[24m/runner/dist/chunk-artifact.js:2313:10[90m)[39m
    at [90mfile:///home/amorim/a7s/customer-portal/[39mnode_modules/[4m@vitest[24m/runner/dist/chunk-artifact.js:2295:20
    at new Promise (<anonymous>)
    at runWithTimeout [90m(file:///home/amorim/a7s/customer-portal/[39mnode_modules/[4m@vitest[24m/runner/dist/chunk-artifact.js:2262:10[90m)[39m
    at [90mfile:///home/amorim/a7s/customer-portal/[39mnode_modules/[4m@vitest[24m/runner/dist/chunk-artifact.js:2945:64

 [32m✓[39m src/utils/serviceWorkerRegistration.test.ts [2m([22m[2m6 tests[22m[2m)[22m[32m 19[2mms[22m[39m
 [32m✓[39m src/services/AuthService.test.ts [2m([22m[2m14 tests[22m[2m)[22m[32m 23[2mms[22m[39m
 [32m✓[39m src/providers/refineNotificationProvider.test.ts [2m([22m[2m5 tests[22m[2m)[22m[32m 17[2mms[22m[39m
 [32m✓[39m src/services/ErrorLoggingService.test.ts [2m([22m[2m3 tests[22m[2m)[22m[32m 8[2mms[22m[39m
 [32m✓[39m src/services/CertificateService.test.ts [2m([22m[2m12 tests[22m[2m)[22m[32m 14[2mms[22m[39m
 [32m✓[39m src/services/AnalysisService.test.ts [2m([22m[2m13 tests[22m[2m)[22m[32m 18[2mms[22m[39m
 [32m✓[39m src/services/AccountService.test.ts [2m([22m[2m17 tests[22m[2m)[22m[32m 19[2mms[22m[39m
 [32m✓[39m src/config/refine.test.ts [2m([22m[2m8 tests[22m[2m)[22m[32m 5[2mms[22m[39m
 [32m✓[39m src/components/shared/ConfirmModal.test.tsx [2m([22m[2m3 tests[22m[2m)[22m[32m 6[2mms[22m[39m
 [32m✓[39m src/components/account/PasswordChangeForm.test.tsx [2m([22m[2m7 tests[22m[2m)[22m[33m 6080[2mms[22m[39m
     [33m[2m✓[22m[39m should render password change form [33m 1248[2mms[22m[39m
     [33m[2m✓[22m[39m should render submit button [33m 638[2mms[22m[39m
     [33m[2m✓[22m[39m should submit form with valid password data [33m 3662[2mms[22m[39m
[90mstderr[2m | src/components/subscription/PaymentMethodManager.test.tsx[2m > [22m[2mPaymentMethodManager[2m > [22m[2mshould handle Stripe error when adding payment method
[22m[39mWarning: [antd: Space] `direction` is deprecated. Please use `orientation` instead.
Warning: [antd: List] The `List` component is deprecated. And will be removed in next major version.

Not implemented: Window's getComputedStyle() method: with pseudo-elements
[90mstderr[2m | src/components/subscription/PaymentMethodManager.test.tsx[2m > [22m[2mPaymentMethodManager[2m > [22m[2mshould handle Stripe error when adding payment method
[22m[39mWarning: [antd: Space] `direction` is deprecated. Please use `orientation` instead.
Warning: [antd: List] The `List` component is deprecated. And will be removed in next major version.
Warning: [antd: Space] `direction` is deprecated. Please use `orientation` instead.

[90mstderr[2m | src/components/subscription/PaymentMethodManager.test.tsx[2m > [22m[2mPaymentMethodManager[2m > [22m[2mshould handle Stripe error when adding payment method
[22m[39mWarning: [antd: Space] `direction` is deprecated. Please use `orientation` instead.
Warning: [antd: List] The `List` component is deprecated. And will be removed in next major version.
Warning: [antd: Space] `direction` is deprecated. Please use `orientation` instead.

[90mstderr[2m | src/components/subscription/PaymentMethodManager.test.tsx[2m > [22m[2mPaymentMethodManager[2m > [22m[2mshould handle Stripe error when adding payment method
[22m[39mWarning: [antd: Space] `direction` is deprecated. Please use `orientation` instead.
Warning: [antd: List] The `List` component is deprecated. And will be removed in next major version.
Warning: [antd: Space] `direction` is deprecated. Please use `orientation` instead.
Warning: [antd: Alert] `message` is deprecated. Please use `title` instead.

[90mstderr[2m | src/components/subscription/PaymentMethodManager.test.tsx[2m > [22m[2mPaymentMethodManager[2m > [22m[2mshould clear card element after successful add
[22m[39mWarning: [antd: Space] `direction` is deprecated. Please use `orientation` instead.
Warning: [antd: List] The `List` component is deprecated. And will be removed in next major version.

Not implemented: Window's getComputedStyle() method: with pseudo-elements
[90mstderr[2m | src/components/subscription/PaymentMethodManager.test.tsx[2m > [22m[2mPaymentMethodManager[2m > [22m[2mshould clear card element after successful add
[22m[39mWarning: [antd: Space] `direction` is deprecated. Please use `orientation` instead.
Warning: [antd: List] The `List` component is deprecated. And will be removed in next major version.
Warning: [antd: Space] `direction` is deprecated. Please use `orientation` instead.

[90mstderr[2m | src/components/subscription/PaymentMethodManager.test.tsx[2m > [22m[2mPaymentMethodManager[2m > [22m[2mshould clear card element after successful add
[22m[39mWarning: [antd: Space] `direction` is deprecated. Please use `orientation` instead.
Warning: [antd: List] The `List` component is deprecated. And will be removed in next major version.
Warning: [antd: Space] `direction` is deprecated. Please use `orientation` instead.

[90mstderr[2m | src/components/subscription/PaymentMethodManager.test.tsx[2m > [22m[2mPaymentMethodManager[2m > [22m[2mshould clear card element after successful add
[22m[39mWarning: [antd: Space] `direction` is deprecated. Please use `orientation` instead.
Warning: [antd: List] The `List` component is deprecated. And will be removed in next major version.

[90mstderr[2m | src/components/subscription/PaymentMethodManager.test.tsx[2m > [22m[2mPaymentMethodManager[2m > [22m[2mshould refetch payment methods after successful operations
[22m[39mWarning: [antd: Space] `direction` is deprecated. Please use `orientation` instead.
Warning: [antd: List] The `List` component is deprecated. And will be removed in next major version.

 [31m❯[39m src/components/subscription/PaymentMethodManager.test.tsx [2m([22m[2m15 tests[22m[2m | [22m[31m3 failed[39m[2m)[22m[33m 11950[2mms[22m[39m
     [33m[2m✓[22m[39m should render loading state [33m 406[2mms[22m[39m
     [33m[2m✓[22m[39m should render payment methods list [33m 739[2mms[22m[39m
     [32m✓[39m should display default badge for default payment method[32m 173[2mms[22m[39m
     [32m✓[39m should show expiration dates[32m 203[2mms[22m[39m
     [33m[2m✓[22m[39m should render add payment method button [33m 715[2mms[22m[39m
     [33m[2m✓[22m[39m should open modal when add button is clicked [33m 865[2mms[22m[39m
     [33m[2m✓[22m[39m should handle adding new payment method [33m 1478[2mms[22m[39m
     [33m[2m✓[22m[39m should handle set default payment method [33m 716[2mms[22m[39m
[31m     [31m×[31m should show confirmation modal when removing payment method[39m[33m 1749[2mms[22m[39m
[31m     [31m×[31m should disable remove button for default payment method[39m[33m 741[2mms[22m[39m
     [32m✓[39m should render empty state when no payment methods[32m 80[2mms[22m[39m
[31m     [31m×[31m should display error when Stripe is not initialized[39m[33m 2639[2mms[22m[39m
     [33m[2m✓[22m[39m should handle Stripe error when adding payment method [33m 595[2mms[22m[39m
     [33m[2m✓[22m[39m should clear card element after successful add [33m 596[2mms[22m[39m
     [32m✓[39m should refetch payment methods after successful operations[32m 250[2mms[22m[39m

[31m⎯⎯⎯⎯⎯⎯[39m[1m[41m Failed Suites 2 [49m[22m[31m⎯⎯⎯⎯⎯⎯⎯[39m

[41m[1m FAIL [22m[49m src/providers/authProvider.test.ts[2m [ src/providers/authProvider.test.ts ][22m
[31m[1mTypeError[22m: () => ({
    loginWithRedirect: vi.fn().mockResolvedValue(void 0),
    logout: __vite_ssr...<omitted>...}) is not a constructor[39m
[36m [2m❯[22m src/providers/authProvider.ts:[2m4:21[22m[39m
    [90m  2|[39m [35mimport[39m { [33mAuth0Client[39m } [35mfrom[39m [32m"@auth0/auth0-spa-js"[39m[33m;[39m
    [90m  3|[39m
    [90m  4|[39m [35mconst[39m auth0Client [33m=[39m [35mnew[39m [33mAuth0Client[39m({
    [90m   |[39m                     [31m^[39m
    [90m  5|[39m   domain[33m:[39m [35mimport[39m[33m.[39mmeta[33m.[39menv[33m.[39m[33mVITE_AUTH0_DOMAIN[39m [33m||[39m [32m"your-domain.auth0.com"[39m[33m,[39m
    [90m  6|[39m   clientId[33m:[39m [35mimport[39m[33m.[39mmeta[33m.[39menv[33m.[39m[33mVITE_AUTH0_CLIENT_ID[39m [33m||[39m [32m"your-client-id"[39m[33m,[39m
[90m [2m❯[22m src/providers/authProvider.test.ts:[2m2:1[22m[39m

[31m[2m⎯⎯⎯⎯⎯⎯⎯⎯⎯⎯⎯⎯⎯⎯⎯⎯⎯⎯⎯⎯⎯⎯⎯[1/12]⎯[22m[39m

[41m[1m FAIL [22m[49m src/providers/dataProvider.test.ts[2m [ src/providers/dataProvider.test.ts ][22m
[31m[1mTypeError[22m: Cannot read properties of undefined (reading 'interceptors')[39m
[36m [2m❯[22m createApiClient src/providers/apiProvider.ts:[2m19:9[22m[39m
    [90m 17|[39m
    [90m 18|[39m     [90m// Request interceptor - add auth token[39m
    [90m 19|[39m     api[33m.[39minterceptors[33m.[39mrequest[33m.[39m[34muse[39m(
    [90m   |[39m         [31m^[39m
    [90m 20|[39m         [35masync[39m (cfg) [33m=>[39m {
    [90m 21|[39m             [35mtry[39m {
[90m [2m❯[22m src/providers/apiProvider.ts:[2m54:20[22m[39m
[90m [2m❯[22m src/providers/dataProvider.ts:[2m2:1[22m[39m

[31m[2m⎯⎯⎯⎯⎯⎯⎯⎯⎯⎯⎯⎯⎯⎯⎯⎯⎯⎯⎯⎯⎯⎯⎯[2/12]⎯[22m[39m


[31m⎯⎯⎯⎯⎯⎯[39m[1m[41m Failed Tests 10 [49m[22m[31m⎯⎯⎯⎯⎯⎯⎯[39m

[41m[1m FAIL [22m[49m src/components/account/AccountSettings.test.tsx[2m > [22mAccountSettingsPage[2m > [22mrenders account settings page with menu
[31m[1mError[22m: No QueryClient set, use QueryClientProvider to set one[39m
[90m [2m❯[22m useQueryClient node_modules/@refinedev/core/node_modules/@tanstack/react-query/src/QueryClientProvider.tsx:[2m49:4[22m[39m
[90m [2m❯[22m useQueryClient node_modules/@refinedev/core/src/hooks/invalidate/index.tsx:[2m27:22[22m[39m
[90m [2m❯[22m useInvalidate node_modules/@refinedev/core/src/hooks/form/index.ts:[2m87:21[22m[39m
[90m [2m❯[22m useFormCore node_modules/@refinedev/antd/src/hooks/form/useForm.ts:[2m165:28[22m[39m
[36m [2m❯[22m ProfileForm src/components/account/ProfileForm.tsx:[2m12:50[22m[39m
    [90m 10|[39m     [35mconst[39m [loadingProfile[33m,[39m setLoadingProfile] [33m=[39m [34museState[39m([35mtrue[39m)[33m;[39m
    [90m 11|[39m
    [90m 12|[39m     const { formProps, saveButtonProps, form } = useForm<UpdateProfile…
    [90m   |[39m                                                  [31m^[39m
    [90m 13|[39m         action[33m:[39m [32m'edit'[39m[33m,[39m
    [90m 14|[39m         onMutationSuccess[33m:[39m () [33m=>[39m {
[90m [2m❯[22m renderWithHooks node_modules/react-dom/cjs/react-dom.development.js:[2m15486:18[22m[39m
[90m [2m❯[22m mountIndeterminateComponent node_modules/react-dom/cjs/react-dom.development.js:[2m20103:13[22m[39m
[90m [2m❯[22m beginWork node_modules/react-dom/cjs/react-dom.development.js:[2m21626:16[22m[39m
[90m [2m❯[22m beginWork$1 node_modules/react-dom/cjs/react-dom.development.js:[2m27465:14[22m[39m
[90m [2m❯[22m performUnitOfWork node_modules/react-dom/cjs/react-dom.development.js:[2m26599:12[22m[39m

[31m[2m⎯⎯⎯⎯⎯⎯⎯⎯⎯⎯⎯⎯⎯⎯⎯⎯⎯⎯⎯⎯⎯⎯⎯[3/12]⎯[22m[39m

[41m[1m FAIL [22m[49m src/components/analysis/StatusIndicator.test.tsx[2m > [22mStatusIndicator[2m > [22mrenders queued status correctly
[31m[1mTestingLibraryElementError[22m: Unable to find an element with the text: In Queue. This could be because the text is broken up by multiple elements. In this case, you can provide a function for your text matcher to make your matcher more flexible.

Ignored nodes: comments, script, style
[36m<body>[31m
  [36m<div>[31m
    [36m<span[31m
      [33mclass[31m=[32m"ant-tag ant-tag-filled ant-tag-default css-dev-only-do-not-override-151uw82 css-var-root"[31m
      [33mstyle[31m=[32m"font-size: 14px;"[31m
    [36m>[31m
      [36m<span[31m
        [33maria-label[31m=[32m"clock-circle"[31m
        [33mclass[31m=[32m"anticon anticon-clock-circle"[31m
        [33mrole[31m=[32m"img"[31m
      [36m>[31m
        [36m<svg[31m
          [33maria-hidden[31m=[32m"true"[31m
          [33mdata-icon[31m=[32m"clock-circle"[31m
          [33mfill[31m=[32m"currentColor"[31m
          [33mfocusable[31m=[32m"false"[31m
          [33mheight[31m=[32m"1em"[31m
          [33mviewBox[31m=[32m"64 64 896 896"[31m
          [33mwidth[31m=[32m"1em"[31m
        [36m>[31m
          [36m<path[31m
            [33md[31m=[32m"M512 64C264.6 64 64 264.6 64 512s200.6 448 448 448 448-200.6 448-448S759.4 64 512 64zm0 820c-205.4 0-372-166.6-372-372s166.6-372 372-372 372 166.6 372 372-166.6 372-372 372z"[31m
          [36m/>[31m
          [36m<path[31m
            [33md[31m=[32m"M686.7 638.6L544.1 535.5V288c0-4.4-3.6-8-8-8H488c-4.4 0-8 3.6-8 8v275.4c0 2.6 1.2 5 3.3 6.5l165.4 120.6c3.6 2.6 8.6 1.8 11.2-1.7l28.6-39c2.6-3.7 1.8-8.7-1.8-11.2z"[31m
          [36m/>[31m
        [36m</svg>[31m
      [36m</span>[31m
      [36m<span>[31m
        [0mQueued[0m
      [36m</span>[31m
    [36m</span>[31m
  [36m</div>[31m
[36m</body>[31m[39m
[90m [2m❯[22m Object.getElementError node_modules/@testing-library/dom/dist/config.js:[2m37:19[22m[39m
[90m [2m❯[22m node_modules/@testing-library/dom/dist/query-helpers.js:[2m76:38[22m[39m
[90m [2m❯[22m node_modules/@testing-library/dom/dist/query-helpers.js:[2m52:17[22m[39m
[90m [2m❯[22m node_modules/@testing-library/dom/dist/query-helpers.js:[2m95:19[22m[39m
[36m [2m❯[22m src/components/analysis/StatusIndicator.test.tsx:[2m14:19[22m[39m
    [90m 12|[39m   [34mit[39m([32m'renders queued status correctly'[39m[33m,[39m () [33m=>[39m {
    [90m 13|[39m     [34mrender[39m([33m<[39m[33mStatusIndicator[39m [33mstatus[39m[33m=[39m[32m"queued"[39m [33m/[39m[33m>[39m)[33m;[39m
    [90m 14|[39m     [34mexpect[39m(screen[33m.[39m[34mgetByText[39m([32m'In Queue'[39m))[33m.[39m[34mtoBeInTheDocument[39m()[33m;[39m
    [90m   |[39m                   [31m^[39m
    [90m 15|[39m   })[33m;[39m
    [90m 16|[39m

[31m[2m⎯⎯⎯⎯⎯⎯⎯⎯⎯⎯⎯⎯⎯⎯⎯⎯⎯⎯⎯⎯⎯⎯⎯[4/12]⎯[22m[39m

[41m[1m FAIL [22m[49m src/components/subscription/PaymentMethodManager.test.tsx[2m > [22mPaymentMethodManager[2m > [22mshould show confirmation modal when removing payment method
[31m[1mTestingLibraryElementError[22m[39m: Found multiple elements with the text: Remove Payment Method

Here are the matching elements:

Ignored nodes: comments, script, style
[36m<div[39m
  [33mclass[39m=[32m"ant-modal-title"[39m
  [33mid[39m=[32m"test-id"[39m
[36m>[39m
  [0mRemove Payment Method[0m
[36m</div>[39m

Ignored nodes: comments, script, style
[36m<span[39m
  [33mclass[39m=[32m"ant-modal-confirm-title"[39m
[36m>[39m
  [0mRemove Payment Method[0m
[36m</span>[39m

(If this is intentional, then use the `*AllBy*` variant of the query (like `queryAllByText`, `getAllByText`, or `findAllByText`)).

Ignored nodes: comments, script, style
[36m<body>[39m
  [36m<div>[39m
    [36m<div[39m
      [33mclass[39m=[32m"ant-card ant-card-bordered css-dev-only-do-not-override-151uw82 css-var-root"[39m
    [36m>[39m
      [36m<div[39m
        [33mclass[39m=[32m"ant-card-body"[39m
      [36m>[39m
        [36m<div[39m
          [33mclass[39m=[32m"ant-space css-dev-only-do-not-override-151uw82 ant-space-vertical ant-space-gap-row-large ant-space-gap-col-large css-var-root"[39m
          [33mstyle[39m=[32m"width: 100%;"[39m
        [36m>[39m
          [36m<div[39m
            [33mclass[39m=[32m"ant-space-item"[39m
          [36m>[39m
            [36m<div[39m
              [33mstyle[39m=[32m"display: flex; justify-content: space-between; align-items: center;"[39m
            [36m>[39m
              [36m<h4[39m
                [33mclass[39m=[32m"ant-typography css-dev-only-do-not-override-151uw82 css-var-root"[39m
              [36m>[39m
                [0mPayment Methods[0m
              [36m</h4>[39m
              [36m<button[39m
                [33mclass[39m=[32m"ant-btn css-dev-only-do-not-override-151uw82 css-var-root ant-btn-primary ant-btn-color-primary ant-btn-variant-solid"[39m
                [33mtype[39m=[32m"button"[39m
              [36m>[39m
                [36m<span[39m
                  [33mclass[39m=[32m"ant-btn-icon"[39m
                [36m>[39m
                  [36m<span[39m
                    [33maria-label[39m=[32m"plus"[39m
                    [33mclass[39m=[32m"anticon anticon-plus"[39m
                    [33mrole[39m=[32m"img"[39m
                  [36m>[39m
                    [36m<svg[39m
                      [33maria-hidden[39m=[32m"true"[39m
                      [33mdata-icon[39m=[32m"plus"[39m
                      [33mfill[39m=[32m"currentColor"[39m
                      [33mfocusable[39m=[32m"false"[39m
                      [33mheight[39m=[32m"1em"[39m
                      [33mviewBox[39m=[32m"64 64 896 896"[39m
                      [33mwidth[39m=[32m"1em"[39m
                    [36m>[39m
                      [36m<path[39m
                        [33md[39m=[32m"M482 152h60q8 0 8 8v704q0 8-8 8h-60q-8 0-8-8V160q0-8 8-8z"[39m
                      [36m/>[39m
                      [36m<path[39m
                        [33md[39m=[32m"M192 474h672q8 0 8 8v60q0 8-8 8H160q-8 0-8-8v-60q0-8 8-8z"[39m
                      [36m/>[39m
                    [36m</svg>[39m
                  [36m</span>[39m
                [36m</span>[39m
                [36m<span>[39m
                  [0mAdd Payment Method[0m
                [36m</span>[39m
              [36m</button>[39m
            [36m</div>[39m
          [36m</div>[39m
          [36m<div[39m
            [33mclass[39m=[32m"ant-space-item"[39m
          [36m>[39m
            [36m<div[39m
              [33mclass[39m=[32m"ant-list ant-list-split css-dev-only-do-not-override-151uw82 css-var-root"[39m
            [36m>[39m
              [36m<div[39m
                [33maria-busy[39m=[32m"false"[39m
                [33maria-live[39m=[32m"polite"[39m
                [33mclass[39m=[32m"ant-spin css-dev-only-do-not-override-151uw82 css-var-root"[39m
              [36m>[39m
                [36m<div[39m
                  [33mclass[39m=[32m"ant-spin-container"[39m
                [36m>[39m
                  [36m<ul[39m
                    [33mclass[39m=[32m"ant-list-items ant-list-container css-var-root"[39m
                  [36m>[39m
                    [36m<li[39m
                      [33mclass[39m=[32m"ant-list-item"[39m
                    [36m>[39m
                      [36m<div[39m
                        [33mclass[39m=[32m"ant-list-item-meta"[39m
                      [36m>[39m
                        [36m<div[39m
                          [33mclass[39m=[32m"ant-list-item-meta-avatar"[39m
                        [36m>[39m
                          [36m<span[39m
                            [33maria-label[39m=[32m"credit-card"[39m
                            [33mclass[39m=[32m"anticon anticon-credit-card"[39m
                            [33mrole[39m=[32m"img"[39m
                            [33mstyle[39m=[32m"font-size: 24px;"[39m
                          [36m>[39m
                            [36m<svg[39m
                              [33maria-hidden[39m=[32m"true"[39m
                              [33mdata-icon[39m=[32m"credit-card"[39m
                              [33mfill[39m=[32m"currentColor"[39m
                              [33mfocusable[39m=[32m"false"[39m
                              [33mheight[39m=[32m"1em"[39m
                              [33mviewBox[39m=[32m"64 64 896 896"[39m
                              [33mwidth[39m=[32m"1em"[39m
                            [36m>[39m
                              [36m<path[39m
                                [33md[39m=[32m"M928 160H96c-17.7 0-32 14.3-32 32v640c0 17.7 14.3 32 32 32h832c17.7 0 32-14.3 32-32V192c0-17.7-14.3-32-32-32zm-792 72h752v120H136V232zm752 560H136V440h752v352zm-237-64h165c4.4 0 8-3.6 8-8v-72c0-4.4-3.6-8-8-8H651c-4.4 0-8 3.6-8 8v72c0 4.4 3.6 8 8 8z"[39m
                              [36m/>[39m
                            [36m</svg>[39m
                          [36m</span>[39m
                        [36m</div>[39m
                        [36m<div[39m
                          [33mclass[39m=[32m"ant-list-item-meta-content"[39m
                        [36m>[39m
                          [36m<h4[39m
                            [33mclass[39m=[32m"ant-list-item-meta-title"[39m
                          [36m>[39m
                            [36m<div[39m
                              [33mclass[39m=[32m"ant-space css-dev-only-do-not-override-151uw82 ant-space-horizontal ant-space-align-center ant-space-gap-row-small ant-space-gap-col-small css-var-root"[39m
                            [36m>[39m
                              [36m<div[39m
                                [33mclass[39m=[32m"ant-space-item"[39m
                              [36m>[39m
                                [36m<span[39m
                                  [33mclass[39m=[32m"ant-typography css-dev-only-do-not-override-151uw82 css-var-root"[39m
                                [36m>[39m
                                  [36m<strong>[39m
                                    [0mVISA[0m
                                    [0m •••• [0m
                                    [0m4242[0m
                                  [36m</strong>[39m
                                [36m</span>[39m
                              [36m</div>[39m
                              [36m<div[39m
                                [33mclass[39m=[32m"ant-space-item"[39m
                              ...

Ignored nodes: comments, script, style
[36m<html>[39m
  [36m<head />[39m
  [36m<body>[39m
    [36m<div>[39m
      [36m<div[39m
        [33mclass[39m=[32m"ant-card ant-card-bordered css-dev-only-do-not-override-151uw82 css-var-root"[39m
      [36m>[39m
        [36m<div[39m
          [33mclass[39m=[32m"ant-card-body"[39m
        [36m>[39m
          [36m<div[39m
            [33mclass[39m=[32m"ant-space css-dev-only-do-not-override-151uw82 ant-space-vertical ant-space-gap-row-large ant-space-gap-col-large css-var-root"[39m
            [33mstyle[39m=[32m"width: 100%;"[39m
          [36m>[39m
            [36m<div[39m
              [33mclass[39m=[32m"ant-space-item"[39m
            [36m>[39m
              [36m<div[39m
                [33mstyle[39m=[32m"display: flex; justify-content: space-between; align-items: center;"[39m
              [36m>[39m
                [36m<h4[39m
                  [33mclass[39m=[32m"ant-typography css-dev-only-do-not-override-151uw82 css-var-root"[39m
                [36m>[39m
                  [0mPayment Methods[0m
                [36m</h4>[39m
                [36m<button[39m
                  [33mclass[39m=[32m"ant-btn css-dev-only-do-not-override-151uw82 css-var-root ant-btn-primary ant-btn-color-primary ant-btn-variant-solid"[39m
                  [33mtype[39m=[32m"button"[39m
                [36m>[39m
                  [36m<span[39m
                    [33mclass[39m=[32m"ant-btn-icon"[39m
                  [36m>[39m
                    [36m<span[39m
                      [33maria-label[39m=[32m"plus"[39m
                      [33mclass[39m=[32m"anticon anticon-plus"[39m
                      [33mrole[39m=[32m"img"[39m
                    [36m>[39m
                      [36m<svg[39m
                        [33maria-hidden[39m=[32m"true"[39m
                        [33mdata-icon[39m=[32m"plus"[39m
                        [33mfill[39m=[32m"currentColor"[39m
                        [33mfocusable[39m=[32m"false"[39m
                        [33mheight[39m=[32m"1em"[39m
                        [33mviewBox[39m=[32m"64 64 896 896"[39m
                        [33mwidth[39m=[32m"1em"[39m
                      [36m>[39m
                        [36m<path[39m
                          [33md[39m=[32m"M482 152h60q8 0 8 8v704q0 8-8 8h-60q-8 0-8-8V160q0-8 8-8z"[39m
                        [36m/>[39m
                        [36m<path[39m
                          [33md[39m=[32m"M192 474h672q8 0 8 8v60q0 8-8 8H160q-8 0-8-8v-60q0-8 8-8z"[39m
                        [36m/>[39m
                      [36m</svg>[39m
                    [36m</span>[39m
                  [36m</span>[39m
                  [36m<span>[39m
                    [0mAdd Payment Method[0m
                  [36m</span>[39m
                [36m</button>[39m
              [36m</div>[39m
            [36m</div>[39m
            [36m<div[39m
              [33mclass[39m=[32m"ant-space-item"[39m
            [36m>[39m
              [36m<div[39m
                [33mclass[39m=[32m"ant-list ant-list-split css-dev-only-do-not-override-151uw82 css-var-root"[39m
              [36m>[39m
                [36m<div[39m
                  [33maria-busy[39m=[32m"false"[39m
                  [33maria-live[39m=[32m"polite"[39m
                  [33mclass[39m=[32m"ant-spin css-dev-only-do-not-override-151uw82 css-var-root"[39m
                [36m>[39m
                  [36m<div[39m
                    [33mclass[39m=[32m"ant-spin-container"[39m
                  [36m>[39m
                    [36m<ul[39m
                      [33mclass[39m=[32m"ant-list-items ant-list-container css-var-root"[39m
                    [36m>[39m
                      [36m<li[39m
                        [33mclass[39m=[32m"ant-list-item"[39m
                      [36m>[39m
                        [36m<div[39m
                          [33mclass[39m=[32m"ant-list-item-meta"[39m
                        [36m>[39m
                          [36m<div[39m
                            [33mclass[39m=[32m"ant-list-item-meta-avatar"[39m
                          [36m>[39m
                            [36m<span[39m
                              [33maria-label[39m=[32m"credit-card"[39m
                              [33mclass[39m=[32m"anticon anticon-credit-card"[39m
                              [33mrole[39m=[32m"img"[39m
                              [33mstyle[39m=[32m"font-size: 24px;"[39m
                            [36m>[39m
                              [36m<svg[39m
                                [33maria-hidden[39m=[32m"true"[39m
                                [33mdata-icon[39m=[32m"credit-card"[39m
                                [33mfill[39m=[32m"currentColor"[39m
                                [33mfocusable[39m=[32m"false"[39m
                                [33mheight[39m=[32m"1em"[39m
                                [33mviewBox[39m=[32m"64 64 896 896"[39m
                                [33mwidth[39m=[32m"1em"[39m
                              [36m>[39m
                                [36m<path[39m
                                  [33md[39m=[32m"M928 160H96c-17.7 0-32 14.3-32 32v640c0 17.7 14.3 32 32 32h832c17.7 0 32-14.3 32-32V192c0-17.7-14.3-32-32-32zm-792 72h752v120H136V232zm752 560H136V440h752v352zm-237-64h165c4.4 0 8-3.6 8-8v-72c0-4.4-3.6-8-8-8H651c-4.4 0-8 3.6-8 8v72c0 4.4 3.6 8 8 8z"[39m
                                [36m/>[39m
                              [36m</svg>[39m
                            [36m</span>[39m
                          [36m</div>[39m
                          [36m<div[39m
                            [33mclass[39m=[32m"ant-list-item-meta-content"[39m
                          [36m>[39m
                            [36m<h4[39m
                              [33mclass[39m=[32m"ant-list-item-meta-title"[39m
                            [36m>[39m
                              [36m<div[39m
                                [33mclass[39m=[32m"ant-space css-dev-only-do-not-override-151uw82 ant-space-horizontal ant-space-align-center ant-space-gap-row-small ant-space-gap-col-small css-var-root"[39m
                              [36m>[39m
                                [36m<div[39m
                                  [33mclass[39m=[32m"ant-space-item"[39m
                                [36m>[39m
                                  [36m<span[39m
                                    [33mclass[39m=[32m"ant-typography css-dev-only-do-not-override-151uw82 css-var-root"[39m
                                  [36m>[39m
                                    [36m<strong>[39m
                                      [0mVISA[0m
                                      [0m •••• [0m
                                      [0m4242[0m
              ...
[90m [2m❯[22m Proxy.waitForWrapper node_modules/@testing-library/dom/dist/wait-for.js:[2m163:27[22m[39m
[36m [2m❯[22m src/components/subscription/PaymentMethodManager.test.tsx:[2m221:15[22m[39m
    [90m219|[39m         [35mawait[39m user[33m.[39m[34mclick[39m(removeButtons[[34m1[39m])[33m;[39m
    [90m220|[39m
    [90m221|[39m         [35mawait[39m [34mwaitFor[39m(() [33m=>[39m {
    [90m   |[39m               [31m^[39m
    [90m222|[39m             expect(screen.getByText('Remove Payment Method')).toBeInTh…
    [90m223|[39m         })[33m;[39m

[31m[2m⎯⎯⎯⎯⎯⎯⎯⎯⎯⎯⎯⎯⎯⎯⎯⎯⎯⎯⎯⎯⎯⎯⎯[5/12]⎯[22m[39m

[41m[1m FAIL [22m[49m src/components/subscription/PaymentMethodManager.test.tsx[2m > [22mPaymentMethodManager[2m > [22mshould disable remove button for default payment method
[31m[1mError[22m: [2mexpect([22m[31melement[31m[2m).toBeDisabled()[22m

Received element is not disabled:
  [31m<button
  class="ant-btn css-dev-only-do-not-override-151uw82 css-var-root ant-btn-primary ant-btn-dangerous ant-btn-color-dangerous ant-btn-variant-solid"
  type="button"
/>[31m[39m
[36m [2m❯[22m src/components/subscription/PaymentMethodManager.test.tsx:[2m236:34[22m[39m
    [90m234|[39m
    [90m235|[39m         const removeButtons = screen.getAllByRole('button', { name: /r…
    [90m236|[39m         [34mexpect[39m(removeButtons[[34m0[39m])[33m.[39m[34mtoBeDisabled[39m()[33m;[39m
    [90m   |[39m                                  [31m^[39m
    [90m237|[39m     })[33m;[39m
    [90m238|[39m

[31m[2m⎯⎯⎯⎯⎯⎯⎯⎯⎯⎯⎯⎯⎯⎯⎯⎯⎯⎯⎯⎯⎯⎯⎯[6/12]⎯[22m[39m

[41m[1m FAIL [22m[49m src/components/subscription/PaymentMethodManager.test.tsx[2m > [22mPaymentMethodManager[2m > [22mshould display error when Stripe is not initialized
[31m[1mTestingLibraryElementError[22m[39m: Unable to find an element with the text: Stripe is not initialized. Please refresh the page.. This could be because the text is broken up by multiple elements. In this case, you can provide a function for your text matcher to make your matcher more flexible.

Ignored nodes: comments, script, style
[36m<body>[39m
  [36m<div>[39m
    [36m<div[39m
      [33mclass[39m=[32m"ant-modal-root css-dev-only-do-not-override-151uw82 css-var-root ant-modal-css-var"[39m
    [36m>[39m
      [36m<div[39m
        [33mclass[39m=[32m"ant-modal-mask"[39m
        [33mstyle[39m=[32m"z-index: 2000;"[39m
      [36m/>[39m
      [36m<div[39m
        [33mclass[39m=[32m"ant-modal-wrap"[39m
        [33mstyle[39m=[32m"z-index: 2000;"[39m
      [36m>[39m
        [36m<div[39m
          [33maria-labelledby[39m=[32m"test-id"[39m
          [33maria-modal[39m=[32m"true"[39m
          [33mclass[39m=[32m"ant-modal css-dev-only-do-not-override-151uw82 ant-modal-confirm ant-modal-confirm-confirm"[39m
          [33mrole[39m=[32m"dialog"[39m
          [33mstyle[39m=[32m"width: 416px;"[39m
          [33mtabindex[39m=[32m"-1"[39m
        [36m>[39m
          [36m<div[39m
            [33mclass[39m=[32m"ant-modal-container"[39m
          [36m>[39m
            [36m<div[39m
              [33mclass[39m=[32m"ant-modal-header"[39m
            [36m>[39m
              [36m<div[39m
                [33mclass[39m=[32m"ant-modal-title"[39m
                [33mid[39m=[32m"test-id"[39m
              [36m>[39m
                [0mRemove Payment Method[0m
              [36m</div>[39m
            [36m</div>[39m
            [36m<div[39m
              [33mclass[39m=[32m"ant-modal-body"[39m
            [36m>[39m
              [36m<div[39m
                [33mclass[39m=[32m"ant-modal-confirm-body-wrapper"[39m
              [36m>[39m
                [36m<div[39m
                  [33mclass[39m=[32m"ant-modal-confirm-body ant-modal-confirm-body-has-title"[39m
                [36m>[39m
                  [36m<span[39m
                    [33maria-label[39m=[32m"exclamation-circle"[39m
                    [33mclass[39m=[32m"anticon anticon-exclamation-circle"[39m
                    [33mrole[39m=[32m"img"[39m
                  [36m>[39m
                    [36m<svg[39m
                      [33maria-hidden[39m=[32m"true"[39m
                      [33mdata-icon[39m=[32m"exclamation-circle"[39m
                      [33mfill[39m=[32m"currentColor"[39m
                      [33mfocusable[39m=[32m"false"[39m
                      [33mheight[39m=[32m"1em"[39m
                      [33mviewBox[39m=[32m"64 64 896 896"[39m
                      [33mwidth[39m=[32m"1em"[39m
                    [36m>[39m
                      [36m<path[39m
                        [33md[39m=[32m"M512 64C264.6 64 64 264.6 64 512s200.6 448 448 448 448-200.6 448-448S759.4 64 512 64zm-32 232c0-4.4 3.6-8 8-8h48c4.4 0 8 3.6 8 8v272c0 4.4-3.6 8-8 8h-48c-4.4 0-8-3.6-8-8V296zm32 440a48.01 48.01 0 010-96 48.01 48.01 0 010 96z"[39m
                      [36m/>[39m
                    [36m</svg>[39m
                  [36m</span>[39m
                  [36m<div[39m
                    [33mclass[39m=[32m"ant-modal-confirm-paragraph"[39m
                  [36m>[39m
                    [36m<span[39m
                      [33mclass[39m=[32m"ant-modal-confirm-title"[39m
                    [36m>[39m
                      [0mRemove Payment Method[0m
                    [36m</span>[39m
                    [36m<div[39m
                      [33mclass[39m=[32m"ant-modal-confirm-content"[39m
                    [36m>[39m
                      [0mAre you sure you want to remove this payment method?[0m
                    [36m</div>[39m
                  [36m</div>[39m
                [36m</div>[39m
                [36m<div[39m
                  [33mclass[39m=[32m"ant-modal-confirm-btns"[39m
                [36m>[39m
                  [36m<button[39m
                    [33mclass[39m=[32m"ant-btn css-dev-only-do-not-override-151uw82 css-var-root ant-btn-default ant-btn-color-default ant-btn-variant-outlined"[39m
                    [33mtype[39m=[32m"button"[39m
                  [36m>[39m
                    [36m<span>[39m
                      [0mCancel[0m
                    [36m</span>[39m
                  [36m</button>[39m
                  [36m<button[39m
                    [33mclass[39m=[32m"ant-btn css-dev-only-do-not-override-151uw82 css-var-root ant-btn-primary ant-btn-dangerous ant-btn-color-dangerous ant-btn-variant-solid"[39m
                    [33mtype[39m=[32m"button"[39m
                  [36m>[39m
                    [36m<span>[39m
                      [0mRemove[0m
                    [36m</span>[39m
                  [36m</button>[39m
                [36m</div>[39m
              [36m</div>[39m
            [36m</div>[39m
          [36m</div>[39m
        [36m</div>[39m
      [36m</div>[39m
    [36m</div>[39m
  [36m</div>[39m
  [36m<div>[39m
    [36m<div[39m
      [33mclass[39m=[32m"ant-card ant-card-bordered css-dev-only-do-not-override-151uw82 css-var-root"[39m
    [36m>[39m
      [36m<div[39m
        [33mclass[39m=[32m"ant-card-body"[39m
      [36m>[39m
        [36m<div[39m
          [33mclass[39m=[32m"ant-space css-dev-only-do-not-override-151uw82 ant-space-vertical ant-space-gap-row-large ant-space-gap-col-large css-var-root"[39m
          [33mstyle[39m=[32m"width: 100%;"[39m
        [36m>[39m
          [36m<div[39m
            [33mclass[39m=[32m"ant-space-item"[39m
          [36m>[39m
            [36m<div[39m
              [33mstyle[39m=[32m"display: flex; justify-content: space-between; align-items: center;"[39m
            [36m>[39m
              [36m<h4[39m
                [33mclass[39m=[32m"ant-typography css-dev-only-do-not-override-151uw82 css-var-root"[39m
              [36m>[39m
                [0mPayment Methods[0m
              [36m</h4>[39m
              [36m<button[39m
                [33mclass[39m=[32m"ant-btn css-dev-only-do-not-override-151uw82 css-var-root ant-btn-primary ant-btn-color-primary ant-btn-variant-solid"[39m
                [33mtype[39m=[32m"button"[39m
              [36m>[39m
                [36m<span[39m
                  [33mclass[39m=[32m"ant-btn-icon"[39m
                [36m>[39m
                  [36m<span[39m
                    [33maria-label[39m=[32m"plus"[39m
                    [33mclass[39m=[32m"anticon anticon-plus"[39m
                    [33mrole[39m=[32m"img"[39m
                  [36m>[39m
                    [36m<svg[39m
                      [33maria-hidden[39m=[32m"true"[39m
                      [33mdata-icon[39m=[32m"plus"[39m
                      [33mfill[39m=[32m"currentColor"[39m
                      [33mfocusable[39m=[32m"false"[39m
                      [33mheight[39m=[32m"1em"[39m
                      [33mviewBox[39m=[32m"64 64 896 896"[39m
                      [33mwidth[39m=[32m"1em"[39m
                 ...

Ignored nodes: comments, script, style
[36m<html>[39m
  [36m<head />[39m
  [36m<body>[39m
    [36m<div>[39m
      [36m<div[39m
        [33mclass[39m=[32m"ant-modal-root css-dev-only-do-not-override-151uw82 css-var-root ant-modal-css-var"[39m
      [36m>[39m
        [36m<div[39m
          [33mclass[39m=[32m"ant-modal-mask"[39m
          [33mstyle[39m=[32m"z-index: 2000;"[39m
        [36m/>[39m
        [36m<div[39m
          [33mclass[39m=[32m"ant-modal-wrap"[39m
          [33mstyle[39m=[32m"z-index: 2000;"[39m
        [36m>[39m
          [36m<div[39m
            [33maria-labelledby[39m=[32m"test-id"[39m
            [33maria-modal[39m=[32m"true"[39m
            [33mclass[39m=[32m"ant-modal css-dev-only-do-not-override-151uw82 ant-modal-confirm ant-modal-confirm-confirm"[39m
            [33mrole[39m=[32m"dialog"[39m
            [33mstyle[39m=[32m"width: 416px;"[39m
            [33mtabindex[39m=[32m"-1"[39m
          [36m>[39m
            [36m<div[39m
              [33mclass[39m=[32m"ant-modal-container"[39m
            [36m>[39m
              [36m<div[39m
                [33mclass[39m=[32m"ant-modal-header"[39m
              [36m>[39m
                [36m<div[39m
                  [33mclass[39m=[32m"ant-modal-title"[39m
                  [33mid[39m=[32m"test-id"[39m
                [36m>[39m
                  [0mRemove Payment Method[0m
                [36m</div>[39m
              [36m</div>[39m
              [36m<div[39m
                [33mclass[39m=[32m"ant-modal-body"[39m
              [36m>[39m
                [36m<div[39m
                  [33mclass[39m=[32m"ant-modal-confirm-body-wrapper"[39m
                [36m>[39m
                  [36m<div[39m
                    [33mclass[39m=[32m"ant-modal-confirm-body ant-modal-confirm-body-has-title"[39m
                  [36m>[39m
                    [36m<span[39m
                      [33maria-label[39m=[32m"exclamation-circle"[39m
                      [33mclass[39m=[32m"anticon anticon-exclamation-circle"[39m
                      [33mrole[39m=[32m"img"[39m
                    [36m>[39m
                      [36m<svg[39m
                        [33maria-hidden[39m=[32m"true"[39m
                        [33mdata-icon[39m=[32m"exclamation-circle"[39m
                        [33mfill[39m=[32m"currentColor"[39m
                        [33mfocusable[39m=[32m"false"[39m
                        [33mheight[39m=[32m"1em"[39m
                        [33mviewBox[39m=[32m"64 64 896 896"[39m
                        [33mwidth[39m=[32m"1em"[39m
                      [36m>[39m
                        [36m<path[39m
                          [33md[39m=[32m"M512 64C264.6 64 64 264.6 64 512s200.6 448 448 448 448-200.6 448-448S759.4 64 512 64zm-32 232c0-4.4 3.6-8 8-8h48c4.4 0 8 3.6 8 8v272c0 4.4-3.6 8-8 8h-48c-4.4 0-8-3.6-8-8V296zm32 440a48.01 48.01 0 010-96 48.01 48.01 0 010 96z"[39m
                        [36m/>[39m
                      [36m</svg>[39m
                    [36m</span>[39m
                    [36m<div[39m
                      [33mclass[39m=[32m"ant-modal-confirm-paragraph"[39m
                    [36m>[39m
                      [36m<span[39m
                        [33mclass[39m=[32m"ant-modal-confirm-title"[39m
                      [36m>[39m
                        [0mRemove Payment Method[0m
                      [36m</span>[39m
                      [36m<div[39m
                        [33mclass[39m=[32m"ant-modal-confirm-content"[39m
                      [36m>[39m
                        [0mAre you sure you want to remove this payment method?[0m
                      [36m</div>[39m
                    [36m</div>[39m
                  [36m</div>[39m
                  [36m<div[39m
                    [33mclass[39m=[32m"ant-modal-confirm-btns"[39m
                  [36m>[39m
                    [36m<button[39m
                      [33mclass[39m=[32m"ant-btn css-dev-only-do-not-override-151uw82 css-var-root ant-btn-default ant-btn-color-default ant-btn-variant-outlined"[39m
                      [33mtype[39m=[32m"button"[39m
                    [36m>[39m
                      [36m<span>[39m
                        [0mCancel[0m
                      [36m</span>[39m
                    [36m</button>[39m
                    [36m<button[39m
                      [33mclass[39m=[32m"ant-btn css-dev-only-do-not-override-151uw82 css-var-root ant-btn-primary ant-btn-dangerous ant-btn-color-dangerous ant-btn-variant-solid"[39m
                      [33mtype[39m=[32m"button"[39m
                    [36m>[39m
                      [36m<span>[39m
                        [0mRemove[0m
                      [36m</span>[39m
                    [36m</button>[39m
                  [36m</div>[39m
                [36m</div>[39m
              [36m</div>[39m
            [36m</div>[39m
          [36m</div>[39m
        [36m</div>[39m
      [36m</div>[39m
    [36m</div>[39m
    [36m<div>[39m
      [36m<div[39m
        [33mclass[39m=[32m"ant-card ant-card-bordered css-dev-only-do-not-override-151uw82 css-var-root"[39m
      [36m>[39m
        [36m<div[39m
          [33mclass[39m=[32m"ant-card-body"[39m
        [36m>[39m
          [36m<div[39m
            [33mclass[39m=[32m"ant-space css-dev-only-do-not-override-151uw82 ant-space-vertical ant-space-gap-row-large ant-space-gap-col-large css-var-root"[39m
            [33mstyle[39m=[32m"width: 100%;"[39m
          [36m>[39m
            [36m<div[39m
              [33mclass[39m=[32m"ant-space-item"[39m
            [36m>[39m
              [36m<div[39m
                [33mstyle[39m=[32m"display: flex; justify-content: space-between; align-items: center;"[39m
              [36m>[39m
                [36m<h4[39m
                  [33mclass[39m=[32m"ant-typography css-dev-only-do-not-override-151uw82 css-var-root"[39m
                [36m>[39m
                  [0mPayment Methods[0m
                [36m</h4>[39m
                [36m<button[39m
                  [33mclass[39m=[32m"ant-btn css-dev-only-do-not-override-151uw82 css-var-root ant-btn-primary ant-btn-color-primary ant-btn-variant-solid"[39m
                  [33mtype[39m=[32m"button"[39m
                [36m>[39m
                  [36m<span[39m
                    [33mclass[39m=[32m"ant-btn-icon"[39m
                  [36m>[39m
                    [36m<span[39m
                      [33maria-label[39m=[32m"plus"[39m
                      [33mclass[39m=[32m"anticon anticon-plus"[39m
                      [33mrole[39m=[32m"img"[39m
                    [36m>[39m
                      [36m<svg[39m
                        [33maria-hidden[39m=[32m"true"[39m
                        [33mdata-icon[39m=[32m"plus"...
[90m [2m❯[22m Proxy.waitForWrapper node_modules/@testing-library/dom/dist/wait-for.js:[2m163:27[22m[39m
[36m [2m❯[22m src/components/subscription/PaymentMethodManager.test.tsx:[2m271:15[22m[39m
    [90m269|[39m         [35mawait[39m user[33m.[39m[34mclick[39m(modalAddButton)[33m;[39m
    [90m270|[39m
    [90m271|[39m         [35mawait[39m [34mwaitFor[39m(() [33m=>[39m {
    [90m   |[39m               [31m^[39m
    [90m272|[39m             expect(screen.getByText('Stripe is not initialized. Please…
    [90m273|[39m         })[33m;[39m

[31m[2m⎯⎯⎯⎯⎯⎯⎯⎯⎯⎯⎯⎯⎯⎯⎯⎯⎯⎯⎯⎯⎯⎯⎯[7/12]⎯[22m[39m

[41m[1m FAIL [22m[49m src/components/subscription/SubscriptionManager.test.tsx[2m > [22mSubscriptionManager[2m > [22mshould render subscription details
[31m[1mTestingLibraryElementError[22m[39m: Found multiple elements with the text: $9.99

Here are the matching elements:

Ignored nodes: comments, script, style
[36m<strong>[39m
  [0m$9.99[0m
[36m</strong>[39m

Ignored nodes: comments, script, style
[36m<strong>[39m
  [0m$9.99[0m
[36m</strong>[39m

(If this is intentional, then use the `*AllBy*` variant of the query (like `queryAllByText`, `getAllByText`, or `findAllByText`)).

Ignored nodes: comments, script, style
[36m<body>[39m
  [36m<div>[39m
    [36m<div[39m
      [33mclass[39m=[32m"ant-card ant-card-bordered css-dev-only-do-not-override-151uw82 css-var-root"[39m
    [36m>[39m
      [36m<div[39m
        [33mclass[39m=[32m"ant-card-body"[39m
      [36m>[39m
        [36m<div[39m
          [33mclass[39m=[32m"ant-space css-dev-only-do-not-override-151uw82 ant-space-vertical ant-space-gap-row-large ant-space-gap-col-large css-var-root"[39m
          [33mstyle[39m=[32m"width: 100%;"[39m
        [36m>[39m
          [36m<div[39m
            [33mclass[39m=[32m"ant-space-item"[39m
          [36m>[39m
            [36m<div>[39m
              [36m<h4[39m
                [33mclass[39m=[32m"ant-typography css-dev-only-do-not-override-151uw82 css-var-root"[39m
              [36m>[39m
                [0mCurrent Subscription[0m
              [36m</h4>[39m
            [36m</div>[39m
          [36m</div>[39m
          [36m<div[39m
            [33mclass[39m=[32m"ant-space-item"[39m
          [36m>[39m
            [36m<div[39m
              [33mclass[39m=[32m"ant-descriptions ant-descriptions-bordered css-dev-only-do-not-override-151uw82 css-var-root"[39m
            [36m>[39m
              [36m<div[39m
                [33mclass[39m=[32m"ant-descriptions-view"[39m
              [36m>[39m
                [36m<table>[39m
                  [36m<tbody>[39m
                    [36m<tr[39m
                      [33mclass[39m=[32m"ant-descriptions-row"[39m
                    [36m>[39m
                      [36m<th[39m
                        [33mclass[39m=[32m"ant-descriptions-item-label"[39m
                        [33mcolspan[39m=[32m"1"[39m
                      [36m>[39m
                        [36m<span>[39m
                          [0mPlan[0m
                        [36m</span>[39m
                      [36m</th>[39m
                      [36m<td[39m
                        [33mclass[39m=[32m"ant-descriptions-item-content"[39m
                        [33mcolspan[39m=[32m"1"[39m
                      [36m>[39m
                        [36m<span>[39m
                          [36m<span[39m
                            [33mclass[39m=[32m"ant-typography css-dev-only-do-not-override-151uw82 css-var-root"[39m
                          [36m>[39m
                            [36m<strong>[39m
                              [0mBasic Plan[0m
                            [36m</strong>[39m
                          [36m</span>[39m
                        [36m</span>[39m
                      [36m</td>[39m
                    [36m</tr>[39m
                    [36m<tr[39m
                      [33mclass[39m=[32m"ant-descriptions-row"[39m
                    [36m>[39m
                      [36m<th[39m
                        [33mclass[39m=[32m"ant-descriptions-item-label"[39m
                        [33mcolspan[39m=[32m"1"[39m
                      [36m>[39m
                        [36m<span>[39m
                          [0mStatus[0m
                        [36m</span>[39m
                      [36m</th>[39m
                      [36m<td[39m
                        [33mclass[39m=[32m"ant-descriptions-item-content"[39m
                        [33mcolspan[39m=[32m"1"[39m
                      [36m>[39m
                        [36m<span>[39m
                          [36m<span[39m
                            [33mclass[39m=[32m"ant-badge ant-badge-status ant-badge-not-a-wrapper css-dev-only-do-not-override-151uw82 css-var-root"[39m
                          [36m>[39m
                            [36m<span[39m
                              [33mclass[39m=[32m"ant-badge-status-dot ant-badge-status-success"[39m
                            [36m/>[39m
                            [36m<span[39m
                              [33mclass[39m=[32m"ant-badge-status-text"[39m
                            [36m>[39m
                              [0mActive[0m
                            [36m</span>[39m
                          [36m</span>[39m
                        [36m</span>[39m
                      [36m</td>[39m
                    [36m</tr>[39m
                    [36m<tr[39m
                      [33mclass[39m=[32m"ant-descriptions-row"[39m
                    [36m>[39m
                      [36m<th[39m
                        [33mclass[39m=[32m"ant-descriptions-item-label"[39m
                        [33mcolspan[39m=[32m"1"[39m
                      [36m>[39m
                        [36m<span>[39m
                          [0mAmount[0m
                        [36m</span>[39m
                      [36m</th>[39m
                      [36m<td[39m
                        [33mclass[39m=[32m"ant-descriptions-item-content"[39m
                        [33mcolspan[39m=[32m"1"[39m
                      [36m>[39m
                        [36m<span>[39m
                          [36m<span[39m
                            [33mclass[39m=[32m"ant-typography css-dev-only-do-not-override-151uw82 css-var-root"[39m
                          [36m>[39m
                            [36m<strong>[39m
                              [0m$9.99[0m
                            [36m</strong>[39m
                          [36m</span>[39m
                          [36m<span[39m
                            [33mclass[39m=[32m"ant-typography ant-typography-secondary css-dev-only-do-not-override-151uw82 css-var-root"[39m
                          [36m>[39m
                            [0m / month[0m
                          [36m</span>[39m
                        [36m</span>[39m
                      [36m</td>[39m
                    [36m</tr>[39m
                    [36m<tr[39m
                      [33mclass[39m=[32m"ant-descriptions-row"[39m
                    [36m>[39m
                      [36m<th[39m
                        [33mclass[39m=[32m"ant-descriptions-item-label"[39m
                        [33mcolspan[39m=[32m"1"[39m
                      [36m>[39m
                        [36m<span>[39m
                          [0mNext Billing Date[0m
                        [36m</span>[39m
                      [36m</th>[39m
                      [36m<td[39m
                        [33mclass[39m=[32m"ant-descriptions-item-content"[39m
                        [33mcolspan[39m=[32m"1"[39m
                      [36m>[39m
                        [36m<span>[39m
                          [0mDecember 31, 2024[0m
                        [36m</span>[39m
                      [36m</td>[39m
                    [36m</tr>[39m
                    [36m<tr[39m
                      [33mclass[39m=[32m"ant-descriptions-row"[39m
                    [36m>[39m
                      [36m<th[39m
                        [33mclass[39m=[32m"ant-descriptions-item-label"[39m
                        [33mcolspan[39m=[32m"1"[39m
                      [36m>[39m
                        [36m<span>[39m
                          [0mBilling Amount[0m
                        [36m</span>[39m
                      [36m</th>[39m
                      [36m<td[39m
                        [33mclass[39m=[32m"ant-descriptions-item-content"[39m
                        [33mcolspan[39m=[32m"1"[39m
                      [36m>[39m
                        [36m<span>[39m
                          [36m<span[39m
                            [33mclass[39m=[32m"ant-typography css-dev-only-do-not-override-151uw82 css-var-root"[39m
                          [36m>[39m
                            [36m<strong>[39m
                              [0m$9.99[0m
                            [36m</strong>[39m
                          [36m</span>[39m
                        [36m</span>[39m
                      [36m</td>[39m
                    [36m</tr>[39m
                  [36m</tbody>[39m
                [36m</table>[39m
              [36m</div>[39m
            [36m</div>[39m
          [36m</div>[39m
          [36m<div[39m
            [33mclass[39m=[32m"ant-space-item"[39m
          [36m>[39m
            [36m<div[39m
              [33mclass[39m=[32m"ant-space css-dev-only-do-not-override-151uw82 ant-space-horizontal ant-space-align-center ant-space-gap-row-small ant-space-gap-col-small css-var-root"[39m
            [36m>[39m
              [36m<div[39m
                [33mclass[39m=[32m"ant-space-item"[39m
              [36m>[39m
                [36m<button[39m
                  [33mclass[39m=[32m"ant-btn css-dev-only-do-not-override-151uw82 css-var-root ant-btn-default ant-btn-dangerous ant-btn-color-dangerous ant-btn-variant-outlined"[39m
                  [33mtype[39m=[32m"button"[39m
                [36m>[39m
                  [36m<span>[39m
                    [0mCancel Subscription[0m
                  [36m</span>[39m
                [36m</button>[39m
              [36m</div>[39m
            [36m</div>[39m
          [36m</div>[39m
        [36m</div>[39m
      [36m</div>[39m
    [36m</div>[39m
  [36m</div>[39m
[36m</body>[39m
[90m [2m❯[22m Object.getElementError node_modules/@testing-library/dom/dist/config.js:[2m37:19[22m[39m
[90m [2m❯[22m getElementError node_modules/@testing-library/dom/dist/query-helpers.js:[2m20:35[22m[39m
[90m [2m❯[22m getMultipleElementsFoundError node_modules/@testing-library/dom/dist/query-helpers.js:[2m23:10[22m[39m
[90m [2m❯[22m node_modules/@testing-library/dom/dist/query-helpers.js:[2m55:13[22m[39m
[90m [2m❯[22m node_modules/@testing-library/dom/dist/query-helpers.js:[2m95:19[22m[39m
[36m [2m❯[22m src/components/subscription/SubscriptionManager.test.tsx:[2m76:23[22m[39m
    [90m 74|[39m
    [90m 75|[39m         [34mexpect[39m(screen[33m.[39m[34mgetByText[39m([32m'Basic Plan'[39m))[33m.[39m[34mtoBeInTheDocument[39m()[33m;[39m
    [90m 76|[39m         [34mexpect[39m(screen[33m.[39m[34mgetByText[39m([32m'$9.99'[39m))[33m.[39m[34mtoBeInTheDocument[39m()[33m;[39m
    [90m   |[39m                       [31m^[39m
    [90m 77|[39m         [34mexpect[39m(screen[33m.[39m[34mgetByText[39m([32m'Active'[39m))[33m.[39m[34mtoBeInTheDocument[39m()[33m;[39m
    [90m 78|[39m     })[33m;[39m

[31m[2m⎯⎯⎯⎯⎯⎯⎯⎯⎯⎯⎯⎯⎯⎯⎯⎯⎯⎯⎯⎯⎯⎯⎯[8/12]⎯[22m[39m

[41m[1m FAIL [22m[49m src/components/subscription/SubscriptionManager.test.tsx[2m > [22mSubscriptionManager[2m > [22mshould display formatted price correctly
[31m[1mTestingLibraryElementError[22m[39m: Found multiple elements with the text: $9.99

Here are the matching elements:

Ignored nodes: comments, script, style
[36m<strong>[39m
  [0m$9.99[0m
[36m</strong>[39m

Ignored nodes: comments, script, style
[36m<strong>[39m
  [0m$9.99[0m
[36m</strong>[39m

(If this is intentional, then use the `*AllBy*` variant of the query (like `queryAllByText`, `getAllByText`, or `findAllByText`)).

Ignored nodes: comments, script, style
[36m<body>[39m
  [36m<div>[39m
    [36m<div[39m
      [33mclass[39m=[32m"ant-card ant-card-bordered css-dev-only-do-not-override-151uw82 css-var-root"[39m
    [36m>[39m
      [36m<div[39m
        [33mclass[39m=[32m"ant-card-body"[39m
      [36m>[39m
        [36m<div[39m
          [33mclass[39m=[32m"ant-space css-dev-only-do-not-override-151uw82 ant-space-vertical ant-space-gap-row-large ant-space-gap-col-large css-var-root"[39m
          [33mstyle[39m=[32m"width: 100%;"[39m
        [36m>[39m
          [36m<div[39m
            [33mclass[39m=[32m"ant-space-item"[39m
          [36m>[39m
            [36m<div>[39m
              [36m<h4[39m
                [33mclass[39m=[32m"ant-typography css-dev-only-do-not-override-151uw82 css-var-root"[39m
              [36m>[39m
                [0mCurrent Subscription[0m
              [36m</h4>[39m
            [36m</div>[39m
          [36m</div>[39m
          [36m<div[39m
            [33mclass[39m=[32m"ant-space-item"[39m
          [36m>[39m
            [36m<div[39m
              [33mclass[39m=[32m"ant-descriptions ant-descriptions-bordered css-dev-only-do-not-override-151uw82 css-var-root"[39m
            [36m>[39m
              [36m<div[39m
                [33mclass[39m=[32m"ant-descriptions-view"[39m
              [36m>[39m
                [36m<table>[39m
                  [36m<tbody>[39m
                    [36m<tr[39m
                      [33mclass[39m=[32m"ant-descriptions-row"[39m
                    [36m>[39m
                      [36m<th[39m
                        [33mclass[39m=[32m"ant-descriptions-item-label"[39m
                        [33mcolspan[39m=[32m"1"[39m
                      [36m>[39m
                        [36m<span>[39m
                          [0mPlan[0m
                        [36m</span>[39m
                      [36m</th>[39m
                      [36m<td[39m
                        [33mclass[39m=[32m"ant-descriptions-item-content"[39m
                        [33mcolspan[39m=[32m"1"[39m
                      [36m>[39m
                        [36m<span>[39m
                          [36m<span[39m
                            [33mclass[39m=[32m"ant-typography css-dev-only-do-not-override-151uw82 css-var-root"[39m
                          [36m>[39m
                            [36m<strong>[39m
                              [0mBasic Plan[0m
                            [36m</strong>[39m
                          [36m</span>[39m
                        [36m</span>[39m
                      [36m</td>[39m
                    [36m</tr>[39m
                    [36m<tr[39m
                      [33mclass[39m=[32m"ant-descriptions-row"[39m
                    [36m>[39m
                      [36m<th[39m
                        [33mclass[39m=[32m"ant-descriptions-item-label"[39m
                        [33mcolspan[39m=[32m"1"[39m
                      [36m>[39m
                        [36m<span>[39m
                          [0mStatus[0m
                        [36m</span>[39m
                      [36m</th>[39m
                      [36m<td[39m
                        [33mclass[39m=[32m"ant-descriptions-item-content"[39m
                        [33mcolspan[39m=[32m"1"[39m
                      [36m>[39m
                        [36m<span>[39m
                          [36m<span[39m
                            [33mclass[39m=[32m"ant-badge ant-badge-status ant-badge-not-a-wrapper css-dev-only-do-not-override-151uw82 css-var-root"[39m
                          [36m>[39m
                            [36m<span[39m
                              [33mclass[39m=[32m"ant-badge-status-dot ant-badge-status-success"[39m
                            [36m/>[39m
                            [36m<span[39m
                              [33mclass[39m=[32m"ant-badge-status-text"[39m
                            [36m>[39m
                              [0mActive[0m
                            [36m</span>[39m
                          [36m</span>[39m
                        [36m</span>[39m
                      [36m</td>[39m
                    [36m</tr>[39m
                    [36m<tr[39m
                      [33mclass[39m=[32m"ant-descriptions-row"[39m
                    [36m>[39m
                      [36m<th[39m
                        [33mclass[39m=[32m"ant-descriptions-item-label"[39m
                        [33mcolspan[39m=[32m"1"[39m
                      [36m>[39m
                        [36m<span>[39m
                          [0mAmount[0m
                        [36m</span>[39m
                      [36m</th>[39m
                      [36m<td[39m
                        [33mclass[39m=[32m"ant-descriptions-item-content"[39m
                        [33mcolspan[39m=[32m"1"[39m
                      [36m>[39m
                        [36m<span>[39m
                          [36m<span[39m
                            [33mclass[39m=[32m"ant-typography css-dev-only-do-not-override-151uw82 css-var-root"[39m
                          [36m>[39m
                            [36m<strong>[39m
                              [0m$9.99[0m
                            [36m</strong>[39m
                          [36m</span>[39m
                          [36m<span[39m
                            [33mclass[39m=[32m"ant-typography ant-typography-secondary css-dev-only-do-not-override-151uw82 css-var-root"[39m
                          [36m>[39m
                            [0m / month[0m
                          [36m</span>[39m
                        [36m</span>[39m
                      [36m</td>[39m
                    [36m</tr>[39m
                    [36m<tr[39m
                      [33mclass[39m=[32m"ant-descriptions-row"[39m
                    [36m>[39m
                      [36m<th[39m
                        [33mclass[39m=[32m"ant-descriptions-item-label"[39m
                        [33mcolspan[39m=[32m"1"[39m
                      [36m>[39m
                        [36m<span>[39m
                          [0mNext Billing Date[0m
                        [36m</span>[39m
                      [36m</th>[39m
                      [36m<td[39m
                        [33mclass[39m=[32m"ant-descriptions-item-content"[39m
                        [33mcolspan[39m=[32m"1"[39m
                      [36m>[39m
                        [36m<span>[39m
                          [0mDecember 31, 2024[0m
                        [36m</span>[39m
                      [36m</td>[39m
                    [36m</tr>[39m
                    [36m<tr[39m
                      [33mclass[39m=[32m"ant-descriptions-row"[39m
                    [36m>[39m
                      [36m<th[39m
                        [33mclass[39m=[32m"ant-descriptions-item-label"[39m
                        [33mcolspan[39m=[32m"1"[39m
                      [36m>[39m
                        [36m<span>[39m
                          [0mBilling Amount[0m
                        [36m</span>[39m
                      [36m</th>[39m
                      [36m<td[39m
                        [33mclass[39m=[32m"ant-descriptions-item-content"[39m
                        [33mcolspan[39m=[32m"1"[39m
                      [36m>[39m
                        [36m<span>[39m
                          [36m<span[39m
                            [33mclass[39m=[32m"ant-typography css-dev-only-do-not-override-151uw82 css-var-root"[39m
                          [36m>[39m
                            [36m<strong>[39m
                              [0m$9.99[0m
                            [36m</strong>[39m
                          [36m</span>[39m
                        [36m</span>[39m
                      [36m</td>[39m
                    [36m</tr>[39m
                  [36m</tbody>[39m
                [36m</table>[39m
              [36m</div>[39m
            [36m</div>[39m
          [36m</div>[39m
          [36m<div[39m
            [33mclass[39m=[32m"ant-space-item"[39m
          [36m>[39m
            [36m<div[39m
              [33mclass[39m=[32m"ant-space css-dev-only-do-not-override-151uw82 ant-space-horizontal ant-space-align-center ant-space-gap-row-small ant-space-gap-col-small css-var-root"[39m
            [36m>[39m
              [36m<div[39m
                [33mclass[39m=[32m"ant-space-item"[39m
              [36m>[39m
                [36m<button[39m
                  [33mclass[39m=[32m"ant-btn css-dev-only-do-not-override-151uw82 css-var-root ant-btn-default ant-btn-dangerous ant-btn-color-dangerous ant-btn-variant-outlined"[39m
                  [33mtype[39m=[32m"button"[39m
                [36m>[39m
                  [36m<span>[39m
                    [0mCancel Subscription[0m
                  [36m</span>[39m
                [36m</button>[39m
              [36m</div>[39m
            [36m</div>[39m
          [36m</div>[39m
        [36m</div>[39m
      [36m</div>[39m
    [36m</div>[39m
  [36m</div>[39m
[36m</body>[39m

Ignored nodes: comments, script, style
[36m<html>[39m
  [36m<head />[39m
  [36m<body>[39m
    [36m<div>[39m
      [36m<div[39m
        [33mclass[39m=[32m"ant-card ant-card-bordered css-dev-only-do-not-override-151uw82 css-var-root"[39m
      [36m>[39m
        [36m<div[39m
          [33mclass[39m=[32m"ant-card-body"[39m
        [36m>[39m
          [36m<div[39m
            [33mclass[39m=[32m"ant-space css-dev-only-do-not-override-151uw82 ant-space-vertical ant-space-gap-row-large ant-space-gap-col-large css-var-root"[39m
            [33mstyle[39m=[32m"width: 100%;"[39m
          [36m>[39m
            [36m<div[39m
              [33mclass[39m=[32m"ant-space-item"[39m
            [36m>[39m
              [36m<div>[39m
                [36m<h4[39m
                  [33mclass[39m=[32m"ant-typography css-dev-only-do-not-override-151uw82 css-var-root"[39m
                [36m>[39m
                  [0mCurrent Subscription[0m
                [36m</h4>[39m
              [36m</div>[39m
            [36m</div>[39m
            [36m<div[39m
              [33mclass[39m=[32m"ant-space-item"[39m
            [36m>[39m
              [36m<div[39m
                [33mclass[39m=[32m"ant-descriptions ant-descriptions-bordered css-dev-only-do-not-override-151uw82 css-var-root"[39m
              [36m>[39m
                [36m<div[39m
                  [33mclass[39m=[32m"ant-descriptions-view"[39m
                [36m>[39m
                  [36m<table>[39m
                    [36m<tbody>[39m
                      [36m<tr[39m
                        [33mclass[39m=[32m"ant-descriptions-row"[39m
                      [36m>[39m
                        [36m<th[39m
                          [33mclass[39m=[32m"ant-descriptions-item-label"[39m
                          [33mcolspan[39m=[32m"1"[39m
                        [36m>[39m
                          [36m<span>[39m
                            [0mPlan[0m
                          [36m</span>[39m
                        [36m</th>[39m
                        [36m<td[39m
                          [33mclass[39m=[32m"ant-descriptions-item-content"[39m
                          [33mcolspan[39m=[32m"1"[39m
                        [36m>[39m
                          [36m<span>[39m
                            [36m<span[39m
                              [33mclass[39m=[32m"ant-typography css-dev-only-do-not-override-151uw82 css-var-root"[39m
                            [36m>[39m
                              [36m<strong>[39m
                                [0mBasic Plan[0m
                              [36m</strong>[39m
                            [36m</span>[39m
                          [36m</span>[39m
                        [36m</td>[39m
                      [36m</tr>[39m
                      [36m<tr[39m
                        [33mclass[39m=[32m"ant-descriptions-row"[39m
                      [36m>[39m
                        [36m<th[39m
                          [33mclass[39m=[32m"ant-descriptions-item-label"[39m
                          [33mcolspan[39m=[32m"1"[39m
                        [36m>[39m
                          [36m<span>[39m
                            [0mStatus[0m
                          [36m</span>[39m
                        [36m</th>[39m
                        [36m<td[39m
                          [33mclass[39m=[32m"ant-descriptions-item-content"[39m
                          [33mcolspan[39m=[32m"1"[39m
                        [36m>[39m
                          [36m<span>[39m
                            [36m<span[39m
                              [33mclass[39m=[32m"ant-badge ant-badge-status ant-badge-not-a-wrapper css-dev-only-do-not-override-151uw82 css-var-root"[39m
                            [36m>[39m
                              [36m<span[39m
                                [33mclass[39m=[32m"ant-badge-status-dot ant-badge-status-success"[39m
                              [36m/>[39m
                              [36m<span[39m
                                [33mclass[39m=[32m"ant-badge-status-text"[39m
                              [36m>[39m
                                [0mActive[0m
                              [36m</span>[39m
                            [36m</span>[39m
                          [36m</span>[39m
                        [36m</td>[39m
                      [36m</tr>[39m
                      [36m<tr[39m
                        [33mclass[39m=[32m"ant-descriptions-row"[39m
                      [36m>[39m
                        [36m<th[39m
                          [33mclass[39m=[32m"ant-descriptions-item-label"[39m
                          [33mcolspan[39m=[32m"1"[39m
                        [36m>[39m
                          [36m<span>[39m
                            [0mAmount[0m
                          [36m</span>[39m
                        [36m</th>[39m
                        [36m<td[39m
                          [33mclass[39m=[32m"ant-descriptions-item-content"[39m
                          [33mcolspan[39m=[32m"1"[39m
                        [36m>[39m
                          [36m<span>[39m
                            [36m<span[39m
                              [33mclass[39m=[32m"ant-typography css-dev-only-do-not-override-151uw82 css-var-root"[39m
                            [36m>[39m
                              [36m<strong>[39m
                                [0m$9.99[0m
                              [36m</strong>[39m
                            [36m</span>[39m
                            [36m<span[39m
                              [33mclass[39m=[32m"ant-typography ant-typography-secondary css-dev-only-do-not-override-151uw82 css-var-root"[39m
                            [36m>[39m
                              [0m / month[0m
                            [36m</span>[39m
                          [36m</span>[39m
                        [36m</td>[39m
                      [36m</tr>[39m
                      [36m<tr[39m
                        [33mclass[39m=[32m"ant-descriptions-row"[39m
                      [36m>[39m
                        [36m<th[39m
                          [33mclass[39m=[32m"ant-descriptions-item-label"[39m
                          [33mcolspan[39m=[32m"1"[39m
                        [36m>[39m
                          [36m<span>[39m
                            [0mNext Billing Date[0m
                          [36m</span>[39m
                        [36m</th>[39m
                        [36m<td[39m
                          [33mclass[39m=[32m"ant-descriptions-item-content"[39m
                          [33mcolspan[39m=[32m"1"[39m
                        [36m>[39m
                          [36m<span>[39m
                            [0mDecember 31, 2024[0m
              ...
[90m [2m❯[22m Proxy.waitForWrapper node_modules/@testing-library/dom/dist/wait-for.js:[2m163:27[22m[39m
[36m [2m❯[22m src/components/subscription/SubscriptionManager.test.tsx:[2m91:15[22m[39m
    [90m 89|[39m         [34mrender[39m([33m<[39m[33mSubscriptionManager[39m [33m/[39m[33m>[39m)[33m;[39m
    [90m 90|[39m
    [90m 91|[39m         [35mawait[39m [34mwaitFor[39m(() [33m=>[39m {
    [90m   |[39m               [31m^[39m
    [90m 92|[39m             [34mexpect[39m(screen[33m.[39m[34mgetByText[39m([32m'$9.99'[39m))[33m.[39m[34mtoBeInTheDocument[39m()[33m;[39m
    [90m 93|[39m         })[33m;[39m

[31m[2m⎯⎯⎯⎯⎯⎯⎯⎯⎯⎯⎯⎯⎯⎯⎯⎯⎯⎯⎯⎯⎯⎯⎯[9/12]⎯[22m[39m

[41m[1m FAIL [22m[49m src/components/subscription/SubscriptionManager.test.tsx[2m > [22mSubscriptionManager[2m > [22mshould show confirmation modal when cancel is clicked
[31m[1mTestingLibraryElementError[22m[39m: Found multiple elements with the text: Cancel Subscription

Here are the matching elements:

Ignored nodes: comments, script, style
[36m<span>[39m
  [0mCancel Subscription[0m
[36m</span>[39m

Ignored nodes: comments, script, style
[36m<span>[39m
  [0mCancel Subscription[0m
[36m</span>[39m

(If this is intentional, then use the `*AllBy*` variant of the query (like `queryAllByText`, `getAllByText`, or `findAllByText`)).

Ignored nodes: comments, script, style
[36m<body>[39m
  [36m<div>[39m
    [36m<div[39m
      [33mclass[39m=[32m"ant-card ant-card-bordered css-dev-only-do-not-override-151uw82 css-var-root"[39m
    [36m>[39m
      [36m<div[39m
        [33mclass[39m=[32m"ant-card-body"[39m
      [36m>[39m
        [36m<div[39m
          [33mclass[39m=[32m"ant-space css-dev-only-do-not-override-151uw82 ant-space-vertical ant-space-gap-row-large ant-space-gap-col-large css-var-root"[39m
          [33mstyle[39m=[32m"width: 100%;"[39m
        [36m>[39m
          [36m<div[39m
            [33mclass[39m=[32m"ant-space-item"[39m
          [36m>[39m
            [36m<div>[39m
              [36m<h4[39m
                [33mclass[39m=[32m"ant-typography css-dev-only-do-not-override-151uw82 css-var-root"[39m
              [36m>[39m
                [0mCurrent Subscription[0m
              [36m</h4>[39m
            [36m</div>[39m
          [36m</div>[39m
          [36m<div[39m
            [33mclass[39m=[32m"ant-space-item"[39m
          [36m>[39m
            [36m<div[39m
              [33mclass[39m=[32m"ant-descriptions ant-descriptions-bordered css-dev-only-do-not-override-151uw82 css-var-root"[39m
            [36m>[39m
              [36m<div[39m
                [33mclass[39m=[32m"ant-descriptions-view"[39m
              [36m>[39m
                [36m<table>[39m
                  [36m<tbody>[39m
                    [36m<tr[39m
                      [33mclass[39m=[32m"ant-descriptions-row"[39m
                    [36m>[39m
                      [36m<th[39m
                        [33mclass[39m=[32m"ant-descriptions-item-label"[39m
                        [33mcolspan[39m=[32m"1"[39m
                      [36m>[39m
                        [36m<span>[39m
                          [0mPlan[0m
                        [36m</span>[39m
                      [36m</th>[39m
                      [36m<td[39m
                        [33mclass[39m=[32m"ant-descriptions-item-content"[39m
                        [33mcolspan[39m=[32m"1"[39m
                      [36m>[39m
                        [36m<span>[39m
                          [36m<span[39m
                            [33mclass[39m=[32m"ant-typography css-dev-only-do-not-override-151uw82 css-var-root"[39m
                          [36m>[39m
                            [36m<strong>[39m
                              [0mBasic Plan[0m
                            [36m</strong>[39m
                          [36m</span>[39m
                        [36m</span>[39m
                      [36m</td>[39m
                    [36m</tr>[39m
                    [36m<tr[39m
                      [33mclass[39m=[32m"ant-descriptions-row"[39m
                    [36m>[39m
                      [36m<th[39m
                        [33mclass[39m=[32m"ant-descriptions-item-label"[39m
                        [33mcolspan[39m=[32m"1"[39m
                      [36m>[39m
                        [36m<span>[39m
                          [0mStatus[0m
                        [36m</span>[39m
                      [36m</th>[39m
                      [36m<td[39m
                        [33mclass[39m=[32m"ant-descriptions-item-content"[39m
                        [33mcolspan[39m=[32m"1"[39m
                      [36m>[39m
                        [36m<span>[39m
                          [36m<span[39m
                            [33mclass[39m=[32m"ant-badge ant-badge-status ant-badge-not-a-wrapper css-dev-only-do-not-override-151uw82 css-var-root"[39m
                          [36m>[39m
                            [36m<span[39m
                              [33mclass[39m=[32m"ant-badge-status-dot ant-badge-status-success"[39m
                            [36m/>[39m
                            [36m<span[39m
                              [33mclass[39m=[32m"ant-badge-status-text"[39m
                            [36m>[39m
                              [0mActive[0m
                            [36m</span>[39m
                          [36m</span>[39m
                        [36m</span>[39m
                      [36m</td>[39m
                    [36m</tr>[39m
                    [36m<tr[39m
                      [33mclass[39m=[32m"ant-descriptions-row"[39m
                    [36m>[39m
                      [36m<th[39m
                        [33mclass[39m=[32m"ant-descriptions-item-label"[39m
                        [33mcolspan[39m=[32m"1"[39m
                      [36m>[39m
                        [36m<span>[39m
                          [0mAmount[0m
                        [36m</span>[39m
                      [36m</th>[39m
                      [36m<td[39m
                        [33mclass[39m=[32m"ant-descriptions-item-content"[39m
                        [33mcolspan[39m=[32m"1"[39m
                      [36m>[39m
                        [36m<span>[39m
                          [36m<span[39m
                            [33mclass[39m=[32m"ant-typography css-dev-only-do-not-override-151uw82 css-var-root"[39m
                          [36m>[39m
                            [36m<strong>[39m
                              [0m$9.99[0m
                            [36m</strong>[39m
                          [36m</span>[39m
                          [36m<span[39m
                            [33mclass[39m=[32m"ant-typography ant-typography-secondary css-dev-only-do-not-override-151uw82 css-var-root"[39m
                          [36m>[39m
                            [0m / month[0m
                          [36m</span>[39m
                        [36m</span>[39m
                      [36m</td>[39m
                    [36m</tr>[39m
                    [36m<tr[39m
                      [33mclass[39m=[32m"ant-descriptions-row"[39m
                    [36m>[39m
                      [36m<th[39m
                        [33mclass[39m=[32m"ant-descriptions-item-label"[39m
                        [33mcolspan[39m=[32m"1"[39m
                      [36m>[39m
                        [36m<span>[39m
                          [0mNext Billing Date[0m
                        [36m</span>[39m
                      [36m</th>[39m
                      [36m<td[39m
                        [33mclass[39m=[32m"ant-descriptions-item-content"[39m
                        [33mcolspan[39m=[32m"1"[39m
                      [36m>[39m
                        [36m<span>[39m
                          [0mDecember 31, 2024[0m
                        [36m</span>[39m
                      [36m</td>[39m
                    [36m</tr>[39m
                    [36m<tr[39m
                      [33mclass[39m=[32m"ant-descriptions-row"[39m
                    [36m>[39m
                      [36m<th[39m
                        [33mclass[39m=[32m"ant-descriptions-item-label"[39m
                        [33mcolspan[39m=[32m"1"[39m
                      [36m>[39m
                        [36m<span>[39m
                          [0mBilling Amount[0m
                        [36m</span>[39m
                      [36m</th>[39m
                      [36m<td[39m
                        [33mclass[39m=[32m"ant-descriptions-item-content"[39m
                        [33mcolspan[39m=[32m"1"[39m
                      [36m>[39m
                        [36m<span>[39m
                          [36m<span[39m
                            [33mclass[39m=[32m"ant-typography css-dev-only-do-not-override-151uw82 css-var-root"[39m
                          [36m>[39m
                            [36m<strong>[39m
                              [0m$9.99[0m
                            [36m</strong>[39m
                          [36m</span>[39m
                        [36m</span>[39m
                      [36m</td>[39m
                    [36m</tr>[39m
                  [36m</tbody>[39m
                [36m</table>[39m
              [36m</div>[39m
            [36m</div>[39m
          [36m</div>[39m
          [36m<div[39m
            [33mclass[39m=[32m"ant-space-item"[39m
          [36m>[39m
            [36m<div[39m
              [33mclass[39m=[32m"ant-space css-dev-only-do-not-override-151uw82 ant-space-horizontal ant-space-align-center ant-space-gap-row-small ant-space-gap-col-small css-var-root"[39m
            [36m>[39m
              [36m<div[39m
                [33mclass[39m=[32m"ant-space-item"[39m
              [36m>[39m
                [36m<button[39m
                  [33mclass[39m=[32m"ant-btn css-dev-only-do-not-override-151uw82 css-var-root ant-btn-default ant-btn-dangerous ant-btn-color-dangerous ant-btn-variant-outlined"[39m
                  [33mtype[39m=[32m"button"[39m
                [36m>[39m
                  [36m<span>[39m
                    [0mCancel Subscription[0m
                  [36m</span>[39m
                [36m</button>[39m
              [36m</div>[39m
            [36m</div>[39m
          [36m</div>[39m
        [36m</div>[39m
      [36m</div>[39m
    [36m</div>[39m
  [36m</div>[39m
  [36m<div>[39m
    [36m<div[39m
      [33mclass[39m=[32m"ant-modal-root css-dev-only-do-not-override-151uw82 css-var-root ant-modal-css-var"[39m
    [36m>[39m
      [36m<div[39m
        [33mclass[39m=[32m"ant-modal-mask"[39m
      [36m/>[39m
      [36m<div[39m
        [33mclass[39m=[32m"ant-modal-wrap"[39m
      [36m>[39m
        [36m<div[39m
          [33maria-labelledby[39m=[32m"test-id"[39m
          [33maria-modal[39m=[32m"true"[39m
          [33mclass[39m=[32m"ant-modal css-dev-only-do-not-override-151uw82"[39m
          [33mrole[39m=[32m"dialog"[39m
          [33mstyle[39m=[32m"width: 520px;"[39m
          [33mtabindex[39m=[32m"-1"[39m
        [36m>[39m
          [36m<div[39m
            [33mclass[39m=[32m"ant-modal-container"[39m
          [36m>[39m
            [36m<button[39m
              [33maria-label[39m=[32m"Close"[39m
              [33mclass[39m=[32m"ant-modal-close"[39m
              [33mtype[39m=[32m"button"[39m
            [36m>[39m
              [36m<span[39m
                [33maria-label[39m=[32m"Close"[39m
                [33mclass[39m=[32m"ant-modal-close-x"[39m
              [36m>[39m
                [36m<span[39m
                  [33maria-label[39m=[32m"close"[39m
                  [33mclass[39m=[32m"anticon anticon-close ant-modal-close-icon"[39m
                  [33mrole[39m=[32m"img"[39m
                [36m>[39m
                  [36m<svg[39m
                    [33maria-hidden[39m=[32m"true"[39m
                    [33mdata-icon[39m=[32m"close"[39m
                    [33mfill[39m=[32m"currentColor"[39m
                    [33mfill-rule[39m=[32m"evenodd"[39m
                    [33mfocusable[39m=[32m"false"[39m
                    [33mheight[39m=[32m"1em"[39m
                    [33mviewBox[39m=[32m"64 64 896 896"[39m
                    [33mwidth[39m=[32m"1em"[39m
                  [36m>[39m
                    [36m<path[39m
                      [33md[39m=[32m"M799.86 166.31c.02 0 .04.02.08.06l57.69 57.7c.04.03.05.05.06.08a.12.12 0 010 .06c0 .03-.02.05-.06.09L569.93 512l287.7 287.7c.04.04.05.06.06.09a.12.12 0 010 .07c0 .02-.02.04-.06.08l-57.7 57.69c-.03.04-.05.05-.07.06a.12.12 0 01-.07 0c-.03 0-.05-.02-.09-.06L512 569.93l-287.7 287.7c-.04.04-.06.05-.09.06a.12.12 0 01-.07 0c-.02 0-.04-.02-.08-.06l-57.69-57.7c-.04-.03-.05-.05-.06-.07a.12.12 0 010-.07c0-.03.02-.05.06-.09L454.07 512l-287.7-287.7c-.04-.04-.05-.06-.06-.09a.12.12 0 010-.07c0-.02.02-.04.06-.08l57.7-57.69c.03-.04.05-.05.07-.06a.12.12 0 01.07 0c.03 0 .05.02.09.06L512 454.07l287.7-287.7c.04-.04.06-.05.09-.06a.12.12 0 01.07 0z"[39m
                    [36m/>[39m
                  [36m</svg>[39m
                [36m</span>[39m
              [36m</span>[39m
            [36m</button>[39m
            [36m<div[39m
              [33mclass[39m=[32m"ant-modal-header"[39m
            [36m>[39m
              [36m<div[39m
                [33mclass[39m=[32m"ant-modal-title"[39m
                [33mid[39m=[32m"test-id"[39m
              [36m>[39m
                [36m<div[39m
                  [33mclass[39m=[32m"ant-space css-dev-only-do-not-override-151uw82 ant-space-horizontal ant-space-align-center ant-space-gap-row-small ant-space-gap-col-small css-var-root"[39m
                [36m>[39m
                  [36m<div[39m
                    [33mclass[39m=[32m"ant-space-item"[39m
                  [36m>[39m
                    [36m<span[39m
                      [33maria-label[39m=[32m"exclamation-circle"[39m
                      [33mclass[39m=[32m"anticon anticon-exclamation-circle"[39m
                      [33mrole[39m=[32m"img"[39m
                      [33mstyle[39m=[32m"color: rgb(250, 173, 20);"[39m
                    [36m>[39m
                      [36m<svg[39m
                        [33maria-hidden[39m=[32m"true"[39m
                        [33mdata-icon[39m=[32m"exclamation-circle"[39m
                        [33mfill[39m=[32m"currentColor"[39m
                        [33mfocusable[39m=[32m"false"[39m
                        [33mheight[39m=[32m"1em"[39m
                        [33mviewBox[39m=[32m"64 64 896 896"[39m
                        [33mwidth[39m=[32m"1em"[39m
                      [36m>[39m
                        [36m<path[39m
                          [33md[39m=[32m"M512 64C264.6 64 64 264.6 64 512s200.6 448 448 448 448-200.6 448-448S759.4 64 512 64zm0 820c-205.4 0-372-166.6-372-372s166.6-372 372-372 372 166.6 372 372-166.6 372-372 372z"[39m
                        [36m/>[39m
                        [36m<path[39m
                          [33md[39m=[32m"M464 688a48 48 0 1096 0 48 48 0 10-96 0zm24-112h48c4.4 0 8-3.6 8-8V296c0-4.4-3.6-8-8-8h-48c-4.4 0-8 3.6-8 8v272c0 4.4 3.6 8 8 8z"[39m
                        [36m/>[39m
                      [36m</svg>[39m
                    [36m</span>[39m
                  [36m</div>[39m
                  [36m<div[39m
                    [33mclass[39m=[32m"ant-space-item"[39m
                  [36m>[39m
                    [36m<span>[39m
                      [0mCancel Subscription[0m
                    [36m</span>[39m
                  [36m</div>[39m
                [36m</div>[39m
              [36m</div>[39m
            [36m</div>[39m
            [36m<div[39m
              [33mclass[39m=[32m"ant-modal-body"[39m
            [36m>[39m
              [36m<div[39m
                [33mclass[39m=[32m"ant-space css-dev-only-do-not-override-151uw82 ant-space-vertical ant-space-gap-row-middle ant-space-gap-col-middle css-var-root"[39m
              [36m>[39m
                [36m<div[39m
                  [33mclass[39m=[32m"ant-space-item"[39m
                [36m>[39m
                  [36m<span[39m
                    [33mclass[39m=[32m"ant-typography css-dev-only-do-not-override-151uw82 css-var-root"[39m
                  [36m>[39m
                    [0mAre you sure you want to cancel your subscription? You will continue to have access until the end of your current billing period.[0m
                  [36m</span>[39m
                [36m</div>[39m
                [36m<div[39m
                  [33mclass[39m=[32m"ant-space-item"[39m
                [36m>[39m
                  [36m<div[39m
                    [33mclass[39m=[32m"ant-alert ant-alert-info css-var-root css-dev-only-do-not-override-151uw82"[39m
                    [33mdata-show[39m=[32m"true"[39m
                    [33mrole[39m=[32m"alert"[39m
                  [36m>[39m
                    [36m<span[39m
                      [33mclass[39m=[32m"ant-alert-icon"[39m
                    [36m>[39m
                      [36m<span[39m
                        [33maria-label[39m=[32m"info-circle"[39m
                        [33mclass[39m=[32m"anticon anticon-info-circle"[39m
                        [33mrole[39m=[32m"img"[39m
                      [36m>[39m
                        [36m<svg[39m
                          [33maria-hidden[39m=[32m"true"[39m
                          [33mdata-icon[39m=[32m"info-circle"[39m
                          [33mfill[39m=[32m"currentColor"[39m
                          [33mfocusable[39m=[32m"false"[39m
                          [33mheight[39m=[32m"1em"[39m
                          [33mviewBox[39m=[32m"64 64 896 896"[39m
                          [33mwidth[39m=[32m"1em"[39m
                        [36m>[39m
                          [36m<path[39m
                            [33md[39m=[32m"M512 64C264.6 64 64 264.6 64 512s200.6 448 448 448 448-200.6 448-448S759.4 64 512 64zm32 664c0 4.4-3.6 8-8 8h-48c-4.4 0-8-3.6-8-8V456c0-4.4 3.6-8 8-8h48c4.4 0 8 3.6 8 8v272zm-32-344a48.01 48.01 0 010-96 48.01 48.01 0 010 96z"[39m
                          [36m/>[39m
                        [36m</svg>[39m
                      [36m</span>[39m
                    [36m</span>[39m
                    [36m<div[39m
                      [33mclass[39m=[32m"ant-alert-section"[39m
                    [36m>[39m
                      [36m<div[39m
                        [33mclass[39m=[32m"ant-alert-title"[39m
                      [36m>[39m
                        [0mYour subscription will remain active until December 31, 2024[0m
                      [36m</div>[39m
                    [36m</div>[39m
                  [36m</div>[39m
                [36m</div>[39m
              [36m</div>[39m
            [36m</div>[39m
            [36m<div[39m
              [33mclass[39m=[32m"ant-modal-footer"[39m
            [36m>[39m
              [36m<button[39m
                [33mclass[39m=[32m"ant-btn css-dev-only-do-not-override-151uw82 css-var-root ant-btn-default ant-btn-color-default ant-btn-variant-outlined"[39m
                [33mtype[39m=[32m"button"[39m
              [36m>[39m
                [36m<span>[39m
                  [0mKeep Subscription[0m
                [36m</span>[39m
              [36m</button>[39m
              [36m<button[39m
                [33mclass[39m=[32m"ant-btn css-dev-only-do-not-override-151uw82 css-var-root ant-btn-primary ant-btn-dangerous ant-btn-color-dangerous ant-btn-variant-solid"[39m
                [33mtype[39m=[32m"button"[39m
              [36m>[39m
                [36m<span>[39m
                  [0mYes, Cancel Subscription[0m
                [36m</span>[39m
              [36m</button>[39m
            [36m</div>[39m
          [36m</div>[39m
        [36m</div>[39m
      [36m</div>[39m
    [36m</div>[39m
  [36m</div>[39m
[36m</body>[39m

Ignored nodes: comments, script, style
[36m<html>[39m
  [36m<head />[39m
  [36m<body>[39m
    [36m<div>[39m
      [36m<div[39m
        [33mclass[39m=[32m"ant-card ant-card-bordered css-dev-only-do-not-override-151uw82 css-var-root"[39m
      [36m>[39m
        [36m<div[39m
          [33mclass[39m=[32m"ant-card-body"[39m
        [36m>[39m
          [36m<div[39m
            [33mclass[39m=[32m"ant-space css-dev-only-do-not-override-151uw82 ant-space-vertical ant-space-gap-row-large ant-space-gap-col-large css-var-root"[39m
            [33mstyle[39m=[32m"width: 100%;"[39m
          [36m>[39m
            [36m<div[39m
              [33mclass[39m=[32m"ant-space-item"[39m
            [36m>[39m
              [36m<div>[39m
                [36m<h4[39m
                  [33mclass[39m=[32m"ant-typography css-dev-only-do-not-override-151uw82 css-var-root"[39m
                [36m>[39m
                  [0mCurrent Subscription[0m
                [36m</h4>[39m
              [36m</div>[39m
            [36m</div>[39m
            [36m<div[39m
              [33mclass[39m=[32m"ant-space-item"[39m
            [36m>[39m
              [36m<div[39m
                [33mclass[39m=[32m"ant-descriptions ant-descriptions-bordered css-dev-only-do-not-override-151uw82 css-var-root"[39m
              [36m>[39m
                [36m<div[39m
                  [33mclass[39m=[32m"ant-descriptions-view"[39m
                [36m>[39m
                  [36m<table>[39m
                    [36m<tbody>[39m
                      [36m<tr[39m
                        [33mclass[39m=[32m"ant-descriptions-row"[39m
                      [36m>[39m
                        [36m<th[39m
                          [33mclass[39m=[32m"ant-descriptions-item-label"[39m
                          [33mcolspan[39m=[32m"1"[39m
                        [36m>[39m
                          [36m<span>[39m
                            [0mPlan[0m
                          [36m</span>[39m
                        [36m</th>[39m
                        [36m<td[39m
                          [33mclass[39m=[32m"ant-descriptions-item-content"[39m
                          [33mcolspan[39m=[32m"1"[39m
                        [36m>[39m
                          [36m<span>[39m
                            [36m<span[39m
                              [33mclass[39m=[32m"ant-typography css-dev-only-do-not-override-151uw82 css-var-root"[39m
                            [36m>[39m
                              [36m<strong>[39m
                                [0mBasic Plan[0m
                              [36m</strong>[39m
                            [36m</span>[39m
                          [36m</span>[39m
                        [36m</td>[39m
                      [36m</tr>[39m
                      [36m<tr[39m
                        [33mclass[39m=[32m"ant-descriptions-row"[39m
                      [36m>[39m
                        [36m<th[39m
                          [33mclass[39m=[32m"ant-descriptions-item-label"[39m
                          [33mcolspan[39m=[32m"1"[39m
                        [36m>[39m
                          [36m<span>[39m
                            [0mStatus[0m
                          [36m</span>[39m
                        [36m</th>[39m
                        [36m<td[39m
                          [33mclass[39m=[32m"ant-descriptions-item-content"[39m
                          [33mcolspan[39m=[32m"1"[39m
                        [36m>[39m
                          [36m<span>[39m
                            [36m<span[39m
                              [33mclass[39m=[32m"ant-badge ant-badge-status ant-badge-not-a-wrapper css-dev-only-do-not-override-151uw82 css-var-root"[39m
                            [36m>[39m
                              [36m<span[39m
                                [33mclass[39m=[32m"ant-badge-status-dot ant-badge-status-success"[39m
                              [36m/>[39m
                              [36m<span[39m
                                [33mclass[39m=[32m"ant-badge-status-text"[39m
                              [36m>[39m
                                [0mActive[0m
                              [36m</span>[39m
                            [36m</span>[39m
                          [36m</span>[39m
                        [36m</td>[39m
                      [36m</tr>[39m
                      [36m<tr[39m
                        [33mclass[39m=[32m"ant-descriptions-row"[39m
                      [36m>[39m
                        [36m<th[39m
                          [33mclass[39m=[32m"ant-descriptions-item-label"[39m
                          [33mcolspan[39m=[32m"1"[39m
                        [36m>[39m
                          [36m<span>[39m
                            [0mAmount[0m
                          [36m</span>[39m
                        [36m</th>[39m
                        [36m<td[39m
                          [33mclass[39m=[32m"ant-descriptions-item-content"[39m
                          [33mcolspan[39m=[32m"1"[39m
                        [36m>[39m
                          [36m<span>[39m
                            [36m<span[39m
                              [33mclass[39m=[32m"ant-typography css-dev-only-do-not-override-151uw82 css-var-root"[39m
                            [36m>[39m
                              [36m<strong>[39m
                                [0m$9.99[0m
                              [36m</strong>[39m
                            [36m</span>[39m
                            [36m<span[39m
                              [33mclass[39m=[32m"ant-typography ant-typography-secondary css-dev-only-do-not-override-151uw82 css-var-root"[39m
                            [36m>[39m
                              [0m / month[0m
                            [36m</span>[39m
                          [36m</span>[39m
                        [36m</td>[39m
                      [36m</tr>[39m
                      [36m<tr[39m
                        [33mclass[39m=[32m"ant-descriptions-row"[39m
                      [36m>[39m
                        [36m<th[39m
                          [33mclass[39m=[32m"ant-descriptions-item-label"[39m
                          [33mcolspan[39m=[32m"1"[39m
                        [36m>[39m
                          [36m<span>[39m
                            [0mNext Billing Date[0m
                          [36m</span>[39m
                        [36m</th>[39m
                        [36m<td[39m
                          [33mclass[39m=[32m"ant-descriptions-item-content"[39m
                          [33mcolspan[39m=[32m"1"[39m
                        [36m>[39m
                          [36m<span>[39m
                            [0mDecember 31, 2024[0m
              ...
[90m [2m❯[22m Proxy.waitForWrapper node_modules/@testing-library/dom/dist/wait-for.js:[2m163:27[22m[39m
[36m [2m❯[22m src/components/subscription/SubscriptionManager.test.tsx:[2m143:15[22m[39m
    [90m141|[39m         [35mawait[39m user[33m.[39m[34mclick[39m(cancelButton)[33m;[39m
    [90m142|[39m
    [90m143|[39m         [35mawait[39m [34mwaitFor[39m(() [33m=>[39m {
    [90m   |[39m               [31m^[39m
    [90m144|[39m             expect(screen.getByText('Cancel Subscription')).toBeInTheD…
    [90m145|[39m         })[33m;[39m

[31m[2m⎯⎯⎯⎯⎯⎯⎯⎯⎯⎯⎯⎯⎯⎯⎯⎯⎯⎯⎯⎯⎯⎯[10/12]⎯[22m[39m

[41m[1m FAIL [22m[49m src/components/subscription/SubscriptionManager.test.tsx[2m > [22mSubscriptionManager[2m > [22mshould handle subscription cancellation
[31m[1mTestingLibraryElementError[22m[39m: Found multiple elements with the text: Cancel Subscription

Here are the matching elements:

Ignored nodes: comments, script, style
[36m<span>[39m
  [0mCancel Subscription[0m
[36m</span>[39m

Ignored nodes: comments, script, style
[36m<span>[39m
  [0mCancel Subscription[0m
[36m</span>[39m

(If this is intentional, then use the `*AllBy*` variant of the query (like `queryAllByText`, `getAllByText`, or `findAllByText`)).

Ignored nodes: comments, script, style
[36m<body>[39m
  [36m<div>[39m
    [36m<div[39m
      [33mclass[39m=[32m"ant-card ant-card-bordered css-dev-only-do-not-override-151uw82 css-var-root"[39m
    [36m>[39m
      [36m<div[39m
        [33mclass[39m=[32m"ant-card-body"[39m
      [36m>[39m
        [36m<div[39m
          [33mclass[39m=[32m"ant-space css-dev-only-do-not-override-151uw82 ant-space-vertical ant-space-gap-row-large ant-space-gap-col-large css-var-root"[39m
          [33mstyle[39m=[32m"width: 100%;"[39m
        [36m>[39m
          [36m<div[39m
            [33mclass[39m=[32m"ant-space-item"[39m
          [36m>[39m
            [36m<div>[39m
              [36m<h4[39m
                [33mclass[39m=[32m"ant-typography css-dev-only-do-not-override-151uw82 css-var-root"[39m
              [36m>[39m
                [0mCurrent Subscription[0m
              [36m</h4>[39m
            [36m</div>[39m
          [36m</div>[39m
          [36m<div[39m
            [33mclass[39m=[32m"ant-space-item"[39m
          [36m>[39m
            [36m<div[39m
              [33mclass[39m=[32m"ant-descriptions ant-descriptions-bordered css-dev-only-do-not-override-151uw82 css-var-root"[39m
            [36m>[39m
              [36m<div[39m
                [33mclass[39m=[32m"ant-descriptions-view"[39m
              [36m>[39m
                [36m<table>[39m
                  [36m<tbody>[39m
                    [36m<tr[39m
                      [33mclass[39m=[32m"ant-descriptions-row"[39m
                    [36m>[39m
                      [36m<th[39m
                        [33mclass[39m=[32m"ant-descriptions-item-label"[39m
                        [33mcolspan[39m=[32m"1"[39m
                      [36m>[39m
                        [36m<span>[39m
                          [0mPlan[0m
                        [36m</span>[39m
                      [36m</th>[39m
                      [36m<td[39m
                        [33mclass[39m=[32m"ant-descriptions-item-content"[39m
                        [33mcolspan[39m=[32m"1"[39m
                      [36m>[39m
                        [36m<span>[39m
                          [36m<span[39m
                            [33mclass[39m=[32m"ant-typography css-dev-only-do-not-override-151uw82 css-var-root"[39m
                          [36m>[39m
                            [36m<strong>[39m
                              [0mBasic Plan[0m
                            [36m</strong>[39m
                          [36m</span>[39m
                        [36m</span>[39m
                      [36m</td>[39m
                    [36m</tr>[39m
                    [36m<tr[39m
                      [33mclass[39m=[32m"ant-descriptions-row"[39m
                    [36m>[39m
                      [36m<th[39m
                        [33mclass[39m=[32m"ant-descriptions-item-label"[39m
                        [33mcolspan[39m=[32m"1"[39m
                      [36m>[39m
                        [36m<span>[39m
                          [0mStatus[0m
                        [36m</span>[39m
                      [36m</th>[39m
                      [36m<td[39m
                        [33mclass[39m=[32m"ant-descriptions-item-content"[39m
                        [33mcolspan[39m=[32m"1"[39m
                      [36m>[39m
                        [36m<span>[39m
                          [36m<span[39m
                            [33mclass[39m=[32m"ant-badge ant-badge-status ant-badge-not-a-wrapper css-dev-only-do-not-override-151uw82 css-var-root"[39m
                          [36m>[39m
                            [36m<span[39m
                              [33mclass[39m=[32m"ant-badge-status-dot ant-badge-status-success"[39m
                            [36m/>[39m
                            [36m<span[39m
                              [33mclass[39m=[32m"ant-badge-status-text"[39m
                            [36m>[39m
                              [0mActive[0m
                            [36m</span>[39m
                          [36m</span>[39m
                        [36m</span>[39m
                      [36m</td>[39m
                    [36m</tr>[39m
                    [36m<tr[39m
                      [33mclass[39m=[32m"ant-descriptions-row"[39m
                    [36m>[39m
                      [36m<th[39m
                        [33mclass[39m=[32m"ant-descriptions-item-label"[39m
                        [33mcolspan[39m=[32m"1"[39m
                      [36m>[39m
                        [36m<span>[39m
                          [0mAmount[0m
                        [36m</span>[39m
                      [36m</th>[39m
                      [36m<td[39m
                        [33mclass[39m=[32m"ant-descriptions-item-content"[39m
                        [33mcolspan[39m=[32m"1"[39m
                      [36m>[39m
                        [36m<span>[39m
                          [36m<span[39m
                            [33mclass[39m=[32m"ant-typography css-dev-only-do-not-override-151uw82 css-var-root"[39m
                          [36m>[39m
                            [36m<strong>[39m
                              [0m$9.99[0m
                            [36m</strong>[39m
                          [36m</span>[39m
                          [36m<span[39m
                            [33mclass[39m=[32m"ant-typography ant-typography-secondary css-dev-only-do-not-override-151uw82 css-var-root"[39m
                          [36m>[39m
                            [0m / month[0m
                          [36m</span>[39m
                        [36m</span>[39m
                      [36m</td>[39m
                    [36m</tr>[39m
                    [36m<tr[39m
                      [33mclass[39m=[32m"ant-descriptions-row"[39m
                    [36m>[39m
                      [36m<th[39m
                        [33mclass[39m=[32m"ant-descriptions-item-label"[39m
                        [33mcolspan[39m=[32m"1"[39m
                      [36m>[39m
                        [36m<span>[39m
                          [0mNext Billing Date[0m
                        [36m</span>[39m
                      [36m</th>[39m
                      [36m<td[39m
                        [33mclass[39m=[32m"ant-descriptions-item-content"[39m
                        [33mcolspan[39m=[32m"1"[39m
                      [36m>[39m
                        [36m<span>[39m
                          [0mDecember 31, 2024[0m
                        [36m</span>[39m
                      [36m</td>[39m
                    [36m</tr>[39m
                    [36m<tr[39m
                      [33mclass[39m=[32m"ant-descriptions-row"[39m
                    [36m>[39m
                      [36m<th[39m
                        [33mclass[39m=[32m"ant-descriptions-item-label"[39m
                        [33mcolspan[39m=[32m"1"[39m
                      [36m>[39m
                        [36m<span>[39m
                          [0mBilling Amount[0m
                        [36m</span>[39m
                      [36m</th>[39m
                      [36m<td[39m
                        [33mclass[39m=[32m"ant-descriptions-item-content"[39m
                        [33mcolspan[39m=[32m"1"[39m
                      [36m>[39m
                        [36m<span>[39m
                          [36m<span[39m
                            [33mclass[39m=[32m"ant-typography css-dev-only-do-not-override-151uw82 css-var-root"[39m
                          [36m>[39m
                            [36m<strong>[39m
                              [0m$9.99[0m
                            [36m</strong>[39m
                          [36m</span>[39m
                        [36m</span>[39m
                      [36m</td>[39m
                    [36m</tr>[39m
                  [36m</tbody>[39m
                [36m</table>[39m
              [36m</div>[39m
            [36m</div>[39m
          [36m</div>[39m
          [36m<div[39m
            [33mclass[39m=[32m"ant-space-item"[39m
          [36m>[39m
            [36m<div[39m
              [33mclass[39m=[32m"ant-space css-dev-only-do-not-override-151uw82 ant-space-horizontal ant-space-align-center ant-space-gap-row-small ant-space-gap-col-small css-var-root"[39m
            [36m>[39m
              [36m<div[39m
                [33mclass[39m=[32m"ant-space-item"[39m
              [36m>[39m
                [36m<button[39m
                  [33mclass[39m=[32m"ant-btn css-dev-only-do-not-override-151uw82 css-var-root ant-btn-default ant-btn-dangerous ant-btn-color-dangerous ant-btn-variant-outlined"[39m
                  [33mtype[39m=[32m"button"[39m
                [36m>[39m
                  [36m<span>[39m
                    [0mCancel Subscription[0m
                  [36m</span>[39m
                [36m</button>[39m
              [36m</div>[39m
            [36m</div>[39m
          [36m</div>[39m
        [36m</div>[39m
      [36m</div>[39m
    [36m</div>[39m
  [36m</div>[39m
  [36m<div>[39m
    [36m<div[39m
      [33mclass[39m=[32m"ant-modal-root css-dev-only-do-not-override-151uw82 css-var-root ant-modal-css-var"[39m
    [36m>[39m
      [36m<div[39m
        [33mclass[39m=[32m"ant-modal-mask"[39m
      [36m/>[39m
      [36m<div[39m
        [33mclass[39m=[32m"ant-modal-wrap"[39m
      [36m>[39m
        [36m<div[39m
          [33maria-labelledby[39m=[32m"test-id"[39m
          [33maria-modal[39m=[32m"true"[39m
          [33mclass[39m=[32m"ant-modal css-dev-only-do-not-override-151uw82"[39m
          [33mrole[39m=[32m"dialog"[39m
          [33mstyle[39m=[32m"width: 520px;"[39m
          [33mtabindex[39m=[32m"-1"[39m
        [36m>[39m
          [36m<div[39m
            [33mclass[39m=[32m"ant-modal-container"[39m
          [36m>[39m
            [36m<button[39m
              [33maria-label[39m=[32m"Close"[39m
              [33mclass[39m=[32m"ant-modal-close"[39m
              [33mtype[39m=[32m"button"[39m
            [36m>[39m
              [36m<span[39m
                [33maria-label[39m=[32m"Close"[39m
                [33mclass[39m=[32m"ant-modal-close-x"[39m
              [36m>[39m
                [36m<span[39m
                  [33maria-label[39m=[32m"close"[39m
                  [33mclass[39m=[32m"anticon anticon-close ant-modal-close-icon"[39m
                  [33mrole[39m=[32m"img"[39m
                [36m>[39m
                  [36m<svg[39m
                    [33maria-hidden[39m=[32m"true"[39m
                    [33mdata-icon[39m=[32m"close"[39m
                    [33mfill[39m=[32m"currentColor"[39m
                    [33mfill-rule[39m=[32m"evenodd"[39m
                    [33mfocusable[39m=[32m"false"[39m
                    [33mheight[39m=[32m"1em"[39m
                    [33mviewBox[39m=[32m"64 64 896 896"[39m
                    [33mwidth[39m=[32m"1em"[39m
                  [36m>[39m
                    [36m<path[39m
                      [33md[39m=[32m"M799.86 166.31c.02 0 .04.02.08.06l57.69 57.7c.04.03.05.05.06.08a.12.12 0 010 .06c0 .03-.02.05-.06.09L569.93 512l287.7 287.7c.04.04.05.06.06.09a.12.12 0 010 .07c0 .02-.02.04-.06.08l-57.7 57.69c-.03.04-.05.05-.07.06a.12.12 0 01-.07 0c-.03 0-.05-.02-.09-.06L512 569.93l-287.7 287.7c-.04.04-.06.05-.09.06a.12.12 0 01-.07 0c-.02 0-.04-.02-.08-.06l-57.69-57.7c-.04-.03-.05-.05-.06-.07a.12.12 0 010-.07c0-.03.02-.05.06-.09L454.07 512l-287.7-287.7c-.04-.04-.05-.06-.06-.09a.12.12 0 010-.07c0-.02.02-.04.06-.08l57.7-57.69c.03-.04.05-.05.07-.06a.12.12 0 01.07 0c.03 0 .05.02.09.06L512 454.07l287.7-287.7c.04-.04.06-.05.09-.06a.12.12 0 01.07 0z"[39m
                    [36m/>[39m
                  [36m</svg>[39m
                [36m</span>[39m
              [36m</span>[39m
            [36m</button>[39m
            [36m<div[39m
              [33mclass[39m=[32m"ant-modal-header"[39m
            [36m>[39m
              [36m<div[39m
                [33mclass[39m=[32m"ant-modal-title"[39m
                [33mid[39m=[32m"test-id"[39m
              [36m>[39m
                [36m<div[39m
                  [33mclass[39m=[32m"ant-space css-dev-only-do-not-override-151uw82 ant-space-horizontal ant-space-align-center ant-space-gap-row-small ant-space-gap-col-small css-var-root"[39m
                [36m>[39m
                  [36m<div[39m
                    [33mclass[39m=[32m"ant-space-item"[39m
                  [36m>[39m
                    [36m<span[39m
                      [33maria-label[39m=[32m"exclamation-circle"[39m
                      [33mclass[39m=[32m"anticon anticon-exclamation-circle"[39m
                      [33mrole[39m=[32m"img"[39m
                      [33mstyle[39m=[32m"color: rgb(250, 173, 20);"[39m
                    [36m>[39m
                      [36m<svg[39m
                        [33maria-hidden[39m=[32m"true"[39m
                        [33mdata-icon[39m=[32m"exclamation-circle"[39m
                        [33mfill[39m=[32m"currentColor"[39m
                        [33mfocusable[39m=[32m"false"[39m
                        [33mheight[39m=[32m"1em"[39m
                        [33mviewBox[39m=[32m"64 64 896 896"[39m
                        [33mwidth[39m=[32m"1em"[39m
                      [36m>[39m
                        [36m<path[39m
                          [33md[39m=[32m"M512 64C264.6 64 64 264.6 64 512s200.6 448 448 448 448-200.6 448-448S759.4 64 512 64zm0 820c-205.4 0-372-166.6-372-372s166.6-372 372-372 372 166.6 372 372-166.6 372-372 372z"[39m
                        [36m/>[39m
                        [36m<path[39m
                          [33md[39m=[32m"M464 688a48 48 0 1096 0 48 48 0 10-96 0zm24-112h48c4.4 0 8-3.6 8-8V296c0-4.4-3.6-8-8-8h-48c-4.4 0-8 3.6-8 8v272c0 4.4 3.6 8 8 8z"[39m
                        [36m/>[39m
                      [36m</svg>[39m
                    [36m</span>[39m
                  [36m</div>[39m
                  [36m<div[39m
                    [33mclass[39m=[32m"ant-space-item"[39m
                  [36m>[39m
                    [36m<span>[39m
                      [0mCancel Subscription[0m
                    [36m</span>[39m
                  [36m</div>[39m
                [36m</div>[39m
              [36m</div>[39m
            [36m</div>[39m
            [36m<div[39m
              [33mclass[39m=[32m"ant-modal-body"[39m
            [36m>[39m
              [36m<div[39m
                [33mclass[39m=[32m"ant-space css-dev-only-do-not-override-151uw82 ant-space-vertical ant-space-gap-row-middle ant-space-gap-col-middle css-var-root"[39m
              [36m>[39m
                [36m<div[39m
                  [33mclass[39m=[32m"ant-space-item"[39m
                [36m>[39m
                  [36m<span[39m
                    [33mclass[39m=[32m"ant-typography css-dev-only-do-not-override-151uw82 css-var-root"[39m
                  [36m>[39m
                    [0mAre you sure you want to cancel your subscription? You will continue to have access until the end of your current billing period.[0m
                  [36m</span>[39m
                [36m</div>[39m
                [36m<div[39m
                  [33mclass[39m=[32m"ant-space-item"[39m
                [36m>[39m
                  [36m<div[39m
                    [33mclass[39m=[32m"ant-alert ant-alert-info css-var-root css-dev-only-do-not-override-151uw82"[39m
                    [33mdata-show[39m=[32m"true"[39m
                    [33mrole[39m=[32m"alert"[39m
                  [36m>[39m
                    [36m<span[39m
                      [33mclass[39m=[32m"ant-alert-icon"[39m
                    [36m>[39m
                      [36m<span[39m
                        [33maria-label[39m=[32m"info-circle"[39m
                        [33mclass[39m=[32m"anticon anticon-info-circle"[39m
                        [33mrole[39m=[32m"img"[39m
                      [36m>[39m
                        [36m<svg[39m
                          [33maria-hidden[39m=[32m"true"[39m
                          [33mdata-icon[39m=[32m"info-circle"[39m
                          [33mfill[39m=[32m"currentColor"[39m
                          [33mfocusable[39m=[32m"false"[39m
                          [33mheight[39m=[32m"1em"[39m
                          [33mviewBox[39m=[32m"64 64 896 896"[39m
                          [33mwidth[39m=[32m"1em"[39m
                        [36m>[39m
                          [36m<path[39m
                            [33md[39m=[32m"M512 64C264.6 64 64 264.6 64 512s200.6 448 448 448 448-200.6 448-448S759.4 64 512 64zm32 664c0 4.4-3.6 8-8 8h-48c-4.4 0-8-3.6-8-8V456c0-4.4 3.6-8 8-8h48c4.4 0 8 3.6 8 8v272zm-32-344a48.01 48.01 0 010-96 48.01 48.01 0 010 96z"[39m
                          [36m/>[39m
                        [36m</svg>[39m
                      [36m</span>[39m
                    [36m</span>[39m
                    [36m<div[39m
                      [33mclass[39m=[32m"ant-alert-section"[39m
                    [36m>[39m
                      [36m<div[39m
                        [33mclass[39m=[32m"ant-alert-title"[39m
                      [36m>[39m
                        [0mYour subscription will remain active until December 31, 2024[0m
                      [36m</div>[39m
                    [36m</div>[39m
                  [36m</div>[39m
                [36m</div>[39m
              [36m</div>[39m
            [36m</div>[39m
            [36m<div[39m
              [33mclass[39m=[32m"ant-modal-footer"[39m
            [36m>[39m
              [36m<button[39m
                [33mclass[39m=[32m"ant-btn css-dev-only-do-not-override-151uw82 css-var-root ant-btn-default ant-btn-color-default ant-btn-variant-outlined"[39m
                [33mtype[39m=[32m"button"[39m
              [36m>[39m
                [36m<span>[39m
                  [0mKeep Subscription[0m
                [36m</span>[39m
              [36m</button>[39m
              [36m<button[39m
                [33mclass[39m=[32m"ant-btn css-dev-only-do-not-override-151uw82 css-var-root ant-btn-primary ant-btn-dangerous ant-btn-color-dangerous ant-btn-variant-solid"[39m
                [33mtype[39m=[32m"button"[39m
              [36m>[39m
                [36m<span>[39m
                  [0mYes, Cancel Subscription[0m
                [36m</span>[39m
              [36m</button>[39m
            [36m</div>[39m
          [36m</div>[39m
        [36m</div>[39m
      [36m</div>[39m
    [36m</div>[39m
  [36m</div>[39m
[36m</body>[39m

Ignored nodes: comments, script, style
[36m<html>[39m
  [36m<head />[39m
  [36m<body>[39m
    [36m<div>[39m
      [36m<div[39m
        [33mclass[39m=[32m"ant-card ant-card-bordered css-dev-only-do-not-override-151uw82 css-var-root"[39m
      [36m>[39m
        [36m<div[39m
          [33mclass[39m=[32m"ant-card-body"[39m
        [36m>[39m
          [36m<div[39m
            [33mclass[39m=[32m"ant-space css-dev-only-do-not-override-151uw82 ant-space-vertical ant-space-gap-row-large ant-space-gap-col-large css-var-root"[39m
            [33mstyle[39m=[32m"width: 100%;"[39m
          [36m>[39m
            [36m<div[39m
              [33mclass[39m=[32m"ant-space-item"[39m
            [36m>[39m
              [36m<div>[39m
                [36m<h4[39m
                  [33mclass[39m=[32m"ant-typography css-dev-only-do-not-override-151uw82 css-var-root"[39m
                [36m>[39m
                  [0mCurrent Subscription[0m
                [36m</h4>[39m
              [36m</div>[39m
            [36m</div>[39m
            [36m<div[39m
              [33mclass[39m=[32m"ant-space-item"[39m
            [36m>[39m
              [36m<div[39m
                [33mclass[39m=[32m"ant-descriptions ant-descriptions-bordered css-dev-only-do-not-override-151uw82 css-var-root"[39m
              [36m>[39m
                [36m<div[39m
                  [33mclass[39m=[32m"ant-descriptions-view"[39m
                [36m>[39m
                  [36m<table>[39m
                    [36m<tbody>[39m
                      [36m<tr[39m
                        [33mclass[39m=[32m"ant-descriptions-row"[39m
                      [36m>[39m
                        [36m<th[39m
                          [33mclass[39m=[32m"ant-descriptions-item-label"[39m
                          [33mcolspan[39m=[32m"1"[39m
                        [36m>[39m
                          [36m<span>[39m
                            [0mPlan[0m
                          [36m</span>[39m
                        [36m</th>[39m
                        [36m<td[39m
                          [33mclass[39m=[32m"ant-descriptions-item-content"[39m
                          [33mcolspan[39m=[32m"1"[39m
                        [36m>[39m
                          [36m<span>[39m
                            [36m<span[39m
                              [33mclass[39m=[32m"ant-typography css-dev-only-do-not-override-151uw82 css-var-root"[39m
                            [36m>[39m
                              [36m<strong>[39m
                                [0mBasic Plan[0m
                              [36m</strong>[39m
                            [36m</span>[39m
                          [36m</span>[39m
                        [36m</td>[39m
                      [36m</tr>[39m
                      [36m<tr[39m
                        [33mclass[39m=[32m"ant-descriptions-row"[39m
                      [36m>[39m
                        [36m<th[39m
                          [33mclass[39m=[32m"ant-descriptions-item-label"[39m
                          [33mcolspan[39m=[32m"1"[39m
                        [36m>[39m
                          [36m<span>[39m
                            [0mStatus[0m
                          [36m</span>[39m
                        [36m</th>[39m
                        [36m<td[39m
                          [33mclass[39m=[32m"ant-descriptions-item-content"[39m
                          [33mcolspan[39m=[32m"1"[39m
                        [36m>[39m
                          [36m<span>[39m
                            [36m<span[39m
                              [33mclass[39m=[32m"ant-badge ant-badge-status ant-badge-not-a-wrapper css-dev-only-do-not-override-151uw82 css-var-root"[39m
                            [36m>[39m
                              [36m<span[39m
                                [33mclass[39m=[32m"ant-badge-status-dot ant-badge-status-success"[39m
                              [36m/>[39m
                              [36m<span[39m
                                [33mclass[39m=[32m"ant-badge-status-text"[39m
                              [36m>[39m
                                [0mActive[0m
                              [36m</span>[39m
                            [36m</span>[39m
                          [36m</span>[39m
                        [36m</td>[39m
                      [36m</tr>[39m
                      [36m<tr[39m
                        [33mclass[39m=[32m"ant-descriptions-row"[39m
                      [36m>[39m
                        [36m<th[39m
                          [33mclass[39m=[32m"ant-descriptions-item-label"[39m
                          [33mcolspan[39m=[32m"1"[39m
                        [36m>[39m
                          [36m<span>[39m
                            [0mAmount[0m
                          [36m</span>[39m
                        [36m</th>[39m
                        [36m<td[39m
                          [33mclass[39m=[32m"ant-descriptions-item-content"[39m
                          [33mcolspan[39m=[32m"1"[39m
                        [36m>[39m
                          [36m<span>[39m
                            [36m<span[39m
                              [33mclass[39m=[32m"ant-typography css-dev-only-do-not-override-151uw82 css-var-root"[39m
                            [36m>[39m
                              [36m<strong>[39m
                                [0m$9.99[0m
                              [36m</strong>[39m
                            [36m</span>[39m
                            [36m<span[39m
                              [33mclass[39m=[32m"ant-typography ant-typography-secondary css-dev-only-do-not-override-151uw82 css-var-root"[39m
                            [36m>[39m
                              [0m / month[0m
                            [36m</span>[39m
                          [36m</span>[39m
                        [36m</td>[39m
                      [36m</tr>[39m
                      [36m<tr[39m
                        [33mclass[39m=[32m"ant-descriptions-row"[39m
                      [36m>[39m
                        [36m<th[39m
                          [33mclass[39m=[32m"ant-descriptions-item-label"[39m
                          [33mcolspan[39m=[32m"1"[39m
                        [36m>[39m
                          [36m<span>[39m
                            [0mNext Billing Date[0m
                          [36m</span>[39m
                        [36m</th>[39m
                        [36m<td[39m
                          [33mclass[39m=[32m"ant-descriptions-item-content"[39m
                          [33mcolspan[39m=[32m"1"[39m
                        [36m>[39m
                          [36m<span>[39m
                            [0mDecember 31, 2024[0m
              ...
[90m [2m❯[22m Proxy.waitForWrapper node_modules/@testing-library/dom/dist/wait-for.js:[2m163:27[22m[39m
[36m [2m❯[22m src/components/subscription/SubscriptionManager.test.tsx:[2m169:15[22m[39m
    [90m167|[39m         [35mawait[39m user[33m.[39m[34mclick[39m(cancelButton)[33m;[39m
    [90m168|[39m
    [90m169|[39m         [35mawait[39m [34mwaitFor[39m(() [33m=>[39m {
    [90m   |[39m               [31m^[39m
    [90m170|[39m             expect(screen.getByText('Cancel Subscription')).toBeInTheD…
    [90m171|[39m         })[33m;[39m

[31m[2m⎯⎯⎯⎯⎯⎯⎯⎯⎯⎯⎯⎯⎯⎯⎯⎯⎯⎯⎯⎯⎯⎯[11/12]⎯[22m[39m

[41m[1m FAIL [22m[49m src/components/subscription/SubscriptionPlans.test.tsx[2m > [22mSubscriptionPlans[2m > [22mshould highlight current plan
[31m[1mTestingLibraryElementError[22m[39m: Found multiple elements with the text: Current

Here are the matching elements:

Ignored nodes: comments, script, style
[36m<span[39m
  [33mclass[39m=[32m"ant-ribbon-content"[39m
[36m>[39m
  [0mCurrent[0m
[36m</span>[39m

Ignored nodes: comments, script, style
[36m<span[39m
  [33mclass[39m=[32m"ant-ribbon-content"[39m
[36m>[39m
  [0mCurrent[0m
[36m</span>[39m

(If this is intentional, then use the `*AllBy*` variant of the query (like `queryAllByText`, `getAllByText`, or `findAllByText`)).

Ignored nodes: comments, script, style
[36m<body>[39m
  [36m<div>[39m
    [36m<div[39m
      [33mstyle[39m=[32m"padding: 24px;"[39m
    [36m>[39m
      [36m<h2[39m
        [33mclass[39m=[32m"ant-typography css-dev-only-do-not-override-151uw82 css-var-root"[39m
        [33mstyle[39m=[32m"text-align: center; margin-bottom: 32px;"[39m
      [36m>[39m
        [0mChoose Your Plan[0m
      [36m</h2>[39m
      [36m<div[39m
        [33mclass[39m=[32m"ant-row ant-row-center css-dev-only-do-not-override-151uw82 css-var-root"[39m
        [33mstyle[39m=[32m"margin-inline: -12px;"[39m
      [36m>[39m
        [36m<div[39m
          [33mclass[39m=[32m"ant-col ant-col-xs-24 ant-col-sm-12 ant-col-lg-8 css-dev-only-do-not-override-151uw82 css-var-root"[39m
          [33mstyle[39m=[32m"padding-inline: 12px;"[39m
        [36m>[39m
          [36m<div[39m
            [33mclass[39m=[32m"ant-ribbon-wrapper css-dev-only-do-not-override-151uw82 css-var-root"[39m
          [36m>[39m
            [36m<div[39m
              [33mclass[39m=[32m"ant-card ant-card-bordered css-dev-only-do-not-override-151uw82 css-var-root"[39m
              [33mstyle[39m=[32m"text-align: center; border-color: rgb(82, 196, 26); margin-bottom: 16px;"[39m
            [36m>[39m
              [36m<div[39m
                [33mclass[39m=[32m"ant-card-body"[39m
              [36m>[39m
                [36m<span[39m
                  [33maria-label[39m=[32m"crown"[39m
                  [33mclass[39m=[32m"anticon anticon-crown"[39m
                  [33mrole[39m=[32m"img"[39m
                  [33mstyle[39m=[32m"font-size: 32px; color: rgb(250, 173, 20); margin-bottom: 16px;"[39m
                [36m>[39m
                  [36m<svg[39m
                    [33maria-hidden[39m=[32m"true"[39m
                    [33mdata-icon[39m=[32m"crown"[39m
                    [33mfill[39m=[32m"currentColor"[39m
                    [33mfocusable[39m=[32m"false"[39m
                    [33mheight[39m=[32m"1em"[39m
                    [33mviewBox[39m=[32m"64 64 896 896"[39m
                    [33mwidth[39m=[32m"1em"[39m
                  [36m>[39m
                    [36m<path[39m
                      [33md[39m=[32m"M899.6 276.5L705 396.4 518.4 147.5a8.06 8.06 0 00-12.9 0L319 396.4 124.3 276.5c-5.7-3.5-13.1 1.2-12.2 7.9L188.5 865c1.1 7.9 7.9 14 16 14h615.1c8 0 14.9-6 15.9-14l76.4-580.6c.8-6.7-6.5-11.4-12.3-7.9zm-126 534.1H250.3l-53.8-409.4 139.8 86.1L512 252.9l175.7 234.4 139.8-86.1-53.9 409.4zM512 509c-62.1 0-112.6 50.5-112.6 112.6S449.9 734.2 512 734.2s112.6-50.5 112.6-112.6S574.1 509 512 509zm0 160.9c-26.6 0-48.2-21.6-48.2-48.3 0-26.6 21.6-48.3 48.2-48.3s48.2 21.6 48.2 48.3c0 26.6-21.6 48.3-48.2 48.3z"[39m
                    [36m/>[39m
                  [36m</svg>[39m
                [36m</span>[39m
                [36m<h3[39m
                  [33mclass[39m=[32m"ant-typography css-dev-only-do-not-override-151uw82 css-var-root"[39m
                [36m>[39m
                  [0mBasic[0m
                [36m</h3>[39m
                [36m<span[39m
                  [33mclass[39m=[32m"ant-typography ant-typography-secondary css-dev-only-do-not-override-151uw82 css-var-root"[39m
                [36m>[39m
                  [0mPerfect for individuals[0m
                [36m</span>[39m
                [36m<h2[39m
                  [33mclass[39m=[32m"ant-typography css-dev-only-do-not-override-151uw82 css-var-root"[39m
                  [33mstyle[39m=[32m"margin-top: 16px; margin-bottom: 8px;"[39m
                [36m>[39m
                  [0m$9.99[0m
                  [36m<span[39m
                    [33mclass[39m=[32m"ant-typography ant-typography-secondary css-dev-only-do-not-override-151uw82 css-var-root"[39m
                    [33mstyle[39m=[32m"font-size: 16px;"[39m
                  [36m>[39m
                    [0m/[0m
                    [0mmonth[0m
                  [36m</span>[39m
                [36m</h2>[39m
                [36m<div[39m
                  [33mclass[39m=[32m"ant-list ant-list-split css-dev-only-do-not-override-151uw82 css-var-root"[39m
                  [33mstyle[39m=[32m"margin-bottom: 24px;"[39m
                [36m>[39m
                  [36m<div[39m
                    [33maria-busy[39m=[32m"false"[39m
                    [33maria-live[39m=[32m"polite"[39m
                    [33mclass[39m=[32m"ant-spin css-dev-only-do-not-override-151uw82 css-var-root"[39m
                  [36m>[39m
                    [36m<div[39m
                      [33mclass[39m=[32m"ant-spin-container"[39m
                    [36m>[39m
                      [36m<ul[39m
                        [33mclass[39m=[32m"ant-list-items ant-list-container css-var-root"[39m
                      [36m>[39m
                        [36m<li[39m
                          [33mclass[39m=[32m"ant-list-item ant-list-item-no-flex"[39m
                          [33mstyle[39m=[32m"justify-content: center; border: medium; padding: 8px;"[39m
                        [36m>[39m
                          [36m<span[39m
                            [33maria-label[39m=[32m"check"[39m
                            [33mclass[39m=[32m"anticon anticon-check"[39m
                            [33mrole[39m=[32m"img"[39m
                            [33mstyle[39m=[32m"color: rgb(82, 196, 26); margin-right: 8px;"[39m
                          [36m>[39m
                            [36m<svg[39m
                              [33maria-hidden[39m=[32m"true"[39m
                              [33mdata-icon[39m=[32m"check"[39m
                              [33mfill[39m=[32m"currentColor"[39m
                              [33mfocusable[39m=[32m"false"[39m
                              [33mheight[39m=[32m"1em"[39m
                              [33mviewBox[39m=[32m"64 64 896 896"[39m
                              [33mwidth[39m=[32m"1em"[39m
                            [36m>[39m
                              [36m<path[39m
                                [33md[39m=[32m"M912 190h-69.9c-9.8 0-19.1 4.5-25.1 12.2L404.7 724.5 207 474a32 32 0 00-25.1-12.2H112c-6.7 0-10.4 7.7-6.3 12.9l273.9 347c12.8 16.2 37.4 16.2 50.3 0l488.4-618.9c4.1-5.1.4-12.8-6.3-12.8z"[39m
                              [36m/>[39m
                            [36m</svg>[39m
                          [36m</span>[39m
                          [0mFeature 1[0m
                        [36m</li>[39m
                        [36m<li[39m
                          [33mclass[39m=[32m"ant-list-item ant-list-item-no-flex"[39m
                          [33mstyle[39m=[32m"justify-content: center; border: medium; padding: 8px;"[39m
                        [36m>[39m
                          [36m<span[39m
                            [33maria-label[39m=...

Ignored nodes: comments, script, style
[36m<html>[39m
  [36m<head />[39m
  [36m<body>[39m
    [36m<div>[39m
      [36m<div[39m
        [33mstyle[39m=[32m"padding: 24px;"[39m
      [36m>[39m
        [36m<h2[39m
          [33mclass[39m=[32m"ant-typography css-dev-only-do-not-override-151uw82 css-var-root"[39m
          [33mstyle[39m=[32m"text-align: center; margin-bottom: 32px;"[39m
        [36m>[39m
          [0mChoose Your Plan[0m
        [36m</h2>[39m
        [36m<div[39m
          [33mclass[39m=[32m"ant-row ant-row-center css-dev-only-do-not-override-151uw82 css-var-root"[39m
          [33mstyle[39m=[32m"margin-inline: -12px;"[39m
        [36m>[39m
          [36m<div[39m
            [33mclass[39m=[32m"ant-col ant-col-xs-24 ant-col-sm-12 ant-col-lg-8 css-dev-only-do-not-override-151uw82 css-var-root"[39m
            [33mstyle[39m=[32m"padding-inline: 12px;"[39m
          [36m>[39m
            [36m<div[39m
              [33mclass[39m=[32m"ant-ribbon-wrapper css-dev-only-do-not-override-151uw82 css-var-root"[39m
            [36m>[39m
              [36m<div[39m
                [33mclass[39m=[32m"ant-card ant-card-bordered css-dev-only-do-not-override-151uw82 css-var-root"[39m
                [33mstyle[39m=[32m"text-align: center; border-color: rgb(82, 196, 26); margin-bottom: 16px;"[39m
              [36m>[39m
                [36m<div[39m
                  [33mclass[39m=[32m"ant-card-body"[39m
                [36m>[39m
                  [36m<span[39m
                    [33maria-label[39m=[32m"crown"[39m
                    [33mclass[39m=[32m"anticon anticon-crown"[39m
                    [33mrole[39m=[32m"img"[39m
                    [33mstyle[39m=[32m"font-size: 32px; color: rgb(250, 173, 20); margin-bottom: 16px;"[39m
                  [36m>[39m
                    [36m<svg[39m
                      [33maria-hidden[39m=[32m"true"[39m
                      [33mdata-icon[39m=[32m"crown"[39m
                      [33mfill[39m=[32m"currentColor"[39m
                      [33mfocusable[39m=[32m"false"[39m
                      [33mheight[39m=[32m"1em"[39m
                      [33mviewBox[39m=[32m"64 64 896 896"[39m
                      [33mwidth[39m=[32m"1em"[39m
                    [36m>[39m
                      [36m<path[39m
                        [33md[39m=[32m"M899.6 276.5L705 396.4 518.4 147.5a8.06 8.06 0 00-12.9 0L319 396.4 124.3 276.5c-5.7-3.5-13.1 1.2-12.2 7.9L188.5 865c1.1 7.9 7.9 14 16 14h615.1c8 0 14.9-6 15.9-14l76.4-580.6c.8-6.7-6.5-11.4-12.3-7.9zm-126 534.1H250.3l-53.8-409.4 139.8 86.1L512 252.9l175.7 234.4 139.8-86.1-53.9 409.4zM512 509c-62.1 0-112.6 50.5-112.6 112.6S449.9 734.2 512 734.2s112.6-50.5 112.6-112.6S574.1 509 512 509zm0 160.9c-26.6 0-48.2-21.6-48.2-48.3 0-26.6 21.6-48.3 48.2-48.3s48.2 21.6 48.2 48.3c0 26.6-21.6 48.3-48.2 48.3z"[39m
                      [36m/>[39m
                    [36m</svg>[39m
                  [36m</span>[39m
                  [36m<h3[39m
                    [33mclass[39m=[32m"ant-typography css-dev-only-do-not-override-151uw82 css-var-root"[39m
                  [36m>[39m
                    [0mBasic[0m
                  [36m</h3>[39m
                  [36m<span[39m
                    [33mclass[39m=[32m"ant-typography ant-typography-secondary css-dev-only-do-not-override-151uw82 css-var-root"[39m
                  [36m>[39m
                    [0mPerfect for individuals[0m
                  [36m</span>[39m
                  [36m<h2[39m
                    [33mclass[39m=[32m"ant-typography css-dev-only-do-not-override-151uw82 css-var-root"[39m
                    [33mstyle[39m=[32m"margin-top: 16px; margin-bottom: 8px;"[39m
                  [36m>[39m
                    [0m$9.99[0m
                    [36m<span[39m
                      [33mclass[39m=[32m"ant-typography ant-typography-secondary css-dev-only-do-not-override-151uw82 css-var-root"[39m
                      [33mstyle[39m=[32m"font-size: 16px;"[39m
                    [36m>[39m
                      [0m/[0m
                      [0mmonth[0m
                    [36m</span>[39m
                  [36m</h2>[39m
                  [36m<div[39m
                    [33mclass[39m=[32m"ant-list ant-list-split css-dev-only-do-not-override-151uw82 css-var-root"[39m
                    [33mstyle[39m=[32m"margin-bottom: 24px;"[39m
                  [36m>[39m
                    [36m<div[39m
                      [33maria-busy[39m=[32m"false"[39m
                      [33maria-live[39m=[32m"polite"[39m
                      [33mclass[39m=[32m"ant-spin css-dev-only-do-not-override-151uw82 css-var-root"[39m
                    [36m>[39m
                      [36m<div[39m
                        [33mclass[39m=[32m"ant-spin-container"[39m
                      [36m>[39m
                        [36m<ul[39m
                          [33mclass[39m=[32m"ant-list-items ant-list-container css-var-root"[39m
                        [36m>[39m
                          [36m<li[39m
                            [33mclass[39m=[32m"ant-list-item ant-list-item-no-flex"[39m
                            [33mstyle[39m=[32m"justify-content: center; border: medium; padding: 8px;"[39m
                          [36m>[39m
                            [36m<span[39m
                              [33maria-label[39m=[32m"check"[39m
                              [33mclass[39m=[32m"anticon anticon-check"[39m
                              [33mrole[39m=[32m"img"[39m
                              [33mstyle[39m=[32m"color: rgb(82, 196, 26); margin-right: 8px;"[39m
                            [36m>[39m
                              [36m<svg[39m
                                [33maria-hidden[39m=[32m"true"[39m
                                [33mdata-icon[39m=[32m"check"[39m
                                [33mfill[39m=[32m"currentColor"[39m
                                [33mfocusable[39m=[32m"false"[39m
                                [33mheight[39m=[32m"1em"[39m
                                [33mviewBox[39m=[32m"64 64 896 896"[39m
                                [33mwidth[39m=[32m"1em"[39m
                              [36m>[39m
                                [36m<path[39m
                                  [33md[39m=[32m"M912 190h-69.9c-9.8 0-19.1 4.5-25.1 12.2L404.7 724.5 207 474a32 32 0 00-25.1-12.2H112c-6.7 0-10.4 7.7-6.3 12.9l273.9 347c12.8 16.2 37.4 16.2 50.3 0l488.4-618.9c4.1-5.1.4-12.8-6.3-12.8z"[39m
                                [36m/>[39m
                              [36m</svg>[39m
                            [36m</span>[39m
                            [0mFeature 1[0m
                          [36m</li>[39m
                          [36m<li[39m
                            [33mclass[39m=[32m"ant-list-it...
[90m [2m❯[22m Proxy.waitForWrapper node_modules/@testing-library/dom/dist/wait-for.js:[2m163:27[22m[39m
[36m [2m❯[22m src/components/subscription/SubscriptionPlans.test.tsx:[2m134:15[22m[39m
    [90m132|[39m         )[33m;[39m
    [90m133|[39m
    [90m134|[39m         [35mawait[39m [34mwaitFor[39m(() [33m=>[39m {
    [90m   |[39m               [31m^[39m
    [90m135|[39m             [34mexpect[39m(screen[33m.[39m[34mgetByText[39m([32m'Current'[39m))[33m.[39m[34mtoBeInTheDocument[39m()[33m;[39m
    [90m136|[39m         })[33m;[39m

[31m[2m⎯⎯⎯⎯⎯⎯⎯⎯⎯⎯⎯⎯⎯⎯⎯⎯⎯⎯⎯⎯⎯⎯[12/12]⎯[22m[39m


[2m Test Files [22m [1m[31m7 failed[39m[22m[2m | [22m[1m[32m36 passed[39m[22m[90m (43)[39m
[2m      Tests [22m [1m[31m10 failed[39m[22m[2m | [22m[1m[32m307 passed[39m[22m[90m (317)[39m
[2m   Start at [22m 14:07:48
[2m   Duration [22m 17.01s[2m (transform 3.04s, setup 12.63s, import 81.42s, tests 70.50s, environment 38.84s)[22m

